
==========================================================================
Post synthesis report_tns
--------------------------------------------------------------------------
tns max -757877.62

==========================================================================
Post synthesis report_wns
--------------------------------------------------------------------------
wns max -1136.71

==========================================================================
Post synthesis report_worst_slack
--------------------------------------------------------------------------
worst slack max -1136.71

==========================================================================
Post synthesis report_clock_min_period
--------------------------------------------------------------------------
clk period_min = 1536.71 fmax = 650.74

==========================================================================
Post synthesis report_checks -path_delay min
--------------------------------------------------------------------------
Startpoint: comparator.cmp2_2[11]$_SDFFE_PN0P_
            (rising edge-triggered flip-flop clocked by clk)
Endpoint: comparator.cmp2_2[11]$_SDFFE_PN0P_
          (rising edge-triggered flip-flop clocked by clk)
Path Group: clk
Path Type: min

Fanout     Cap    Slew   Delay    Time   Description
-----------------------------------------------------------------------------
                  0.00    0.00    0.00   clock clk (rise edge)
                          0.00    0.00   clock network delay (ideal)
                  0.00    0.00    0.00 ^ comparator.cmp2_2[11]$_SDFFE_PN0P_/CLK (DFFHQNx1_ASAP7_75t_R)
     2    1.25   16.15   34.68   34.68 ^ comparator.cmp2_2[11]$_SDFFE_PN0P_/QN (DFFHQNx1_ASAP7_75t_R)
                                         _000160_ (net)
                 16.15    0.00   34.68 ^ _486845_/A1 (AOI21x1_ASAP7_75t_R)
     1    0.55    5.25    8.35   43.03 v _486845_/Y (AOI21x1_ASAP7_75t_R)
                                         _204337_ (net)
                  5.25    0.00   43.03 v comparator.cmp2_2[11]$_SDFFE_PN0P_/D (DFFHQNx1_ASAP7_75t_R)
                                 43.03   data arrival time

                  0.00    0.00    0.00   clock clk (rise edge)
                          0.00    0.00   clock network delay (ideal)
                          0.00    0.00   clock reconvergence pessimism
                                  0.00 ^ comparator.cmp2_2[11]$_SDFFE_PN0P_/CLK (DFFHQNx1_ASAP7_75t_R)
                          8.72    8.72   library hold time
                                  8.72   data required time
-----------------------------------------------------------------------------
                                  8.72   data required time
                                -43.03   data arrival time
-----------------------------------------------------------------------------
                                 34.31   slack (MET)



==========================================================================
Post synthesis report_checks -path_delay max
--------------------------------------------------------------------------
Startpoint: fully_connected.out_idx[0]$_DFF_P_
            (rising edge-triggered flip-flop clocked by clk)
Endpoint: comparator.buffer[3][11]$_SDFFCE_PN0P_
          (rising edge-triggered flip-flop clocked by clk)
Path Group: clk
Path Type: max

Fanout     Cap    Slew   Delay    Time   Description
-----------------------------------------------------------------------------
                  0.00    0.00    0.00   clock clk (rise edge)
                          0.00    0.00   clock network delay (ideal)
                  0.00    0.00    0.00 ^ fully_connected.out_idx[0]$_DFF_P_/CLK (DFFHQNx1_ASAP7_75t_R)
     6    5.68   37.82   48.64   48.64 v fully_connected.out_idx[0]$_DFF_P_/QN (DFFHQNx1_ASAP7_75t_R)
                                         _189110_ (net)
                 37.82    0.00   48.64 v _328350_/A (INVx1_ASAP7_75t_R)
     5    5.01   36.96   27.50   76.14 ^ _328350_/Y (INVx1_ASAP7_75t_R)
                                         fully_connected.out_idx[0] (net)
                 36.96    0.00   76.14 ^ _526439_/A (HAxp5_ASAP7_75t_R)
     4    4.20   51.11   29.16  105.30 v _526439_/CON (HAxp5_ASAP7_75t_R)
                                         _189118_ (net)
                 51.11    0.00  105.30 v _315727_/A (INVx1_ASAP7_75t_R)
     1    1.65   21.79   17.85  123.15 ^ _315727_/Y (INVx1_ASAP7_75t_R)
                                         _111807_ (net)
                 21.79    0.00  123.15 ^ _508704_/CI (FAx1_ASAP7_75t_R)
     4    2.78   61.86   55.33  178.48 ^ _508704_/SN (FAx1_ASAP7_75t_R)
                                         _111809_ (net)
                 61.86    0.00  178.48 ^ _321449_/A (INVx1_ASAP7_75t_R)
     9    9.71   57.93   42.60  221.08 v _321449_/Y (INVx1_ASAP7_75t_R)
                                         _111810_ (net)
                 57.93    0.00  221.08 v _528219_/B (HAxp5_ASAP7_75t_R)
     4    3.89   51.43   38.74  259.81 ^ _528219_/CON (HAxp5_ASAP7_75t_R)
                                         _194571_ (net)
                 51.43    0.00  259.81 ^ _377390_/A (NOR2x1_ASAP7_75t_R)
     5    4.95   37.01   30.11  289.93 v _377390_/Y (NOR2x1_ASAP7_75t_R)
                                         _216060_ (net)
                 37.01    0.00  289.93 v _377391_/A (INVx1_ASAP7_75t_R)
     4    4.26   32.93   24.93  314.86 ^ _377391_/Y (INVx1_ASAP7_75t_R)
                                         _216061_ (net)
                 32.93    0.00  314.86 ^ _377415_/A (NOR2x1_ASAP7_75t_R)
     2    2.16   20.42   17.80  332.66 v _377415_/Y (NOR2x1_ASAP7_75t_R)
                                         _216085_ (net)
                 20.42    0.00  332.66 v _377424_/A2 (OAI21x1_ASAP7_75t_R)
     4    4.42   33.28   20.83  353.49 ^ _377424_/Y (OAI21x1_ASAP7_75t_R)
                                         _216094_ (net)
                 33.28    0.00  353.49 ^ _377445_/B (NOR2x1_ASAP7_75t_R)
     9    7.02   41.50   29.52  383.02 v _377445_/Y (NOR2x1_ASAP7_75t_R)
                                         _216115_ (net)
                 41.50    0.00  383.02 v _377456_/B (OAI21x1_ASAP7_75t_R)
     7    7.51   50.38   25.24  408.26 ^ _377456_/Y (OAI21x1_ASAP7_75t_R)
                                         _216126_ (net)
                 50.38    0.00  408.26 ^ _377598_/A (INVx1_ASAP7_75t_R)
     7    5.41   36.31   28.29  436.54 v _377598_/Y (INVx1_ASAP7_75t_R)
                                         _216268_ (net)
                 36.31    0.00  436.54 v _377599_/A (BUFx3_ASAP7_75t_R)
    10   10.44   20.90   29.11  465.65 v _377599_/Y (BUFx3_ASAP7_75t_R)
                                         _216269_ (net)
                 20.90    0.00  465.65 v _377600_/A (BUFx2_ASAP7_75t_R)
    10    9.29   25.93   28.63  494.28 v _377600_/Y (BUFx2_ASAP7_75t_R)
                                         _216270_ (net)
                 25.93    0.00  494.28 v _377827_/A (BUFx2_ASAP7_75t_R)
    10    5.49   17.03   25.30  519.58 v _377827_/Y (BUFx2_ASAP7_75t_R)
                                         _216466_ (net)
                 17.03    0.00  519.58 v _377828_/B (NAND2x1_ASAP7_75t_R)
     1    0.61    9.68    9.00  528.57 ^ _377828_/Y (NAND2x1_ASAP7_75t_R)
                                         _216467_ (net)
                  9.68    0.00  528.57 ^ _377832_/B (AND4x1_ASAP7_75t_R)
     1    1.08   12.55   22.63  551.20 ^ _377832_/Y (AND4x1_ASAP7_75t_R)
                                         _216471_ (net)
                 12.55    0.00  551.20 ^ _377833_/B (NAND2x1_ASAP7_75t_R)
     1    0.57    7.33    6.12  557.33 v _377833_/Y (NAND2x1_ASAP7_75t_R)
                                         _216472_ (net)
                  7.33    0.00  557.33 v _377846_/A (OR5x1_ASAP7_75t_R)
     1    0.52   10.24   24.41  581.74 v _377846_/Y (OR5x1_ASAP7_75t_R)
                                         _216485_ (net)
                 10.24    0.00  581.74 v _377876_/B (OR5x1_ASAP7_75t_R)
     3    1.69   16.56   32.67  614.41 v _377876_/Y (OR5x1_ASAP7_75t_R)
                                         _216515_ (net)
                 16.56    0.00  614.41 v _377877_/A (BUFx2_ASAP7_75t_R)
    10    5.54   16.87   22.80  637.22 v _377877_/Y (BUFx2_ASAP7_75t_R)
                                         _216516_ (net)
                 16.87    0.00  637.22 v _377889_/A (AND2x2_ASAP7_75t_R)
     1    1.65    8.13   19.11  656.32 v _377889_/Y (AND2x2_ASAP7_75t_R)
                                         _132419_ (net)
                  8.13    0.00  656.32 v _512657_/CI (FAx1_ASAP7_75t_R)
     1    0.68   19.39   26.66  682.98 v _512657_/SN (FAx1_ASAP7_75t_R)
                                         _132421_ (net)
                 19.39    0.00  682.98 v _332674_/A (INVx1_ASAP7_75t_R)
     1    2.24   17.87   13.87  696.85 ^ _332674_/Y (INVx1_ASAP7_75t_R)
                                         _132423_ (net)
                 17.87    0.00  696.85 ^ _512870_/B (FAx1_ASAP7_75t_R)
     1    0.68   20.18   29.21  726.05 v _512870_/SN (FAx1_ASAP7_75t_R)
                                         _133572_ (net)
                 20.18    0.00  726.05 v _318895_/A (INVx1_ASAP7_75t_R)
     1    2.24   18.05   14.10  740.16 ^ _318895_/Y (INVx1_ASAP7_75t_R)
                                         _132181_ (net)
                 18.05    0.00  740.16 ^ _512617_/B (FAx1_ASAP7_75t_R)
     1    0.68   20.19   29.26  769.42 v _512617_/SN (FAx1_ASAP7_75t_R)
                                         _132184_ (net)
                 20.19    0.00  769.42 v _332360_/A (INVx1_ASAP7_75t_R)
     1    2.24   18.06   14.11  783.53 ^ _332360_/Y (INVx1_ASAP7_75t_R)
                                         _132186_ (net)
                 18.06    0.00  783.53 ^ _512625_/B (FAx1_ASAP7_75t_R)
     1    0.68   20.26   29.26  812.79 v _512625_/SN (FAx1_ASAP7_75t_R)
                                         _132225_ (net)
                 20.26    0.00  812.79 v _390364_/A (INVx1_ASAP7_75t_R)
     1    2.24   18.07   14.12  826.91 ^ _390364_/Y (INVx1_ASAP7_75t_R)
                                         _132227_ (net)
                 18.07    0.00  826.91 ^ _512647_/B (FAx1_ASAP7_75t_R)
     1    0.68   20.27   29.27  856.18 v _512647_/SN (FAx1_ASAP7_75t_R)
                                         _132355_ (net)
                 20.27    0.00  856.18 v _308916_/A (INVx1_ASAP7_75t_R)
     1    1.65   15.08   12.27  868.45 ^ _308916_/Y (INVx1_ASAP7_75t_R)
                                         _132357_ (net)
                 15.08    0.00  868.45 ^ _514650_/CI (FAx1_ASAP7_75t_R)
     1    0.68   20.27   28.64  897.09 v _514650_/SN (FAx1_ASAP7_75t_R)
                                         _141340_ (net)
                 20.27    0.00  897.09 v _324832_/A (INVx1_ASAP7_75t_R)
     1    1.65   15.08   12.26  909.35 ^ _324832_/Y (INVx1_ASAP7_75t_R)
                                         _141342_ (net)
                 15.08    0.00  909.35 ^ _516106_/CI (FAx1_ASAP7_75t_R)
     1    0.68   20.27   28.64  937.99 v _516106_/SN (FAx1_ASAP7_75t_R)
                                         _147868_ (net)
                 20.27    0.00  937.99 v _393927_/A (INVx1_ASAP7_75t_R)
     1    2.24   18.07   14.12  952.11 ^ _393927_/Y (INVx1_ASAP7_75t_R)
                                         _147870_ (net)
                 18.07    0.00  952.11 ^ _516136_/B (FAx1_ASAP7_75t_R)
     1    0.68   20.27   29.27  981.38 v _516136_/SN (FAx1_ASAP7_75t_R)
                                         _147997_ (net)
                 20.27    0.00  981.38 v _393820_/A (INVx1_ASAP7_75t_R)
     1    1.65   15.08   12.27  993.65 ^ _393820_/Y (INVx1_ASAP7_75t_R)
                                         _147999_ (net)
                 15.08    0.00  993.65 ^ _519998_/CI (FAx1_ASAP7_75t_R)
     1    0.68   20.27   28.64 1022.29 v _519998_/SN (FAx1_ASAP7_75t_R)
                                         _165485_ (net)
                 20.27    0.00 1022.29 v _466147_/A (INVx1_ASAP7_75t_R)
     1    1.65   15.08   12.27 1034.55 ^ _466147_/Y (INVx1_ASAP7_75t_R)
                                         _165487_ (net)
                 15.08    0.00 1034.55 ^ _521061_/CI (FAx1_ASAP7_75t_R)
     1    0.68   20.27   28.64 1063.19 v _521061_/SN (FAx1_ASAP7_75t_R)
                                         _170029_ (net)
                 20.27    0.00 1063.19 v _394560_/A (INVx1_ASAP7_75t_R)
     1    1.65   15.08   12.27 1075.45 ^ _394560_/Y (INVx1_ASAP7_75t_R)
                                         _099034_ (net)
                 15.08    0.00 1075.45 ^ _506169_/CI (FAx1_ASAP7_75t_R)
     1    0.68   20.27   28.64 1104.09 v _506169_/SN (FAx1_ASAP7_75t_R)
                                         _099036_ (net)
                 20.27    0.00 1104.09 v _330942_/A (INVx1_ASAP7_75t_R)
     1    2.24   18.08   14.12 1118.22 ^ _330942_/Y (INVx1_ASAP7_75t_R)
                                         _099038_ (net)
                 18.08    0.00 1118.22 ^ _510026_/B (FAx1_ASAP7_75t_R)
     1    0.68   20.27   29.27 1147.49 v _510026_/SN (FAx1_ASAP7_75t_R)
                                         _118951_ (net)
                 20.27    0.00 1147.49 v _315945_/A (INVx1_ASAP7_75t_R)
     1    2.24   18.08   14.12 1161.61 ^ _315945_/Y (INVx1_ASAP7_75t_R)
                                         _118953_ (net)
                 18.08    0.00 1161.61 ^ _512787_/B (FAx1_ASAP7_75t_R)
     1    0.68   20.27   29.27 1190.88 v _512787_/SN (FAx1_ASAP7_75t_R)
                                         _133145_ (net)
                 20.27    0.00 1190.88 v _316254_/A (INVx1_ASAP7_75t_R)
     1    2.24   18.08   14.12 1205.01 ^ _316254_/Y (INVx1_ASAP7_75t_R)
                                         _133147_ (net)
                 18.08    0.00 1205.01 ^ _513807_/B (FAx1_ASAP7_75t_R)
     1    0.68   20.27   29.27 1234.28 v _513807_/SN (FAx1_ASAP7_75t_R)
                                         _137870_ (net)
                 20.27    0.00 1234.28 v _462708_/A (INVx1_ASAP7_75t_R)
     1    0.93   11.34    9.56 1243.84 ^ _462708_/Y (INVx1_ASAP7_75t_R)
                                         _137872_ (net)
                 11.34    0.00 1243.84 ^ _526580_/B (HAxp5_ASAP7_75t_R)
     1    0.65   13.03   20.69 1264.53 v _526580_/SN (HAxp5_ASAP7_75t_R)
                                         _189585_ (net)
                 13.03    0.00 1264.53 v _466372_/A2 (OA21x2_ASAP7_75t_R)
     1    0.62    6.13   17.81 1282.33 v _466372_/Y (OA21x2_ASAP7_75t_R)
                                         _271514_ (net)
                  6.13    0.00 1282.33 v _466373_/A1 (OA21x2_ASAP7_75t_R)
     1    1.08    7.26   16.61 1298.94 v _466373_/Y (OA21x2_ASAP7_75t_R)
                                         _271515_ (net)
                  7.26    0.00 1298.94 v _466374_/A2 (OAI21x1_ASAP7_75t_R)
     3    2.28   21.14   12.20 1311.13 ^ _466374_/Y (OAI21x1_ASAP7_75t_R)
                                         _271516_ (net)
                 21.14    0.00 1311.13 ^ _466376_/A (AND2x2_ASAP7_75t_R)
     1    0.68    6.51   16.20 1327.33 ^ _466376_/Y (AND2x2_ASAP7_75t_R)
                                         _271518_ (net)
                  6.51    0.00 1327.33 ^ _466377_/A (INVx1_ASAP7_75t_R)
     2    1.21    7.87    6.27 1333.61 v _466377_/Y (INVx1_ASAP7_75t_R)
                                         _271519_ (net)
                  7.87    0.00 1333.61 v _466378_/A (AND2x2_ASAP7_75t_R)
     2    1.72    8.09   16.20 1349.81 v _466378_/Y (AND2x2_ASAP7_75t_R)
                                         _271520_ (net)
                  8.09    0.00 1349.81 v _466379_/A1 (OA21x2_ASAP7_75t_R)
     4    2.95   12.39   20.23 1370.04 v _466379_/Y (OA21x2_ASAP7_75t_R)
                                         _271521_ (net)
                 12.39    0.00 1370.04 v _466387_/A1 (OA21x2_ASAP7_75t_R)
     4    3.41   12.95   21.82 1391.86 v _466387_/Y (OA21x2_ASAP7_75t_R)
                                         _271529_ (net)
                 12.95    0.00 1391.86 v _466391_/A2 (OAI21x1_ASAP7_75t_R)
     3    3.26   25.23   16.08 1407.93 ^ _466391_/Y (OAI21x1_ASAP7_75t_R)
                                         _271533_ (net)
                 25.23    0.00 1407.93 ^ _479706_/A2 (AOI21x1_ASAP7_75t_R)
     1    1.00   13.24    9.45 1417.39 v _479706_/Y (AOI21x1_ASAP7_75t_R)
                                         _279809_ (net)
                 13.24    0.00 1417.39 v _479708_/A (XOR2x2_ASAP7_75t_R)
     2    2.02   10.71   26.86 1444.24 ^ _479708_/Y (XOR2x2_ASAP7_75t_R)
                                         _279811_ (net)
                 10.71    0.00 1444.24 ^ _479709_/A (INVx1_ASAP7_75t_R)
     2    2.45   14.30   10.55 1454.79 v _479709_/Y (INVx1_ASAP7_75t_R)
                                         _279812_ (net)
                 14.30    0.00 1454.79 v _480858_/B (XOR2x2_ASAP7_75t_R)
     1    1.22    8.46   26.27 1481.07 ^ _480858_/Y (XOR2x2_ASAP7_75t_R)
                                         _280961_ (net)
                  8.46    0.00 1481.07 ^ _480860_/A1 (AOI21x1_ASAP7_75t_R)
     1    2.22   18.69   10.39 1491.46 v _480860_/Y (AOI21x1_ASAP7_75t_R)
                                         _280963_ (net)
                 18.69    0.00 1491.46 v _480861_/B (NAND2x2_ASAP7_75t_R)
    10   10.79   38.15   23.79 1515.25 ^ _480861_/Y (NAND2x2_ASAP7_75t_R)
                                         _280964_ (net)
                 38.15    0.00 1515.25 ^ _480876_/A2 (OAI21x1_ASAP7_75t_R)
     1    0.62   13.91    9.70 1524.95 v _480876_/Y (OAI21x1_ASAP7_75t_R)
                                         _204236_ (net)
                 13.91    0.00 1524.95 v comparator.buffer[3][11]$_SDFFCE_PN0P_/D (DFFHQNx1_ASAP7_75t_R)
                               1524.95   data arrival time

                  0.00  400.00  400.00   clock clk (rise edge)
                          0.00  400.00   clock network delay (ideal)
                          0.00  400.00   clock reconvergence pessimism
                                400.00 ^ comparator.buffer[3][11]$_SDFFCE_PN0P_/CLK (DFFHQNx1_ASAP7_75t_R)
                        -11.76  388.24   library setup time
                                388.24   data required time
-----------------------------------------------------------------------------
                                388.24   data required time
                               -1524.95   data arrival time
-----------------------------------------------------------------------------
                               -1136.71   slack (VIOLATED)



==========================================================================
Post synthesis report_checks -unconstrained
--------------------------------------------------------------------------
Startpoint: fully_connected.out_idx[0]$_DFF_P_
            (rising edge-triggered flip-flop clocked by clk)
Endpoint: comparator.buffer[3][11]$_SDFFCE_PN0P_
          (rising edge-triggered flip-flop clocked by clk)
Path Group: clk
Path Type: max

Fanout     Cap    Slew   Delay    Time   Description
-----------------------------------------------------------------------------
                  0.00    0.00    0.00   clock clk (rise edge)
                          0.00    0.00   clock network delay (ideal)
                  0.00    0.00    0.00 ^ fully_connected.out_idx[0]$_DFF_P_/CLK (DFFHQNx1_ASAP7_75t_R)
     6    5.68   37.82   48.64   48.64 v fully_connected.out_idx[0]$_DFF_P_/QN (DFFHQNx1_ASAP7_75t_R)
                                         _189110_ (net)
                 37.82    0.00   48.64 v _328350_/A (INVx1_ASAP7_75t_R)
     5    5.01   36.96   27.50   76.14 ^ _328350_/Y (INVx1_ASAP7_75t_R)
                                         fully_connected.out_idx[0] (net)
                 36.96    0.00   76.14 ^ _526439_/A (HAxp5_ASAP7_75t_R)
     4    4.20   51.11   29.16  105.30 v _526439_/CON (HAxp5_ASAP7_75t_R)
                                         _189118_ (net)
                 51.11    0.00  105.30 v _315727_/A (INVx1_ASAP7_75t_R)
     1    1.65   21.79   17.85  123.15 ^ _315727_/Y (INVx1_ASAP7_75t_R)
                                         _111807_ (net)
                 21.79    0.00  123.15 ^ _508704_/CI (FAx1_ASAP7_75t_R)
     4    2.78   61.86   55.33  178.48 ^ _508704_/SN (FAx1_ASAP7_75t_R)
                                         _111809_ (net)
                 61.86    0.00  178.48 ^ _321449_/A (INVx1_ASAP7_75t_R)
     9    9.71   57.93   42.60  221.08 v _321449_/Y (INVx1_ASAP7_75t_R)
                                         _111810_ (net)
                 57.93    0.00  221.08 v _528219_/B (HAxp5_ASAP7_75t_R)
     4    3.89   51.43   38.74  259.81 ^ _528219_/CON (HAxp5_ASAP7_75t_R)
                                         _194571_ (net)
                 51.43    0.00  259.81 ^ _377390_/A (NOR2x1_ASAP7_75t_R)
     5    4.95   37.01   30.11  289.93 v _377390_/Y (NOR2x1_ASAP7_75t_R)
                                         _216060_ (net)
                 37.01    0.00  289.93 v _377391_/A (INVx1_ASAP7_75t_R)
     4    4.26   32.93   24.93  314.86 ^ _377391_/Y (INVx1_ASAP7_75t_R)
                                         _216061_ (net)
                 32.93    0.00  314.86 ^ _377415_/A (NOR2x1_ASAP7_75t_R)
     2    2.16   20.42   17.80  332.66 v _377415_/Y (NOR2x1_ASAP7_75t_R)
                                         _216085_ (net)
                 20.42    0.00  332.66 v _377424_/A2 (OAI21x1_ASAP7_75t_R)
     4    4.42   33.28   20.83  353.49 ^ _377424_/Y (OAI21x1_ASAP7_75t_R)
                                         _216094_ (net)
                 33.28    0.00  353.49 ^ _377445_/B (NOR2x1_ASAP7_75t_R)
     9    7.02   41.50   29.52  383.02 v _377445_/Y (NOR2x1_ASAP7_75t_R)
                                         _216115_ (net)
                 41.50    0.00  383.02 v _377456_/B (OAI21x1_ASAP7_75t_R)
     7    7.51   50.38   25.24  408.26 ^ _377456_/Y (OAI21x1_ASAP7_75t_R)
                                         _216126_ (net)
                 50.38    0.00  408.26 ^ _377598_/A (INVx1_ASAP7_75t_R)
     7    5.41   36.31   28.29  436.54 v _377598_/Y (INVx1_ASAP7_75t_R)
                                         _216268_ (net)
                 36.31    0.00  436.54 v _377599_/A (BUFx3_ASAP7_75t_R)
    10   10.44   20.90   29.11  465.65 v _377599_/Y (BUFx3_ASAP7_75t_R)
                                         _216269_ (net)
                 20.90    0.00  465.65 v _377600_/A (BUFx2_ASAP7_75t_R)
    10    9.29   25.93   28.63  494.28 v _377600_/Y (BUFx2_ASAP7_75t_R)
                                         _216270_ (net)
                 25.93    0.00  494.28 v _377827_/A (BUFx2_ASAP7_75t_R)
    10    5.49   17.03   25.30  519.58 v _377827_/Y (BUFx2_ASAP7_75t_R)
                                         _216466_ (net)
                 17.03    0.00  519.58 v _377828_/B (NAND2x1_ASAP7_75t_R)
     1    0.61    9.68    9.00  528.57 ^ _377828_/Y (NAND2x1_ASAP7_75t_R)
                                         _216467_ (net)
                  9.68    0.00  528.57 ^ _377832_/B (AND4x1_ASAP7_75t_R)
     1    1.08   12.55   22.63  551.20 ^ _377832_/Y (AND4x1_ASAP7_75t_R)
                                         _216471_ (net)
                 12.55    0.00  551.20 ^ _377833_/B (NAND2x1_ASAP7_75t_R)
     1    0.57    7.33    6.12  557.33 v _377833_/Y (NAND2x1_ASAP7_75t_R)
                                         _216472_ (net)
                  7.33    0.00  557.33 v _377846_/A (OR5x1_ASAP7_75t_R)
     1    0.52   10.24   24.41  581.74 v _377846_/Y (OR5x1_ASAP7_75t_R)
                                         _216485_ (net)
                 10.24    0.00  581.74 v _377876_/B (OR5x1_ASAP7_75t_R)
     3    1.69   16.56   32.67  614.41 v _377876_/Y (OR5x1_ASAP7_75t_R)
                                         _216515_ (net)
                 16.56    0.00  614.41 v _377877_/A (BUFx2_ASAP7_75t_R)
    10    5.54   16.87   22.80  637.22 v _377877_/Y (BUFx2_ASAP7_75t_R)
                                         _216516_ (net)
                 16.87    0.00  637.22 v _377889_/A (AND2x2_ASAP7_75t_R)
     1    1.65    8.13   19.11  656.32 v _377889_/Y (AND2x2_ASAP7_75t_R)
                                         _132419_ (net)
                  8.13    0.00  656.32 v _512657_/CI (FAx1_ASAP7_75t_R)
     1    0.68   19.39   26.66  682.98 v _512657_/SN (FAx1_ASAP7_75t_R)
                                         _132421_ (net)
                 19.39    0.00  682.98 v _332674_/A (INVx1_ASAP7_75t_R)
     1    2.24   17.87   13.87  696.85 ^ _332674_/Y (INVx1_ASAP7_75t_R)
                                         _132423_ (net)
                 17.87    0.00  696.85 ^ _512870_/B (FAx1_ASAP7_75t_R)
     1    0.68   20.18   29.21  726.05 v _512870_/SN (FAx1_ASAP7_75t_R)
                                         _133572_ (net)
                 20.18    0.00  726.05 v _318895_/A (INVx1_ASAP7_75t_R)
     1    2.24   18.05   14.10  740.16 ^ _318895_/Y (INVx1_ASAP7_75t_R)
                                         _132181_ (net)
                 18.05    0.00  740.16 ^ _512617_/B (FAx1_ASAP7_75t_R)
     1    0.68   20.19   29.26  769.42 v _512617_/SN (FAx1_ASAP7_75t_R)
                                         _132184_ (net)
                 20.19    0.00  769.42 v _332360_/A (INVx1_ASAP7_75t_R)
     1    2.24   18.06   14.11  783.53 ^ _332360_/Y (INVx1_ASAP7_75t_R)
                                         _132186_ (net)
                 18.06    0.00  783.53 ^ _512625_/B (FAx1_ASAP7_75t_R)
     1    0.68   20.26   29.26  812.79 v _512625_/SN (FAx1_ASAP7_75t_R)
                                         _132225_ (net)
                 20.26    0.00  812.79 v _390364_/A (INVx1_ASAP7_75t_R)
     1    2.24   18.07   14.12  826.91 ^ _390364_/Y (INVx1_ASAP7_75t_R)
                                         _132227_ (net)
                 18.07    0.00  826.91 ^ _512647_/B (FAx1_ASAP7_75t_R)
     1    0.68   20.27   29.27  856.18 v _512647_/SN (FAx1_ASAP7_75t_R)
                                         _132355_ (net)
                 20.27    0.00  856.18 v _308916_/A (INVx1_ASAP7_75t_R)
     1    1.65   15.08   12.27  868.45 ^ _308916_/Y (INVx1_ASAP7_75t_R)
                                         _132357_ (net)
                 15.08    0.00  868.45 ^ _514650_/CI (FAx1_ASAP7_75t_R)
     1    0.68   20.27   28.64  897.09 v _514650_/SN (FAx1_ASAP7_75t_R)
                                         _141340_ (net)
                 20.27    0.00  897.09 v _324832_/A (INVx1_ASAP7_75t_R)
     1    1.65   15.08   12.26  909.35 ^ _324832_/Y (INVx1_ASAP7_75t_R)
                                         _141342_ (net)
                 15.08    0.00  909.35 ^ _516106_/CI (FAx1_ASAP7_75t_R)
     1    0.68   20.27   28.64  937.99 v _516106_/SN (FAx1_ASAP7_75t_R)
                                         _147868_ (net)
                 20.27    0.00  937.99 v _393927_/A (INVx1_ASAP7_75t_R)
     1    2.24   18.07   14.12  952.11 ^ _393927_/Y (INVx1_ASAP7_75t_R)
                                         _147870_ (net)
                 18.07    0.00  952.11 ^ _516136_/B (FAx1_ASAP7_75t_R)
     1    0.68   20.27   29.27  981.38 v _516136_/SN (FAx1_ASAP7_75t_R)
                                         _147997_ (net)
                 20.27    0.00  981.38 v _393820_/A (INVx1_ASAP7_75t_R)
     1    1.65   15.08   12.27  993.65 ^ _393820_/Y (INVx1_ASAP7_75t_R)
                                         _147999_ (net)
                 15.08    0.00  993.65 ^ _519998_/CI (FAx1_ASAP7_75t_R)
     1    0.68   20.27   28.64 1022.29 v _519998_/SN (FAx1_ASAP7_75t_R)
                                         _165485_ (net)
                 20.27    0.00 1022.29 v _466147_/A (INVx1_ASAP7_75t_R)
     1    1.65   15.08   12.27 1034.55 ^ _466147_/Y (INVx1_ASAP7_75t_R)
                                         _165487_ (net)
                 15.08    0.00 1034.55 ^ _521061_/CI (FAx1_ASAP7_75t_R)
     1    0.68   20.27   28.64 1063.19 v _521061_/SN (FAx1_ASAP7_75t_R)
                                         _170029_ (net)
                 20.27    0.00 1063.19 v _394560_/A (INVx1_ASAP7_75t_R)
     1    1.65   15.08   12.27 1075.45 ^ _394560_/Y (INVx1_ASAP7_75t_R)
                                         _099034_ (net)
                 15.08    0.00 1075.45 ^ _506169_/CI (FAx1_ASAP7_75t_R)
     1    0.68   20.27   28.64 1104.09 v _506169_/SN (FAx1_ASAP7_75t_R)
                                         _099036_ (net)
                 20.27    0.00 1104.09 v _330942_/A (INVx1_ASAP7_75t_R)
     1    2.24   18.08   14.12 1118.22 ^ _330942_/Y (INVx1_ASAP7_75t_R)
                                         _099038_ (net)
                 18.08    0.00 1118.22 ^ _510026_/B (FAx1_ASAP7_75t_R)
     1    0.68   20.27   29.27 1147.49 v _510026_/SN (FAx1_ASAP7_75t_R)
                                         _118951_ (net)
                 20.27    0.00 1147.49 v _315945_/A (INVx1_ASAP7_75t_R)
     1    2.24   18.08   14.12 1161.61 ^ _315945_/Y (INVx1_ASAP7_75t_R)
                                         _118953_ (net)
                 18.08    0.00 1161.61 ^ _512787_/B (FAx1_ASAP7_75t_R)
     1    0.68   20.27   29.27 1190.88 v _512787_/SN (FAx1_ASAP7_75t_R)
                                         _133145_ (net)
                 20.27    0.00 1190.88 v _316254_/A (INVx1_ASAP7_75t_R)
     1    2.24   18.08   14.12 1205.01 ^ _316254_/Y (INVx1_ASAP7_75t_R)
                                         _133147_ (net)
                 18.08    0.00 1205.01 ^ _513807_/B (FAx1_ASAP7_75t_R)
     1    0.68   20.27   29.27 1234.28 v _513807_/SN (FAx1_ASAP7_75t_R)
                                         _137870_ (net)
                 20.27    0.00 1234.28 v _462708_/A (INVx1_ASAP7_75t_R)
     1    0.93   11.34    9.56 1243.84 ^ _462708_/Y (INVx1_ASAP7_75t_R)
                                         _137872_ (net)
                 11.34    0.00 1243.84 ^ _526580_/B (HAxp5_ASAP7_75t_R)
     1    0.65   13.03   20.69 1264.53 v _526580_/SN (HAxp5_ASAP7_75t_R)
                                         _189585_ (net)
                 13.03    0.00 1264.53 v _466372_/A2 (OA21x2_ASAP7_75t_R)
     1    0.62    6.13   17.81 1282.33 v _466372_/Y (OA21x2_ASAP7_75t_R)
                                         _271514_ (net)
                  6.13    0.00 1282.33 v _466373_/A1 (OA21x2_ASAP7_75t_R)
     1    1.08    7.26   16.61 1298.94 v _466373_/Y (OA21x2_ASAP7_75t_R)
                                         _271515_ (net)
                  7.26    0.00 1298.94 v _466374_/A2 (OAI21x1_ASAP7_75t_R)
     3    2.28   21.14   12.20 1311.13 ^ _466374_/Y (OAI21x1_ASAP7_75t_R)
                                         _271516_ (net)
                 21.14    0.00 1311.13 ^ _466376_/A (AND2x2_ASAP7_75t_R)
     1    0.68    6.51   16.20 1327.33 ^ _466376_/Y (AND2x2_ASAP7_75t_R)
                                         _271518_ (net)
                  6.51    0.00 1327.33 ^ _466377_/A (INVx1_ASAP7_75t_R)
     2    1.21    7.87    6.27 1333.61 v _466377_/Y (INVx1_ASAP7_75t_R)
                                         _271519_ (net)
                  7.87    0.00 1333.61 v _466378_/A (AND2x2_ASAP7_75t_R)
     2    1.72    8.09   16.20 1349.81 v _466378_/Y (AND2x2_ASAP7_75t_R)
                                         _271520_ (net)
                  8.09    0.00 1349.81 v _466379_/A1 (OA21x2_ASAP7_75t_R)
     4    2.95   12.39   20.23 1370.04 v _466379_/Y (OA21x2_ASAP7_75t_R)
                                         _271521_ (net)
                 12.39    0.00 1370.04 v _466387_/A1 (OA21x2_ASAP7_75t_R)
     4    3.41   12.95   21.82 1391.86 v _466387_/Y (OA21x2_ASAP7_75t_R)
                                         _271529_ (net)
                 12.95    0.00 1391.86 v _466391_/A2 (OAI21x1_ASAP7_75t_R)
     3    3.26   25.23   16.08 1407.93 ^ _466391_/Y (OAI21x1_ASAP7_75t_R)
                                         _271533_ (net)
                 25.23    0.00 1407.93 ^ _479706_/A2 (AOI21x1_ASAP7_75t_R)
     1    1.00   13.24    9.45 1417.39 v _479706_/Y (AOI21x1_ASAP7_75t_R)
                                         _279809_ (net)
                 13.24    0.00 1417.39 v _479708_/A (XOR2x2_ASAP7_75t_R)
     2    2.02   10.71   26.86 1444.24 ^ _479708_/Y (XOR2x2_ASAP7_75t_R)
                                         _279811_ (net)
                 10.71    0.00 1444.24 ^ _479709_/A (INVx1_ASAP7_75t_R)
     2    2.45   14.30   10.55 1454.79 v _479709_/Y (INVx1_ASAP7_75t_R)
                                         _279812_ (net)
                 14.30    0.00 1454.79 v _480858_/B (XOR2x2_ASAP7_75t_R)
     1    1.22    8.46   26.27 1481.07 ^ _480858_/Y (XOR2x2_ASAP7_75t_R)
                                         _280961_ (net)
                  8.46    0.00 1481.07 ^ _480860_/A1 (AOI21x1_ASAP7_75t_R)
     1    2.22   18.69   10.39 1491.46 v _480860_/Y (AOI21x1_ASAP7_75t_R)
                                         _280963_ (net)
                 18.69    0.00 1491.46 v _480861_/B (NAND2x2_ASAP7_75t_R)
    10   10.79   38.15   23.79 1515.25 ^ _480861_/Y (NAND2x2_ASAP7_75t_R)
                                         _280964_ (net)
                 38.15    0.00 1515.25 ^ _480876_/A2 (OAI21x1_ASAP7_75t_R)
     1    0.62   13.91    9.70 1524.95 v _480876_/Y (OAI21x1_ASAP7_75t_R)
                                         _204236_ (net)
                 13.91    0.00 1524.95 v comparator.buffer[3][11]$_SDFFCE_PN0P_/D (DFFHQNx1_ASAP7_75t_R)
                               1524.95   data arrival time

                  0.00  400.00  400.00   clock clk (rise edge)
                          0.00  400.00   clock network delay (ideal)
                          0.00  400.00   clock reconvergence pessimism
                                400.00 ^ comparator.buffer[3][11]$_SDFFCE_PN0P_/CLK (DFFHQNx1_ASAP7_75t_R)
                        -11.76  388.24   library setup time
                                388.24   data required time
-----------------------------------------------------------------------------
                                388.24   data required time
                               -1524.95   data arrival time
-----------------------------------------------------------------------------
                               -1136.71   slack (VIOLATED)



==========================================================================
Post synthesis report_power
--------------------------------------------------------------------------
Group                  Internal  Switching    Leakage      Total
                          Power      Power      Power      Power (Watts)
----------------------------------------------------------------
Sequential             2.54e-02   4.05e-04   8.99e-07   2.58e-02   3.6%
Combinational          2.94e-01   3.91e-01   1.69e-05   6.85e-01  96.4%
Clock                  0.00e+00   0.00e+00   0.00e+00   0.00e+00   0.0%
Macro                  0.00e+00   0.00e+00   0.00e+00   0.00e+00   0.0%
Pad                    0.00e+00   0.00e+00   0.00e+00   0.00e+00   0.0%
----------------------------------------------------------------
Total                  3.20e-01   3.91e-01   1.78e-05   7.11e-01 100.0%
                          45.0%      55.0%       0.0%
