
==========================================================================
Post synthesis report_tns
--------------------------------------------------------------------------
tns max -252609.11

==========================================================================
Post synthesis report_wns
--------------------------------------------------------------------------
wns max -549.60

==========================================================================
Post synthesis report_worst_slack
--------------------------------------------------------------------------
worst slack max -549.60

==========================================================================
Post synthesis report_clock_min_period
--------------------------------------------------------------------------
clk period_min = 949.60 fmax = 1053.08

==========================================================================
Post synthesis report_checks -path_delay min
--------------------------------------------------------------------------
Startpoint: fully_connected.valid_stage2$_SDFF_PN0_
            (rising edge-triggered flip-flop clocked by clk)
Endpoint: fully_connected.valid_out_fc$_SDFF_PN0_
          (rising edge-triggered flip-flop clocked by clk)
Path Group: clk
Path Type: min

Fanout     Cap    Slew   Delay    Time   Description
-----------------------------------------------------------------------------
                  0.00    0.00    0.00   clock clk (rise edge)
                          0.00    0.00   clock network delay (ideal)
                  0.00    0.00    0.00 ^ fully_connected.valid_stage2$_SDFF_PN0_/CLK (DFFHQNx1_ASAP7_75t_R)
     1    0.79   13.09   32.52   32.52 ^ fully_connected.valid_stage2$_SDFF_PN0_/QN (DFFHQNx1_ASAP7_75t_R)
                                         _005960_ (net)
                 13.09    0.00   32.52 ^ _227987_/A (NOR2x1_ASAP7_75t_R)
     1    0.55    8.80    8.72   41.24 v _227987_/Y (NOR2x1_ASAP7_75t_R)
                                         _057738_ (net)
                  8.80    0.00   41.24 v fully_connected.valid_out_fc$_SDFF_PN0_/D (DFFHQNx1_ASAP7_75t_R)
                                 41.24   data arrival time

                  0.00    0.00    0.00   clock clk (rise edge)
                          0.00    0.00   clock network delay (ideal)
                          0.00    0.00   clock reconvergence pessimism
                                  0.00 ^ fully_connected.valid_out_fc$_SDFF_PN0_/CLK (DFFHQNx1_ASAP7_75t_R)
                          8.39    8.39   library hold time
                                  8.39   data required time
-----------------------------------------------------------------------------
                                  8.39   data required time
                                -41.24   data arrival time
-----------------------------------------------------------------------------
                                 32.84   slack (MET)



==========================================================================
Post synthesis report_checks -path_delay max
--------------------------------------------------------------------------
Startpoint: fully_connected.wsel_r[37][6]$_DFF_P_
            (rising edge-triggered flip-flop clocked by clk)
Endpoint: fully_connected.data_out[11]$_SDFF_PN0_
          (rising edge-triggered flip-flop clocked by clk)
Path Group: clk
Path Type: max

Fanout     Cap    Slew   Delay    Time   Description
-----------------------------------------------------------------------------
                  0.00    0.00    0.00   clock clk (rise edge)
                          0.00    0.00   clock network delay (ideal)
                  0.00    0.00    0.00 ^ fully_connected.wsel_r[37][6]$_DFF_P_/CLK (DFFHQNx1_ASAP7_75t_R)
     4    2.78   25.33   40.63   40.63 ^ fully_connected.wsel_r[37][6]$_DFF_P_/QN (DFFHQNx1_ASAP7_75t_R)
                                         _005854_ (net)
                 25.33    0.00   40.63 ^ _126540_/A (BUFx2_ASAP7_75t_R)
    10    9.58   31.38   29.66   70.29 ^ _126540_/Y (BUFx2_ASAP7_75t_R)
                                         _102823_ (net)
                 31.38    0.00   70.29 ^ _126541_/A (BUFx2_ASAP7_75t_R)
    10   10.62   34.53   32.24  102.53 ^ _126541_/Y (BUFx2_ASAP7_75t_R)
                                         _102824_ (net)
                 34.53    0.00  102.53 ^ _183653_/B (NOR2x1_ASAP7_75t_R)
     3    4.95   31.98   24.64  127.16 v _183653_/Y (NOR2x1_ASAP7_75t_R)
                                         _019638_ (net)
                 31.98    0.00  127.16 v _232283_/CI (FAx1_ASAP7_75t_R)
     2    1.60   38.07   26.29  153.46 ^ _232283_/CON (FAx1_ASAP7_75t_R)
                                         _022114_ (net)
     1    0.68   23.94   13.36  166.81 v _232283_/SN (FAx1_ASAP7_75t_R)
                                         _022115_ (net)
                 23.94    0.00  166.81 v _183146_/A (INVx1_ASAP7_75t_R)
     5    8.25   51.98   31.55  198.37 ^ _183146_/Y (INVx1_ASAP7_75t_R)
                                         _022116_ (net)
                 51.98    0.00  198.37 ^ _232432_/CI (FAx1_ASAP7_75t_R)
     2    1.76   39.45   52.62  250.99 v _232432_/SN (FAx1_ASAP7_75t_R)
                                         _022837_ (net)
                 39.45    0.00  250.99 v _178170_/A (INVx1_ASAP7_75t_R)
     1    1.65   19.66   16.15  267.14 ^ _178170_/Y (INVx1_ASAP7_75t_R)
                                         _022838_ (net)
                 19.66    0.00  267.14 ^ _242875_/CI (FAx1_ASAP7_75t_R)
     1    1.08   22.59   16.80  283.94 v _242875_/CON (FAx1_ASAP7_75t_R)
                                         _044817_ (net)
     1    0.68   25.66   13.14  297.09 ^ _242875_/SN (FAx1_ASAP7_75t_R)
                                         _044818_ (net)
                 25.66    0.00  297.09 ^ _189022_/A (INVx1_ASAP7_75t_R)
     1    2.24   16.77   13.54  310.63 v _189022_/Y (INVx1_ASAP7_75t_R)
                                         _009144_ (net)
                 16.77    0.00  310.63 v _229786_/B (FAx1_ASAP7_75t_R)
     1    1.08   29.32   20.27  330.89 ^ _229786_/CON (FAx1_ASAP7_75t_R)
                                         _009146_ (net)
     1    0.68   20.28   12.14  343.04 v _229786_/SN (FAx1_ASAP7_75t_R)
                                         _009147_ (net)
                 20.28    0.00  343.04 v _188932_/A (INVx1_ASAP7_75t_R)
     1    2.24   18.08   14.13  357.16 ^ _188932_/Y (INVx1_ASAP7_75t_R)
                                         _009148_ (net)
                 18.08    0.00  357.16 ^ _231287_/B (FAx1_ASAP7_75t_R)
     1    1.08   22.08   17.43  374.59 v _231287_/CON (FAx1_ASAP7_75t_R)
                                         _017244_ (net)
     1    0.68   25.57   13.05  387.64 ^ _231287_/SN (FAx1_ASAP7_75t_R)
                                         _017245_ (net)
                 25.57    0.00  387.64 ^ _224778_/A (INVx1_ASAP7_75t_R)
     1    1.65   14.16   11.63  399.27 v _224778_/Y (INVx1_ASAP7_75t_R)
                                         _017246_ (net)
                 14.16    0.00  399.27 v _233440_/CI (FAx1_ASAP7_75t_R)
     2    2.16   40.31   23.88  423.15 ^ _233440_/CON (FAx1_ASAP7_75t_R)
                                         _025527_ (net)
     1    0.68   20.27   13.65  436.80 v _233440_/SN (FAx1_ASAP7_75t_R)
                                         _025528_ (net)
                 20.27    0.00  436.80 v _197347_/A (INVx1_ASAP7_75t_R)
     1    1.65   15.08   12.27  449.07 ^ _197347_/Y (INVx1_ASAP7_75t_R)
                                         _014375_ (net)
                 15.08    0.00  449.07 ^ _230791_/CI (FAx1_ASAP7_75t_R)
     1    1.08   22.08   15.45  464.52 v _230791_/CON (FAx1_ASAP7_75t_R)
                                         _014376_ (net)
     1    0.68   25.57   13.05  477.57 ^ _230791_/SN (FAx1_ASAP7_75t_R)
                                         _014377_ (net)
                 25.57    0.00  477.57 ^ _196945_/A (INVx1_ASAP7_75t_R)
     1    1.65   14.16   11.63  489.20 v _196945_/Y (INVx1_ASAP7_75t_R)
                                         _014378_ (net)
                 14.16    0.00  489.20 v _232518_/CI (FAx1_ASAP7_75t_R)
     1    1.08   29.32   18.14  507.34 ^ _232518_/CON (FAx1_ASAP7_75t_R)
                                         _023226_ (net)
     1    0.68   20.27   12.14  519.48 v _232518_/SN (FAx1_ASAP7_75t_R)
                                         _023227_ (net)
                 20.27    0.00  519.48 v _184649_/A (INVx1_ASAP7_75t_R)
     1    1.65   15.08   12.27  531.75 ^ _184649_/Y (INVx1_ASAP7_75t_R)
                                         _023228_ (net)
                 15.08    0.00  531.75 ^ _233475_/CI (FAx1_ASAP7_75t_R)
     1    0.68   20.27   28.64  560.38 v _233475_/SN (FAx1_ASAP7_75t_R)
                                         _025678_ (net)
                 20.27    0.00  560.38 v _184648_/A (INVx1_ASAP7_75t_R)
     1    2.24   18.08   14.12  574.51 ^ _184648_/Y (INVx1_ASAP7_75t_R)
                                         _025679_ (net)
                 18.08    0.00  574.51 ^ _233491_/B (FAx1_ASAP7_75t_R)
     1    1.08   22.08   17.43  591.93 v _233491_/CON (FAx1_ASAP7_75t_R)
                                         _025747_ (net)
     1    0.68   25.57   13.05  604.98 ^ _233491_/SN (FAx1_ASAP7_75t_R)
                                         _025748_ (net)
                 25.57    0.00  604.98 ^ _196064_/A (INVx1_ASAP7_75t_R)
     1    1.65   14.16   11.63  616.61 v _196064_/Y (INVx1_ASAP7_75t_R)
                                         _011943_ (net)
                 14.16    0.00  616.61 v _230316_/CI (FAx1_ASAP7_75t_R)
     1    1.08   29.32   18.14  634.76 ^ _230316_/CON (FAx1_ASAP7_75t_R)
                                         _011944_ (net)
     1    0.68   20.27   12.14  646.90 v _230316_/SN (FAx1_ASAP7_75t_R)
                                         _011945_ (net)
                 20.27    0.00  646.90 v _196059_/A (INVx1_ASAP7_75t_R)
     1    1.65   15.08   12.27  659.16 ^ _196059_/Y (INVx1_ASAP7_75t_R)
                                         _011946_ (net)
                 15.08    0.00  659.16 ^ _230589_/CI (FAx1_ASAP7_75t_R)
     3    3.42   41.34   25.22  684.39 v _230589_/CON (FAx1_ASAP7_75t_R)
                                         _013279_ (net)
     1    0.68   25.57   16.60  700.99 ^ _230589_/SN (FAx1_ASAP7_75t_R)
                                         _013280_ (net)
                 25.57    0.00  700.99 ^ _196049_/A (INVx1_ASAP7_75t_R)
     1    2.24   16.75   13.52  714.51 v _196049_/Y (INVx1_ASAP7_75t_R)
                                         _013281_ (net)
                 16.75    0.00  714.51 v _230609_/B (FAx1_ASAP7_75t_R)
     2    1.76   36.06   23.90  738.41 ^ _230609_/CON (FAx1_ASAP7_75t_R)
                                         _013368_ (net)
     1    0.68   20.27   13.08  751.48 v _230609_/SN (FAx1_ASAP7_75t_R)
                                         _013369_ (net)
                 20.27    0.00  751.48 v _196025_/A (INVx1_ASAP7_75t_R)
     1    2.24   18.08   14.12  765.61 ^ _196025_/Y (INVx1_ASAP7_75t_R)
                                         _013370_ (net)
                 18.08    0.00  765.61 ^ _230626_/B (FAx1_ASAP7_75t_R)
     1    1.64   26.51   19.80  785.41 v _230626_/CON (FAx1_ASAP7_75t_R)
                                         _013439_ (net)
                 26.51    0.00  785.41 v _227743_/B (XOR2x1_ASAP7_75t_R)
     1    1.64   18.16   23.55  808.95 v _227743_/Y (XOR2x1_ASAP7_75t_R)
                                         _101425_ (net)
                 18.16    0.00  808.95 v _227744_/B (XOR2x1_ASAP7_75t_R)
     1    1.64   14.84   21.42  830.38 v _227744_/Y (XOR2x1_ASAP7_75t_R)
                                         _101426_ (net)
                 14.84    0.00  830.38 v _227745_/B (XOR2x1_ASAP7_75t_R)
     1    1.08   12.03   19.38  849.75 v _227745_/Y (XOR2x1_ASAP7_75t_R)
                                         _101427_ (net)
                 12.03    0.00  849.75 v _227746_/B (XOR2x2_ASAP7_75t_R)
     1    1.64    9.04   20.79  870.54 v _227746_/Y (XOR2x2_ASAP7_75t_R)
                                         _101428_ (net)
                  9.04    0.00  870.54 v _227747_/B (XOR2x1_ASAP7_75t_R)
     1    1.69   12.88   18.76  889.30 v _227747_/Y (XOR2x1_ASAP7_75t_R)
                                         _101429_ (net)
                 12.88    0.00  889.30 v _227980_/A (XOR2x1_ASAP7_75t_R)
     2    1.63   13.36   19.64  908.94 v _227980_/Y (XOR2x1_ASAP7_75t_R)
                                         _101662_ (net)
                 13.36    0.00  908.94 v _227983_/A (AND2x2_ASAP7_75t_R)
     1    2.11    8.92   18.66  927.60 v _227983_/Y (AND2x2_ASAP7_75t_R)
                                         _101665_ (net)
                  8.92    0.00  927.60 v _227985_/A (NOR2x2_ASAP7_75t_R)
     1    0.62    9.25    6.65  934.25 ^ _227985_/Y (NOR2x2_ASAP7_75t_R)
                                         _057737_ (net)
                  9.25    0.00  934.25 ^ fully_connected.data_out[11]$_SDFF_PN0_/D (DFFHQNx1_ASAP7_75t_R)
                                934.25   data arrival time

                  0.00  400.00  400.00   clock clk (rise edge)
                          0.00  400.00   clock network delay (ideal)
                          0.00  400.00   clock reconvergence pessimism
                                400.00 ^ fully_connected.data_out[11]$_SDFF_PN0_/CLK (DFFHQNx1_ASAP7_75t_R)
                        -15.35  384.65   library setup time
                                384.65   data required time
-----------------------------------------------------------------------------
                                384.65   data required time
                               -934.25   data arrival time
-----------------------------------------------------------------------------
                               -549.60   slack (VIOLATED)



==========================================================================
Post synthesis report_checks -unconstrained
--------------------------------------------------------------------------
Startpoint: fully_connected.wsel_r[37][6]$_DFF_P_
            (rising edge-triggered flip-flop clocked by clk)
Endpoint: fully_connected.data_out[11]$_SDFF_PN0_
          (rising edge-triggered flip-flop clocked by clk)
Path Group: clk
Path Type: max

Fanout     Cap    Slew   Delay    Time   Description
-----------------------------------------------------------------------------
                  0.00    0.00    0.00   clock clk (rise edge)
                          0.00    0.00   clock network delay (ideal)
                  0.00    0.00    0.00 ^ fully_connected.wsel_r[37][6]$_DFF_P_/CLK (DFFHQNx1_ASAP7_75t_R)
     4    2.78   25.33   40.63   40.63 ^ fully_connected.wsel_r[37][6]$_DFF_P_/QN (DFFHQNx1_ASAP7_75t_R)
                                         _005854_ (net)
                 25.33    0.00   40.63 ^ _126540_/A (BUFx2_ASAP7_75t_R)
    10    9.58   31.38   29.66   70.29 ^ _126540_/Y (BUFx2_ASAP7_75t_R)
                                         _102823_ (net)
                 31.38    0.00   70.29 ^ _126541_/A (BUFx2_ASAP7_75t_R)
    10   10.62   34.53   32.24  102.53 ^ _126541_/Y (BUFx2_ASAP7_75t_R)
                                         _102824_ (net)
                 34.53    0.00  102.53 ^ _183653_/B (NOR2x1_ASAP7_75t_R)
     3    4.95   31.98   24.64  127.16 v _183653_/Y (NOR2x1_ASAP7_75t_R)
                                         _019638_ (net)
                 31.98    0.00  127.16 v _232283_/CI (FAx1_ASAP7_75t_R)
     2    1.60   38.07   26.29  153.46 ^ _232283_/CON (FAx1_ASAP7_75t_R)
                                         _022114_ (net)
     1    0.68   23.94   13.36  166.81 v _232283_/SN (FAx1_ASAP7_75t_R)
                                         _022115_ (net)
                 23.94    0.00  166.81 v _183146_/A (INVx1_ASAP7_75t_R)
     5    8.25   51.98   31.55  198.37 ^ _183146_/Y (INVx1_ASAP7_75t_R)
                                         _022116_ (net)
                 51.98    0.00  198.37 ^ _232432_/CI (FAx1_ASAP7_75t_R)
     2    1.76   39.45   52.62  250.99 v _232432_/SN (FAx1_ASAP7_75t_R)
                                         _022837_ (net)
                 39.45    0.00  250.99 v _178170_/A (INVx1_ASAP7_75t_R)
     1    1.65   19.66   16.15  267.14 ^ _178170_/Y (INVx1_ASAP7_75t_R)
                                         _022838_ (net)
                 19.66    0.00  267.14 ^ _242875_/CI (FAx1_ASAP7_75t_R)
     1    1.08   22.59   16.80  283.94 v _242875_/CON (FAx1_ASAP7_75t_R)
                                         _044817_ (net)
     1    0.68   25.66   13.14  297.09 ^ _242875_/SN (FAx1_ASAP7_75t_R)
                                         _044818_ (net)
                 25.66    0.00  297.09 ^ _189022_/A (INVx1_ASAP7_75t_R)
     1    2.24   16.77   13.54  310.63 v _189022_/Y (INVx1_ASAP7_75t_R)
                                         _009144_ (net)
                 16.77    0.00  310.63 v _229786_/B (FAx1_ASAP7_75t_R)
     1    1.08   29.32   20.27  330.89 ^ _229786_/CON (FAx1_ASAP7_75t_R)
                                         _009146_ (net)
     1    0.68   20.28   12.14  343.04 v _229786_/SN (FAx1_ASAP7_75t_R)
                                         _009147_ (net)
                 20.28    0.00  343.04 v _188932_/A (INVx1_ASAP7_75t_R)
     1    2.24   18.08   14.13  357.16 ^ _188932_/Y (INVx1_ASAP7_75t_R)
                                         _009148_ (net)
                 18.08    0.00  357.16 ^ _231287_/B (FAx1_ASAP7_75t_R)
     1    1.08   22.08   17.43  374.59 v _231287_/CON (FAx1_ASAP7_75t_R)
                                         _017244_ (net)
     1    0.68   25.57   13.05  387.64 ^ _231287_/SN (FAx1_ASAP7_75t_R)
                                         _017245_ (net)
                 25.57    0.00  387.64 ^ _224778_/A (INVx1_ASAP7_75t_R)
     1    1.65   14.16   11.63  399.27 v _224778_/Y (INVx1_ASAP7_75t_R)
                                         _017246_ (net)
                 14.16    0.00  399.27 v _233440_/CI (FAx1_ASAP7_75t_R)
     2    2.16   40.31   23.88  423.15 ^ _233440_/CON (FAx1_ASAP7_75t_R)
                                         _025527_ (net)
     1    0.68   20.27   13.65  436.80 v _233440_/SN (FAx1_ASAP7_75t_R)
                                         _025528_ (net)
                 20.27    0.00  436.80 v _197347_/A (INVx1_ASAP7_75t_R)
     1    1.65   15.08   12.27  449.07 ^ _197347_/Y (INVx1_ASAP7_75t_R)
                                         _014375_ (net)
                 15.08    0.00  449.07 ^ _230791_/CI (FAx1_ASAP7_75t_R)
     1    1.08   22.08   15.45  464.52 v _230791_/CON (FAx1_ASAP7_75t_R)
                                         _014376_ (net)
     1    0.68   25.57   13.05  477.57 ^ _230791_/SN (FAx1_ASAP7_75t_R)
                                         _014377_ (net)
                 25.57    0.00  477.57 ^ _196945_/A (INVx1_ASAP7_75t_R)
     1    1.65   14.16   11.63  489.20 v _196945_/Y (INVx1_ASAP7_75t_R)
                                         _014378_ (net)
                 14.16    0.00  489.20 v _232518_/CI (FAx1_ASAP7_75t_R)
     1    1.08   29.32   18.14  507.34 ^ _232518_/CON (FAx1_ASAP7_75t_R)
                                         _023226_ (net)
     1    0.68   20.27   12.14  519.48 v _232518_/SN (FAx1_ASAP7_75t_R)
                                         _023227_ (net)
                 20.27    0.00  519.48 v _184649_/A (INVx1_ASAP7_75t_R)
     1    1.65   15.08   12.27  531.75 ^ _184649_/Y (INVx1_ASAP7_75t_R)
                                         _023228_ (net)
                 15.08    0.00  531.75 ^ _233475_/CI (FAx1_ASAP7_75t_R)
     1    0.68   20.27   28.64  560.38 v _233475_/SN (FAx1_ASAP7_75t_R)
                                         _025678_ (net)
                 20.27    0.00  560.38 v _184648_/A (INVx1_ASAP7_75t_R)
     1    2.24   18.08   14.12  574.51 ^ _184648_/Y (INVx1_ASAP7_75t_R)
                                         _025679_ (net)
                 18.08    0.00  574.51 ^ _233491_/B (FAx1_ASAP7_75t_R)
     1    1.08   22.08   17.43  591.93 v _233491_/CON (FAx1_ASAP7_75t_R)
                                         _025747_ (net)
     1    0.68   25.57   13.05  604.98 ^ _233491_/SN (FAx1_ASAP7_75t_R)
                                         _025748_ (net)
                 25.57    0.00  604.98 ^ _196064_/A (INVx1_ASAP7_75t_R)
     1    1.65   14.16   11.63  616.61 v _196064_/Y (INVx1_ASAP7_75t_R)
                                         _011943_ (net)
                 14.16    0.00  616.61 v _230316_/CI (FAx1_ASAP7_75t_R)
     1    1.08   29.32   18.14  634.76 ^ _230316_/CON (FAx1_ASAP7_75t_R)
                                         _011944_ (net)
     1    0.68   20.27   12.14  646.90 v _230316_/SN (FAx1_ASAP7_75t_R)
                                         _011945_ (net)
                 20.27    0.00  646.90 v _196059_/A (INVx1_ASAP7_75t_R)
     1    1.65   15.08   12.27  659.16 ^ _196059_/Y (INVx1_ASAP7_75t_R)
                                         _011946_ (net)
                 15.08    0.00  659.16 ^ _230589_/CI (FAx1_ASAP7_75t_R)
     3    3.42   41.34   25.22  684.39 v _230589_/CON (FAx1_ASAP7_75t_R)
                                         _013279_ (net)
     1    0.68   25.57   16.60  700.99 ^ _230589_/SN (FAx1_ASAP7_75t_R)
                                         _013280_ (net)
                 25.57    0.00  700.99 ^ _196049_/A (INVx1_ASAP7_75t_R)
     1    2.24   16.75   13.52  714.51 v _196049_/Y (INVx1_ASAP7_75t_R)
                                         _013281_ (net)
                 16.75    0.00  714.51 v _230609_/B (FAx1_ASAP7_75t_R)
     2    1.76   36.06   23.90  738.41 ^ _230609_/CON (FAx1_ASAP7_75t_R)
                                         _013368_ (net)
     1    0.68   20.27   13.08  751.48 v _230609_/SN (FAx1_ASAP7_75t_R)
                                         _013369_ (net)
                 20.27    0.00  751.48 v _196025_/A (INVx1_ASAP7_75t_R)
     1    2.24   18.08   14.12  765.61 ^ _196025_/Y (INVx1_ASAP7_75t_R)
                                         _013370_ (net)
                 18.08    0.00  765.61 ^ _230626_/B (FAx1_ASAP7_75t_R)
     1    1.64   26.51   19.80  785.41 v _230626_/CON (FAx1_ASAP7_75t_R)
                                         _013439_ (net)
                 26.51    0.00  785.41 v _227743_/B (XOR2x1_ASAP7_75t_R)
     1    1.64   18.16   23.55  808.95 v _227743_/Y (XOR2x1_ASAP7_75t_R)
                                         _101425_ (net)
                 18.16    0.00  808.95 v _227744_/B (XOR2x1_ASAP7_75t_R)
     1    1.64   14.84   21.42  830.38 v _227744_/Y (XOR2x1_ASAP7_75t_R)
                                         _101426_ (net)
                 14.84    0.00  830.38 v _227745_/B (XOR2x1_ASAP7_75t_R)
     1    1.08   12.03   19.38  849.75 v _227745_/Y (XOR2x1_ASAP7_75t_R)
                                         _101427_ (net)
                 12.03    0.00  849.75 v _227746_/B (XOR2x2_ASAP7_75t_R)
     1    1.64    9.04   20.79  870.54 v _227746_/Y (XOR2x2_ASAP7_75t_R)
                                         _101428_ (net)
                  9.04    0.00  870.54 v _227747_/B (XOR2x1_ASAP7_75t_R)
     1    1.69   12.88   18.76  889.30 v _227747_/Y (XOR2x1_ASAP7_75t_R)
                                         _101429_ (net)
                 12.88    0.00  889.30 v _227980_/A (XOR2x1_ASAP7_75t_R)
     2    1.63   13.36   19.64  908.94 v _227980_/Y (XOR2x1_ASAP7_75t_R)
                                         _101662_ (net)
                 13.36    0.00  908.94 v _227983_/A (AND2x2_ASAP7_75t_R)
     1    2.11    8.92   18.66  927.60 v _227983_/Y (AND2x2_ASAP7_75t_R)
                                         _101665_ (net)
                  8.92    0.00  927.60 v _227985_/A (NOR2x2_ASAP7_75t_R)
     1    0.62    9.25    6.65  934.25 ^ _227985_/Y (NOR2x2_ASAP7_75t_R)
                                         _057737_ (net)
                  9.25    0.00  934.25 ^ fully_connected.data_out[11]$_SDFF_PN0_/D (DFFHQNx1_ASAP7_75t_R)
                                934.25   data arrival time

                  0.00  400.00  400.00   clock clk (rise edge)
                          0.00  400.00   clock network delay (ideal)
                          0.00  400.00   clock reconvergence pessimism
                                400.00 ^ fully_connected.data_out[11]$_SDFF_PN0_/CLK (DFFHQNx1_ASAP7_75t_R)
                        -15.35  384.65   library setup time
                                384.65   data required time
-----------------------------------------------------------------------------
                                384.65   data required time
                               -934.25   data arrival time
-----------------------------------------------------------------------------
                               -549.60   slack (VIOLATED)



==========================================================================
Post synthesis report_power
--------------------------------------------------------------------------
Group                  Internal  Switching    Leakage      Total
                          Power      Power      Power      Power (Watts)
----------------------------------------------------------------
Sequential             3.19e-02   8.46e-04   1.05e-06   3.28e-02  18.9%
Combinational          6.28e-02   7.81e-02   9.11e-06   1.41e-01  81.1%
Clock                  0.00e+00   0.00e+00   0.00e+00   0.00e+00   0.0%
Macro                  0.00e+00   0.00e+00   0.00e+00   0.00e+00   0.0%
Pad                    0.00e+00   0.00e+00   0.00e+00   0.00e+00   0.0%
----------------------------------------------------------------
Total                  9.47e-02   7.90e-02   1.02e-05   1.74e-01 100.0%
                          54.5%      45.5%       0.0%
