
==========================================================================
Post synthesis report_tns
--------------------------------------------------------------------------
tns max -747231.62

==========================================================================
Post synthesis report_wns
--------------------------------------------------------------------------
wns max -1081.47

==========================================================================
Post synthesis report_worst_slack
--------------------------------------------------------------------------
worst slack max -1081.47

==========================================================================
Post synthesis report_clock_min_period
--------------------------------------------------------------------------
clk period_min = 1481.47 fmax = 675.01

==========================================================================
Post synthesis report_checks -path_delay min
--------------------------------------------------------------------------
Startpoint: comparator.cmp2_2[11]$_SDFFE_PN0P_
            (rising edge-triggered flip-flop clocked by clk)
Endpoint: comparator.cmp2_2[11]$_SDFFE_PN0P_
          (rising edge-triggered flip-flop clocked by clk)
Path Group: clk
Path Type: min

Fanout     Cap    Slew   Delay    Time   Description
-----------------------------------------------------------------------------
                  0.00    0.00    0.00   clock clk (rise edge)
                          0.00    0.00   clock network delay (ideal)
                  0.00    0.00    0.00 ^ comparator.cmp2_2[11]$_SDFFE_PN0P_/CLK (DFFHQNx1_ASAP7_75t_R)
     2    1.25   16.15   34.68   34.68 ^ comparator.cmp2_2[11]$_SDFFE_PN0P_/QN (DFFHQNx1_ASAP7_75t_R)
                                         _000160_ (net)
                 16.15    0.00   34.68 ^ _279726_/A1 (AOI21x1_ASAP7_75t_R)
     1    0.55    5.25    8.35   43.03 v _279726_/Y (AOI21x1_ASAP7_75t_R)
                                         _093327_ (net)
                  5.25    0.00   43.03 v comparator.cmp2_2[11]$_SDFFE_PN0P_/D (DFFHQNx1_ASAP7_75t_R)
                                 43.03   data arrival time

                  0.00    0.00    0.00   clock clk (rise edge)
                          0.00    0.00   clock network delay (ideal)
                          0.00    0.00   clock reconvergence pessimism
                                  0.00 ^ comparator.cmp2_2[11]$_SDFFE_PN0P_/CLK (DFFHQNx1_ASAP7_75t_R)
                          8.72    8.72   library hold time
                                  8.72   data required time
-----------------------------------------------------------------------------
                                  8.72   data required time
                                -43.03   data arrival time
-----------------------------------------------------------------------------
                                 34.31   slack (MET)



==========================================================================
Post synthesis report_checks -path_delay max
--------------------------------------------------------------------------
Startpoint: fully_connected.out_idx[0]$_DFF_P_
            (rising edge-triggered flip-flop clocked by clk)
Endpoint: comparator.buffer[9][11]$_DFFE_PP_
          (rising edge-triggered flip-flop clocked by clk)
Path Group: clk
Path Type: max

Fanout     Cap    Slew   Delay    Time   Description
-----------------------------------------------------------------------------
                  0.00    0.00    0.00   clock clk (rise edge)
                          0.00    0.00   clock network delay (ideal)
                  0.00    0.00    0.00 ^ fully_connected.out_idx[0]$_DFF_P_/CLK (DFFHQNx1_ASAP7_75t_R)
     6    5.66   37.75   48.60   48.60 v fully_connected.out_idx[0]$_DFF_P_/QN (DFFHQNx1_ASAP7_75t_R)
                                         _075576_ (net)
                 37.75    0.00   48.60 v _172629_/A (INVx1_ASAP7_75t_R)
     5    5.00   36.88   27.44   76.04 ^ _172629_/Y (INVx1_ASAP7_75t_R)
                                         fully_connected.out_idx[0] (net)
                 36.88    0.00   76.04 ^ _296786_/A (HAxp5_ASAP7_75t_R)
     4    4.17   50.85   29.01  105.04 v _296786_/CON (HAxp5_ASAP7_75t_R)
                                         _075584_ (net)
                 50.85    0.00  105.04 v _169763_/A (INVx1_ASAP7_75t_R)
     1    1.65   21.74   17.81  122.85 ^ _169763_/Y (INVx1_ASAP7_75t_R)
                                         _028647_ (net)
                 21.74    0.00  122.85 ^ _285590_/CI (FAx1_ASAP7_75t_R)
     4    3.67   47.02   28.28  151.13 v _285590_/CON (FAx1_ASAP7_75t_R)
                                         _028648_ (net)
     3    2.34   54.95   26.96  178.09 ^ _285590_/SN (FAx1_ASAP7_75t_R)
                                         _028649_ (net)
                 54.95    0.00  178.09 ^ _173276_/A (INVx1_ASAP7_75t_R)
     2    1.86   20.59   16.18  194.28 v _173276_/Y (INVx1_ASAP7_75t_R)
                                         _094056_ (net)
                 20.59    0.00  194.28 v _173277_/A (BUFx2_ASAP7_75t_R)
    10    7.16   20.81   25.99  220.27 v _173277_/Y (BUFx2_ASAP7_75t_R)
                                         _028650_ (net)
                 20.81    0.00  220.27 v _296880_/B (HAxp5_ASAP7_75t_R)
     1    0.58   18.50   13.29  233.56 ^ _296880_/CON (HAxp5_ASAP7_75t_R)
                                         _075818_ (net)
                 18.50    0.00  233.56 ^ _176889_/A (BUFx2_ASAP7_75t_R)
     6    6.35   21.85   23.88  257.45 ^ _176889_/Y (BUFx2_ASAP7_75t_R)
                                         _094704_ (net)
                 21.85    0.00  257.45 ^ _180138_/B (NOR2x1_ASAP7_75t_R)
     3    2.77   25.19   15.70  273.15 v _180138_/Y (NOR2x1_ASAP7_75t_R)
                                         _096050_ (net)
                 25.19    0.00  273.15 v _180139_/A (INVx1_ASAP7_75t_R)
     2    2.16   18.89   15.00  288.15 ^ _180139_/Y (INVx1_ASAP7_75t_R)
                                         _096051_ (net)
                 18.89    0.00  288.15 ^ _180140_/A (NAND2x1_ASAP7_75t_R)
     2    1.70   14.11   10.01  298.16 v _180140_/Y (NAND2x1_ASAP7_75t_R)
                                         _096052_ (net)
                 14.11    0.00  298.16 v _180143_/A1 (AO21x1_ASAP7_75t_R)
     4    4.41   24.49   26.59  324.75 v _180143_/Y (AO21x1_ASAP7_75t_R)
                                         _096055_ (net)
                 24.49    0.00  324.75 v _180224_/B (NOR2x1_ASAP7_75t_R)
     6    6.02   44.26   25.94  350.69 ^ _180224_/Y (NOR2x1_ASAP7_75t_R)
                                         _096119_ (net)
                 44.26    0.00  350.69 ^ _180294_/A (INVx1_ASAP7_75t_R)
    10    6.57   39.99   30.13  380.82 v _180294_/Y (INVx1_ASAP7_75t_R)
                                         _096175_ (net)
                 39.99    0.00  380.82 v _180593_/A1 (AO21x1_ASAP7_75t_R)
     4    2.70   17.09   28.50  409.32 v _180593_/Y (AO21x1_ASAP7_75t_R)
                                         _096336_ (net)
                 17.09    0.00  409.32 v _180595_/A (NAND2x1_ASAP7_75t_R)
     2    1.76   17.54   14.63  423.96 ^ _180595_/Y (NAND2x1_ASAP7_75t_R)
                                         _096338_ (net)
                 17.54    0.00  423.96 ^ _180596_/B (NOR2x1_ASAP7_75t_R)
     1    1.08   11.98    9.62  433.58 v _180596_/Y (NOR2x1_ASAP7_75t_R)
                                         _096339_ (net)
                 11.98    0.00  433.58 v _180597_/B (NAND2x1_ASAP7_75t_R)
     4    5.20   36.15   20.80  454.38 ^ _180597_/Y (NAND2x1_ASAP7_75t_R)
                                         _096340_ (net)
                 36.15    0.00  454.38 ^ _180609_/A (NOR2x2_ASAP7_75t_R)
     6    5.86   24.86   21.02  475.39 v _180609_/Y (NOR2x2_ASAP7_75t_R)
                                         _096352_ (net)
                 24.86    0.00  475.39 v _180610_/A (INVx2_ASAP7_75t_R)
     6    5.97   22.79   17.43  492.82 ^ _180610_/Y (INVx2_ASAP7_75t_R)
                                         _096353_ (net)
                 22.79    0.00  492.82 ^ _180611_/A (BUFx2_ASAP7_75t_R)
    10    9.65   31.55   29.27  522.09 ^ _180611_/Y (BUFx2_ASAP7_75t_R)
                                         _096354_ (net)
                 31.55    0.00  522.09 ^ _181240_/A (AND2x2_ASAP7_75t_R)
     1    0.52    6.27   17.21  539.30 ^ _181240_/Y (AND2x2_ASAP7_75t_R)
                                         _096588_ (net)
                  6.27    0.00  539.30 ^ _181241_/B (AND5x1_ASAP7_75t_R)
     1    1.08   14.43   27.80  567.10 ^ _181241_/Y (AND5x1_ASAP7_75t_R)
                                         _096589_ (net)
                 14.43    0.00  567.10 ^ _181242_/B (NAND2x1_ASAP7_75t_R)
     3    1.69   12.37    9.47  576.57 v _181242_/Y (NAND2x1_ASAP7_75t_R)
                                         _096590_ (net)
                 12.37    0.00  576.57 v _181243_/A (BUFx2_ASAP7_75t_R)
    10    5.54   16.80   21.49  598.06 v _181243_/Y (BUFx2_ASAP7_75t_R)
                                         _096591_ (net)
                 16.80    0.00  598.06 v _181251_/A (AND2x2_ASAP7_75t_R)
     1    2.04    9.04   19.69  617.75 v _181251_/Y (AND2x2_ASAP7_75t_R)
                                         _006092_ (net)
                  9.04    0.00  617.75 v _281227_/A (FAx1_ASAP7_75t_R)
     1    0.68   19.39   27.52  645.27 v _281227_/SN (FAx1_ASAP7_75t_R)
                                         _006096_ (net)
                 19.39    0.00  645.27 v _167895_/A (INVx1_ASAP7_75t_R)
     1    1.65   14.86   12.03  657.31 ^ _167895_/Y (INVx1_ASAP7_75t_R)
                                         _006098_ (net)
                 14.86    0.00  657.31 ^ _281266_/CI (FAx1_ASAP7_75t_R)
     1    0.68   20.23   28.58  685.88 v _281266_/SN (FAx1_ASAP7_75t_R)
                                         _006298_ (net)
                 20.23    0.00  685.88 v _178995_/A (INVx1_ASAP7_75t_R)
     1    1.65   15.07   12.26  698.14 ^ _178995_/Y (INVx1_ASAP7_75t_R)
                                         _006300_ (net)
                 15.07    0.00  698.14 ^ _281381_/CI (FAx1_ASAP7_75t_R)
     1    0.68   20.27   28.64  726.77 v _281381_/SN (FAx1_ASAP7_75t_R)
                                         _006892_ (net)
                 20.27    0.00  726.77 v _168769_/A (INVx1_ASAP7_75t_R)
     1    2.24   18.08   14.12  740.90 ^ _168769_/Y (INVx1_ASAP7_75t_R)
                                         _006894_ (net)
                 18.08    0.00  740.90 ^ _281398_/B (FAx1_ASAP7_75t_R)
     1    0.68   20.27   29.27  770.17 v _281398_/SN (FAx1_ASAP7_75t_R)
                                         _006976_ (net)
                 20.27    0.00  770.17 v _178787_/A (INVx1_ASAP7_75t_R)
     1    1.65   15.08   12.27  782.43 ^ _178787_/Y (INVx1_ASAP7_75t_R)
                                         _006978_ (net)
                 15.08    0.00  782.43 ^ _281562_/CI (FAx1_ASAP7_75t_R)
     1    0.68   20.27   28.64  811.07 v _281562_/SN (FAx1_ASAP7_75t_R)
                                         _007837_ (net)
                 20.27    0.00  811.07 v _186474_/A (INVx1_ASAP7_75t_R)
     1    1.65   15.08   12.27  823.34 ^ _186474_/Y (INVx1_ASAP7_75t_R)
                                         _007839_ (net)
                 15.08    0.00  823.34 ^ _281785_/CI (FAx1_ASAP7_75t_R)
     1    0.68   20.27   28.64  851.98 v _281785_/SN (FAx1_ASAP7_75t_R)
                                         _008933_ (net)
                 20.27    0.00  851.98 v _261808_/A (INVx1_ASAP7_75t_R)
     1    1.65   15.08   12.27  864.24 ^ _261808_/Y (INVx1_ASAP7_75t_R)
                                         _008935_ (net)
                 15.08    0.00  864.24 ^ _282247_/CI (FAx1_ASAP7_75t_R)
     1    0.68   20.27   28.64  892.88 v _282247_/SN (FAx1_ASAP7_75t_R)
                                         _011342_ (net)
                 20.27    0.00  892.88 v _186357_/A (INVx1_ASAP7_75t_R)
     1    1.65   15.08   12.27  905.15 ^ _186357_/Y (INVx1_ASAP7_75t_R)
                                         _011344_ (net)
                 15.08    0.00  905.15 ^ _282603_/CI (FAx1_ASAP7_75t_R)
     1    0.68   20.27   28.64  933.78 v _282603_/SN (FAx1_ASAP7_75t_R)
                                         _013185_ (net)
                 20.27    0.00  933.78 v _261482_/A (INVx1_ASAP7_75t_R)
     1    2.24   18.08   14.12  947.91 ^ _261482_/Y (INVx1_ASAP7_75t_R)
                                         _013187_ (net)
                 18.08    0.00  947.91 ^ _282622_/B (FAx1_ASAP7_75t_R)
     1    0.68   20.27   29.27  977.18 v _282622_/SN (FAx1_ASAP7_75t_R)
                                         _013264_ (net)
                 20.27    0.00  977.18 v _201303_/A (INVx1_ASAP7_75t_R)
     1    1.65   15.08   12.27  989.44 ^ _201303_/Y (INVx1_ASAP7_75t_R)
                                         _013266_ (net)
                 15.08    0.00  989.44 ^ _284472_/CI (FAx1_ASAP7_75t_R)
     1    0.68   20.27   28.64 1018.08 v _284472_/SN (FAx1_ASAP7_75t_R)
                                         _022813_ (net)
                 20.27    0.00 1018.08 v _201301_/A (INVx1_ASAP7_75t_R)
     1    1.65   15.08   12.27 1030.35 ^ _201301_/Y (INVx1_ASAP7_75t_R)
                                         _022815_ (net)
                 15.08    0.00 1030.35 ^ _284732_/CI (FAx1_ASAP7_75t_R)
     1    0.68   20.27   28.64 1058.99 v _284732_/SN (FAx1_ASAP7_75t_R)
                                         _024033_ (net)
                 20.27    0.00 1058.99 v _165291_/A (INVx1_ASAP7_75t_R)
     1    2.24   18.08   14.12 1073.11 ^ _165291_/Y (INVx1_ASAP7_75t_R)
                                         _024035_ (net)
                 18.08    0.00 1073.11 ^ _284749_/B (FAx1_ASAP7_75t_R)
     1    0.68   20.27   29.27 1102.38 v _284749_/SN (FAx1_ASAP7_75t_R)
                                         _024102_ (net)
                 20.27    0.00 1102.38 v _200293_/A (INVx1_ASAP7_75t_R)
     1    2.24   18.08   14.12 1116.51 ^ _200293_/Y (INVx1_ASAP7_75t_R)
                                         _024104_ (net)
                 18.08    0.00 1116.51 ^ _284766_/B (FAx1_ASAP7_75t_R)
     1    0.68   20.27   29.27 1145.77 v _284766_/SN (FAx1_ASAP7_75t_R)
                                         _024170_ (net)
                 20.27    0.00 1145.77 v _261368_/A (INVx1_ASAP7_75t_R)
     1    2.24   18.08   14.12 1159.90 ^ _261368_/Y (INVx1_ASAP7_75t_R)
                                         _024172_ (net)
                 18.08    0.00 1159.90 ^ _284783_/B (FAx1_ASAP7_75t_R)
     1    0.68   20.27   29.27 1189.17 v _284783_/SN (FAx1_ASAP7_75t_R)
                                         _024241_ (net)
                 20.27    0.00 1189.17 v _203888_/A (INVx1_ASAP7_75t_R)
     1    0.93   11.34    9.56 1198.73 ^ _203888_/Y (INVx1_ASAP7_75t_R)
                                         _024243_ (net)
                 11.34    0.00 1198.73 ^ _297215_/B (HAxp5_ASAP7_75t_R)
     5    3.76   44.16   53.87 1252.60 v _297215_/SN (HAxp5_ASAP7_75t_R)
                                         _076698_ (net)
                 44.16    0.00 1252.60 v _262283_/A2 (OA21x2_ASAP7_75t_R)
     1    0.62    7.31   25.22 1277.82 v _262283_/Y (OA21x2_ASAP7_75t_R)
                                         _147404_ (net)
                  7.31    0.00 1277.82 v _262288_/A1 (OA21x2_ASAP7_75t_R)
     1    0.63    6.10   16.08 1293.90 v _262288_/Y (OA21x2_ASAP7_75t_R)
                                         _147409_ (net)
                  6.10    0.00 1293.90 v _262289_/B (OA21x2_ASAP7_75t_R)
     3    2.33   10.33   14.17 1308.08 v _262289_/Y (OA21x2_ASAP7_75t_R)
                                         _147410_ (net)
                 10.33    0.00 1308.08 v _262290_/A1 (OA21x2_ASAP7_75t_R)
     2    1.61    9.19   18.43 1326.50 v _262290_/Y (OA21x2_ASAP7_75t_R)
                                         _147411_ (net)
                  9.19    0.00 1326.50 v _262291_/A1 (OA21x2_ASAP7_75t_R)
     2    1.61    8.85   18.18 1344.69 v _262291_/Y (OA21x2_ASAP7_75t_R)
                                         _147412_ (net)
                  8.85    0.00 1344.69 v _262292_/A1 (OA21x2_ASAP7_75t_R)
     3    2.79   11.74   20.14 1364.83 v _262292_/Y (OA21x2_ASAP7_75t_R)
                                         _147413_ (net)
                 11.74    0.00 1364.83 v _262293_/A2 (OAI21x1_ASAP7_75t_R)
     3    3.26   30.69   15.79 1380.61 ^ _262293_/Y (OAI21x1_ASAP7_75t_R)
                                         _147414_ (net)
                 30.69    0.00 1380.61 ^ _275397_/A2 (AOI21x1_ASAP7_75t_R)
     1    1.08   13.58   10.21 1390.82 v _275397_/Y (AOI21x1_ASAP7_75t_R)
                                         _155743_ (net)
                 13.58    0.00 1390.82 v _275398_/B (XOR2x2_ASAP7_75t_R)
     2    1.91   10.42   27.30 1418.12 ^ _275398_/Y (XOR2x2_ASAP7_75t_R)
                                         _155744_ (net)
                 10.42    0.00 1418.12 ^ _275399_/A (INVx1_ASAP7_75t_R)
     1    1.05    8.01    6.90 1425.03 v _275399_/Y (INVx1_ASAP7_75t_R)
                                         _155745_ (net)
                  8.01    0.00 1425.03 v _275980_/A (NAND2x1_ASAP7_75t_R)
     1    2.10   17.79   12.54 1437.57 ^ _275980_/Y (NAND2x1_ASAP7_75t_R)
                                         _156326_ (net)
                 17.79    0.00 1437.57 ^ _275982_/A (NAND2x2_ASAP7_75t_R)
    10   10.80   29.89   17.83 1455.40 v _275982_/Y (NAND2x2_ASAP7_75t_R)
                                         _156328_ (net)
                 29.89    0.00 1455.40 v _275985_/A2 (AOI21x1_ASAP7_75t_R)
     1    0.62   13.00   11.51 1466.91 ^ _275985_/Y (AOI21x1_ASAP7_75t_R)
                                         _093255_ (net)
                 13.00    0.00 1466.91 ^ comparator.buffer[9][11]$_DFFE_PP_/D (DFFHQNx1_ASAP7_75t_R)
                               1466.91   data arrival time

                  0.00  400.00  400.00   clock clk (rise edge)
                          0.00  400.00   clock network delay (ideal)
                          0.00  400.00   clock reconvergence pessimism
                                400.00 ^ comparator.buffer[9][11]$_DFFE_PP_/CLK (DFFHQNx1_ASAP7_75t_R)
                        -14.55  385.45   library setup time
                                385.45   data required time
-----------------------------------------------------------------------------
                                385.45   data required time
                               -1466.91   data arrival time
-----------------------------------------------------------------------------
                               -1081.47   slack (VIOLATED)



==========================================================================
Post synthesis report_checks -unconstrained
--------------------------------------------------------------------------
Startpoint: fully_connected.out_idx[0]$_DFF_P_
            (rising edge-triggered flip-flop clocked by clk)
Endpoint: comparator.buffer[9][11]$_DFFE_PP_
          (rising edge-triggered flip-flop clocked by clk)
Path Group: clk
Path Type: max

Fanout     Cap    Slew   Delay    Time   Description
-----------------------------------------------------------------------------
                  0.00    0.00    0.00   clock clk (rise edge)
                          0.00    0.00   clock network delay (ideal)
                  0.00    0.00    0.00 ^ fully_connected.out_idx[0]$_DFF_P_/CLK (DFFHQNx1_ASAP7_75t_R)
     6    5.66   37.75   48.60   48.60 v fully_connected.out_idx[0]$_DFF_P_/QN (DFFHQNx1_ASAP7_75t_R)
                                         _075576_ (net)
                 37.75    0.00   48.60 v _172629_/A (INVx1_ASAP7_75t_R)
     5    5.00   36.88   27.44   76.04 ^ _172629_/Y (INVx1_ASAP7_75t_R)
                                         fully_connected.out_idx[0] (net)
                 36.88    0.00   76.04 ^ _296786_/A (HAxp5_ASAP7_75t_R)
     4    4.17   50.85   29.01  105.04 v _296786_/CON (HAxp5_ASAP7_75t_R)
                                         _075584_ (net)
                 50.85    0.00  105.04 v _169763_/A (INVx1_ASAP7_75t_R)
     1    1.65   21.74   17.81  122.85 ^ _169763_/Y (INVx1_ASAP7_75t_R)
                                         _028647_ (net)
                 21.74    0.00  122.85 ^ _285590_/CI (FAx1_ASAP7_75t_R)
     4    3.67   47.02   28.28  151.13 v _285590_/CON (FAx1_ASAP7_75t_R)
                                         _028648_ (net)
     3    2.34   54.95   26.96  178.09 ^ _285590_/SN (FAx1_ASAP7_75t_R)
                                         _028649_ (net)
                 54.95    0.00  178.09 ^ _173276_/A (INVx1_ASAP7_75t_R)
     2    1.86   20.59   16.18  194.28 v _173276_/Y (INVx1_ASAP7_75t_R)
                                         _094056_ (net)
                 20.59    0.00  194.28 v _173277_/A (BUFx2_ASAP7_75t_R)
    10    7.16   20.81   25.99  220.27 v _173277_/Y (BUFx2_ASAP7_75t_R)
                                         _028650_ (net)
                 20.81    0.00  220.27 v _296880_/B (HAxp5_ASAP7_75t_R)
     1    0.58   18.50   13.29  233.56 ^ _296880_/CON (HAxp5_ASAP7_75t_R)
                                         _075818_ (net)
                 18.50    0.00  233.56 ^ _176889_/A (BUFx2_ASAP7_75t_R)
     6    6.35   21.85   23.88  257.45 ^ _176889_/Y (BUFx2_ASAP7_75t_R)
                                         _094704_ (net)
                 21.85    0.00  257.45 ^ _180138_/B (NOR2x1_ASAP7_75t_R)
     3    2.77   25.19   15.70  273.15 v _180138_/Y (NOR2x1_ASAP7_75t_R)
                                         _096050_ (net)
                 25.19    0.00  273.15 v _180139_/A (INVx1_ASAP7_75t_R)
     2    2.16   18.89   15.00  288.15 ^ _180139_/Y (INVx1_ASAP7_75t_R)
                                         _096051_ (net)
                 18.89    0.00  288.15 ^ _180140_/A (NAND2x1_ASAP7_75t_R)
     2    1.70   14.11   10.01  298.16 v _180140_/Y (NAND2x1_ASAP7_75t_R)
                                         _096052_ (net)
                 14.11    0.00  298.16 v _180143_/A1 (AO21x1_ASAP7_75t_R)
     4    4.41   24.49   26.59  324.75 v _180143_/Y (AO21x1_ASAP7_75t_R)
                                         _096055_ (net)
                 24.49    0.00  324.75 v _180224_/B (NOR2x1_ASAP7_75t_R)
     6    6.02   44.26   25.94  350.69 ^ _180224_/Y (NOR2x1_ASAP7_75t_R)
                                         _096119_ (net)
                 44.26    0.00  350.69 ^ _180294_/A (INVx1_ASAP7_75t_R)
    10    6.57   39.99   30.13  380.82 v _180294_/Y (INVx1_ASAP7_75t_R)
                                         _096175_ (net)
                 39.99    0.00  380.82 v _180593_/A1 (AO21x1_ASAP7_75t_R)
     4    2.70   17.09   28.50  409.32 v _180593_/Y (AO21x1_ASAP7_75t_R)
                                         _096336_ (net)
                 17.09    0.00  409.32 v _180595_/A (NAND2x1_ASAP7_75t_R)
     2    1.76   17.54   14.63  423.96 ^ _180595_/Y (NAND2x1_ASAP7_75t_R)
                                         _096338_ (net)
                 17.54    0.00  423.96 ^ _180596_/B (NOR2x1_ASAP7_75t_R)
     1    1.08   11.98    9.62  433.58 v _180596_/Y (NOR2x1_ASAP7_75t_R)
                                         _096339_ (net)
                 11.98    0.00  433.58 v _180597_/B (NAND2x1_ASAP7_75t_R)
     4    5.20   36.15   20.80  454.38 ^ _180597_/Y (NAND2x1_ASAP7_75t_R)
                                         _096340_ (net)
                 36.15    0.00  454.38 ^ _180609_/A (NOR2x2_ASAP7_75t_R)
     6    5.86   24.86   21.02  475.39 v _180609_/Y (NOR2x2_ASAP7_75t_R)
                                         _096352_ (net)
                 24.86    0.00  475.39 v _180610_/A (INVx2_ASAP7_75t_R)
     6    5.97   22.79   17.43  492.82 ^ _180610_/Y (INVx2_ASAP7_75t_R)
                                         _096353_ (net)
                 22.79    0.00  492.82 ^ _180611_/A (BUFx2_ASAP7_75t_R)
    10    9.65   31.55   29.27  522.09 ^ _180611_/Y (BUFx2_ASAP7_75t_R)
                                         _096354_ (net)
                 31.55    0.00  522.09 ^ _181240_/A (AND2x2_ASAP7_75t_R)
     1    0.52    6.27   17.21  539.30 ^ _181240_/Y (AND2x2_ASAP7_75t_R)
                                         _096588_ (net)
                  6.27    0.00  539.30 ^ _181241_/B (AND5x1_ASAP7_75t_R)
     1    1.08   14.43   27.80  567.10 ^ _181241_/Y (AND5x1_ASAP7_75t_R)
                                         _096589_ (net)
                 14.43    0.00  567.10 ^ _181242_/B (NAND2x1_ASAP7_75t_R)
     3    1.69   12.37    9.47  576.57 v _181242_/Y (NAND2x1_ASAP7_75t_R)
                                         _096590_ (net)
                 12.37    0.00  576.57 v _181243_/A (BUFx2_ASAP7_75t_R)
    10    5.54   16.80   21.49  598.06 v _181243_/Y (BUFx2_ASAP7_75t_R)
                                         _096591_ (net)
                 16.80    0.00  598.06 v _181251_/A (AND2x2_ASAP7_75t_R)
     1    2.04    9.04   19.69  617.75 v _181251_/Y (AND2x2_ASAP7_75t_R)
                                         _006092_ (net)
                  9.04    0.00  617.75 v _281227_/A (FAx1_ASAP7_75t_R)
     1    0.68   19.39   27.52  645.27 v _281227_/SN (FAx1_ASAP7_75t_R)
                                         _006096_ (net)
                 19.39    0.00  645.27 v _167895_/A (INVx1_ASAP7_75t_R)
     1    1.65   14.86   12.03  657.31 ^ _167895_/Y (INVx1_ASAP7_75t_R)
                                         _006098_ (net)
                 14.86    0.00  657.31 ^ _281266_/CI (FAx1_ASAP7_75t_R)
     1    0.68   20.23   28.58  685.88 v _281266_/SN (FAx1_ASAP7_75t_R)
                                         _006298_ (net)
                 20.23    0.00  685.88 v _178995_/A (INVx1_ASAP7_75t_R)
     1    1.65   15.07   12.26  698.14 ^ _178995_/Y (INVx1_ASAP7_75t_R)
                                         _006300_ (net)
                 15.07    0.00  698.14 ^ _281381_/CI (FAx1_ASAP7_75t_R)
     1    0.68   20.27   28.64  726.77 v _281381_/SN (FAx1_ASAP7_75t_R)
                                         _006892_ (net)
                 20.27    0.00  726.77 v _168769_/A (INVx1_ASAP7_75t_R)
     1    2.24   18.08   14.12  740.90 ^ _168769_/Y (INVx1_ASAP7_75t_R)
                                         _006894_ (net)
                 18.08    0.00  740.90 ^ _281398_/B (FAx1_ASAP7_75t_R)
     1    0.68   20.27   29.27  770.17 v _281398_/SN (FAx1_ASAP7_75t_R)
                                         _006976_ (net)
                 20.27    0.00  770.17 v _178787_/A (INVx1_ASAP7_75t_R)
     1    1.65   15.08   12.27  782.43 ^ _178787_/Y (INVx1_ASAP7_75t_R)
                                         _006978_ (net)
                 15.08    0.00  782.43 ^ _281562_/CI (FAx1_ASAP7_75t_R)
     1    0.68   20.27   28.64  811.07 v _281562_/SN (FAx1_ASAP7_75t_R)
                                         _007837_ (net)
                 20.27    0.00  811.07 v _186474_/A (INVx1_ASAP7_75t_R)
     1    1.65   15.08   12.27  823.34 ^ _186474_/Y (INVx1_ASAP7_75t_R)
                                         _007839_ (net)
                 15.08    0.00  823.34 ^ _281785_/CI (FAx1_ASAP7_75t_R)
     1    0.68   20.27   28.64  851.98 v _281785_/SN (FAx1_ASAP7_75t_R)
                                         _008933_ (net)
                 20.27    0.00  851.98 v _261808_/A (INVx1_ASAP7_75t_R)
     1    1.65   15.08   12.27  864.24 ^ _261808_/Y (INVx1_ASAP7_75t_R)
                                         _008935_ (net)
                 15.08    0.00  864.24 ^ _282247_/CI (FAx1_ASAP7_75t_R)
     1    0.68   20.27   28.64  892.88 v _282247_/SN (FAx1_ASAP7_75t_R)
                                         _011342_ (net)
                 20.27    0.00  892.88 v _186357_/A (INVx1_ASAP7_75t_R)
     1    1.65   15.08   12.27  905.15 ^ _186357_/Y (INVx1_ASAP7_75t_R)
                                         _011344_ (net)
                 15.08    0.00  905.15 ^ _282603_/CI (FAx1_ASAP7_75t_R)
     1    0.68   20.27   28.64  933.78 v _282603_/SN (FAx1_ASAP7_75t_R)
                                         _013185_ (net)
                 20.27    0.00  933.78 v _261482_/A (INVx1_ASAP7_75t_R)
     1    2.24   18.08   14.12  947.91 ^ _261482_/Y (INVx1_ASAP7_75t_R)
                                         _013187_ (net)
                 18.08    0.00  947.91 ^ _282622_/B (FAx1_ASAP7_75t_R)
     1    0.68   20.27   29.27  977.18 v _282622_/SN (FAx1_ASAP7_75t_R)
                                         _013264_ (net)
                 20.27    0.00  977.18 v _201303_/A (INVx1_ASAP7_75t_R)
     1    1.65   15.08   12.27  989.44 ^ _201303_/Y (INVx1_ASAP7_75t_R)
                                         _013266_ (net)
                 15.08    0.00  989.44 ^ _284472_/CI (FAx1_ASAP7_75t_R)
     1    0.68   20.27   28.64 1018.08 v _284472_/SN (FAx1_ASAP7_75t_R)
                                         _022813_ (net)
                 20.27    0.00 1018.08 v _201301_/A (INVx1_ASAP7_75t_R)
     1    1.65   15.08   12.27 1030.35 ^ _201301_/Y (INVx1_ASAP7_75t_R)
                                         _022815_ (net)
                 15.08    0.00 1030.35 ^ _284732_/CI (FAx1_ASAP7_75t_R)
     1    0.68   20.27   28.64 1058.99 v _284732_/SN (FAx1_ASAP7_75t_R)
                                         _024033_ (net)
                 20.27    0.00 1058.99 v _165291_/A (INVx1_ASAP7_75t_R)
     1    2.24   18.08   14.12 1073.11 ^ _165291_/Y (INVx1_ASAP7_75t_R)
                                         _024035_ (net)
                 18.08    0.00 1073.11 ^ _284749_/B (FAx1_ASAP7_75t_R)
     1    0.68   20.27   29.27 1102.38 v _284749_/SN (FAx1_ASAP7_75t_R)
                                         _024102_ (net)
                 20.27    0.00 1102.38 v _200293_/A (INVx1_ASAP7_75t_R)
     1    2.24   18.08   14.12 1116.51 ^ _200293_/Y (INVx1_ASAP7_75t_R)
                                         _024104_ (net)
                 18.08    0.00 1116.51 ^ _284766_/B (FAx1_ASAP7_75t_R)
     1    0.68   20.27   29.27 1145.77 v _284766_/SN (FAx1_ASAP7_75t_R)
                                         _024170_ (net)
                 20.27    0.00 1145.77 v _261368_/A (INVx1_ASAP7_75t_R)
     1    2.24   18.08   14.12 1159.90 ^ _261368_/Y (INVx1_ASAP7_75t_R)
                                         _024172_ (net)
                 18.08    0.00 1159.90 ^ _284783_/B (FAx1_ASAP7_75t_R)
     1    0.68   20.27   29.27 1189.17 v _284783_/SN (FAx1_ASAP7_75t_R)
                                         _024241_ (net)
                 20.27    0.00 1189.17 v _203888_/A (INVx1_ASAP7_75t_R)
     1    0.93   11.34    9.56 1198.73 ^ _203888_/Y (INVx1_ASAP7_75t_R)
                                         _024243_ (net)
                 11.34    0.00 1198.73 ^ _297215_/B (HAxp5_ASAP7_75t_R)
     5    3.76   44.16   53.87 1252.60 v _297215_/SN (HAxp5_ASAP7_75t_R)
                                         _076698_ (net)
                 44.16    0.00 1252.60 v _262283_/A2 (OA21x2_ASAP7_75t_R)
     1    0.62    7.31   25.22 1277.82 v _262283_/Y (OA21x2_ASAP7_75t_R)
                                         _147404_ (net)
                  7.31    0.00 1277.82 v _262288_/A1 (OA21x2_ASAP7_75t_R)
     1    0.63    6.10   16.08 1293.90 v _262288_/Y (OA21x2_ASAP7_75t_R)
                                         _147409_ (net)
                  6.10    0.00 1293.90 v _262289_/B (OA21x2_ASAP7_75t_R)
     3    2.33   10.33   14.17 1308.08 v _262289_/Y (OA21x2_ASAP7_75t_R)
                                         _147410_ (net)
                 10.33    0.00 1308.08 v _262290_/A1 (OA21x2_ASAP7_75t_R)
     2    1.61    9.19   18.43 1326.50 v _262290_/Y (OA21x2_ASAP7_75t_R)
                                         _147411_ (net)
                  9.19    0.00 1326.50 v _262291_/A1 (OA21x2_ASAP7_75t_R)
     2    1.61    8.85   18.18 1344.69 v _262291_/Y (OA21x2_ASAP7_75t_R)
                                         _147412_ (net)
                  8.85    0.00 1344.69 v _262292_/A1 (OA21x2_ASAP7_75t_R)
     3    2.79   11.74   20.14 1364.83 v _262292_/Y (OA21x2_ASAP7_75t_R)
                                         _147413_ (net)
                 11.74    0.00 1364.83 v _262293_/A2 (OAI21x1_ASAP7_75t_R)
     3    3.26   30.69   15.79 1380.61 ^ _262293_/Y (OAI21x1_ASAP7_75t_R)
                                         _147414_ (net)
                 30.69    0.00 1380.61 ^ _275397_/A2 (AOI21x1_ASAP7_75t_R)
     1    1.08   13.58   10.21 1390.82 v _275397_/Y (AOI21x1_ASAP7_75t_R)
                                         _155743_ (net)
                 13.58    0.00 1390.82 v _275398_/B (XOR2x2_ASAP7_75t_R)
     2    1.91   10.42   27.30 1418.12 ^ _275398_/Y (XOR2x2_ASAP7_75t_R)
                                         _155744_ (net)
                 10.42    0.00 1418.12 ^ _275399_/A (INVx1_ASAP7_75t_R)
     1    1.05    8.01    6.90 1425.03 v _275399_/Y (INVx1_ASAP7_75t_R)
                                         _155745_ (net)
                  8.01    0.00 1425.03 v _275980_/A (NAND2x1_ASAP7_75t_R)
     1    2.10   17.79   12.54 1437.57 ^ _275980_/Y (NAND2x1_ASAP7_75t_R)
                                         _156326_ (net)
                 17.79    0.00 1437.57 ^ _275982_/A (NAND2x2_ASAP7_75t_R)
    10   10.80   29.89   17.83 1455.40 v _275982_/Y (NAND2x2_ASAP7_75t_R)
                                         _156328_ (net)
                 29.89    0.00 1455.40 v _275985_/A2 (AOI21x1_ASAP7_75t_R)
     1    0.62   13.00   11.51 1466.91 ^ _275985_/Y (AOI21x1_ASAP7_75t_R)
                                         _093255_ (net)
                 13.00    0.00 1466.91 ^ comparator.buffer[9][11]$_DFFE_PP_/D (DFFHQNx1_ASAP7_75t_R)
                               1466.91   data arrival time

                  0.00  400.00  400.00   clock clk (rise edge)
                          0.00  400.00   clock network delay (ideal)
                          0.00  400.00   clock reconvergence pessimism
                                400.00 ^ comparator.buffer[9][11]$_DFFE_PP_/CLK (DFFHQNx1_ASAP7_75t_R)
                        -14.55  385.45   library setup time
                                385.45   data required time
-----------------------------------------------------------------------------
                                385.45   data required time
                               -1466.91   data arrival time
-----------------------------------------------------------------------------
                               -1081.47   slack (VIOLATED)



==========================================================================
Post synthesis report_power
--------------------------------------------------------------------------
Group                  Internal  Switching    Leakage      Total
                          Power      Power      Power      Power (Watts)
----------------------------------------------------------------
Sequential             2.51e-02   4.82e-04   8.97e-07   2.55e-02   7.8%
Combinational          1.31e-01   1.71e-01   1.02e-05   3.02e-01  92.2%
Clock                  0.00e+00   0.00e+00   0.00e+00   0.00e+00   0.0%
Macro                  0.00e+00   0.00e+00   0.00e+00   0.00e+00   0.0%
Pad                    0.00e+00   0.00e+00   0.00e+00   0.00e+00   0.0%
----------------------------------------------------------------
Total                  1.56e-01   1.72e-01   1.11e-05   3.27e-01 100.0%
                          47.6%      52.4%       0.0%
