
==========================================================================
Post synthesis report_tns
--------------------------------------------------------------------------
tns max -698375.50

==========================================================================
Post synthesis report_wns
--------------------------------------------------------------------------
wns max -1036.89

==========================================================================
Post synthesis report_worst_slack
--------------------------------------------------------------------------
worst slack max -1036.89

==========================================================================
Post synthesis report_clock_min_period
--------------------------------------------------------------------------
clk period_min = 1436.89 fmax = 695.95

==========================================================================
Post synthesis report_checks -path_delay min
--------------------------------------------------------------------------
Startpoint: comparator.cmp2_2[0]$_SDFFE_PN0P_
            (rising edge-triggered flip-flop clocked by clk)
Endpoint: comparator.cmp2_2[0]$_SDFFE_PN0P_
          (rising edge-triggered flip-flop clocked by clk)
Path Group: clk
Path Type: min

Fanout     Cap    Slew   Delay    Time   Description
-----------------------------------------------------------------------------
                  0.00    0.00    0.00   clock clk (rise edge)
                          0.00    0.00   clock network delay (ideal)
                  0.00    0.00    0.00 ^ comparator.cmp2_2[0]$_SDFFE_PN0P_/CLK (DFFHQNx1_ASAP7_75t_R)
     2    1.25   16.15   34.68   34.68 ^ comparator.cmp2_2[0]$_SDFFE_PN0P_/QN (DFFHQNx1_ASAP7_75t_R)
                                         _004794_ (net)
                 16.15    0.00   34.68 ^ _246844_/A1 (AOI21x1_ASAP7_75t_R)
     1    0.55    5.26    8.35   43.03 v _246844_/Y (AOI21x1_ASAP7_75t_R)
                                         _088232_ (net)
                  5.26    0.00   43.03 v comparator.cmp2_2[0]$_SDFFE_PN0P_/D (DFFHQNx1_ASAP7_75t_R)
                                 43.03   data arrival time

                  0.00    0.00    0.00   clock clk (rise edge)
                          0.00    0.00   clock network delay (ideal)
                          0.00    0.00   clock reconvergence pessimism
                                  0.00 ^ comparator.cmp2_2[0]$_SDFFE_PN0P_/CLK (DFFHQNx1_ASAP7_75t_R)
                          8.72    8.72   library hold time
                                  8.72   data required time
-----------------------------------------------------------------------------
                                  8.72   data required time
                                -43.03   data arrival time
-----------------------------------------------------------------------------
                                 34.31   slack (MET)



==========================================================================
Post synthesis report_checks -path_delay max
--------------------------------------------------------------------------
Startpoint: conv1_layer.conv1_buf.data_out_1[3]$_DFFE_PP_
            (rising edge-triggered flip-flop clocked by clk)
Endpoint: maxpool_relu_1.buffer1[0][0]$_DFFE_PP_
          (rising edge-triggered flip-flop clocked by clk)
Path Group: clk
Path Type: max

Fanout     Cap    Slew   Delay    Time   Description
-----------------------------------------------------------------------------
                  0.00    0.00    0.00   clock clk (rise edge)
                          0.00    0.00   clock network delay (ideal)
                  0.00    0.00    0.00 ^ conv1_layer.conv1_buf.data_out_1[3]$_DFFE_PP_/CLK (DFFHQNx1_ASAP7_75t_R)
     3    3.81   29.10   42.89   42.89 v conv1_layer.conv1_buf.data_out_1[3]$_DFFE_PP_/QN (DFFHQNx1_ASAP7_75t_R)
                                         _035207_ (net)
                 29.10    0.00   42.89 v _163972_/A (INVx1_ASAP7_75t_R)
     6    6.73   44.41   29.38   72.27 ^ _163972_/Y (INVx1_ASAP7_75t_R)
                                         conv1_layer.conv1_buf.data_out_1[3] (net)
                 44.41    0.00   72.27 ^ _293973_/B (HAxp5_ASAP7_75t_R)
     1    2.04   27.47   45.86  118.14 v _293973_/SN (HAxp5_ASAP7_75t_R)
                                         _161115_ (net)
                 27.47    0.00  118.14 v _285758_/A (FAx1_ASAP7_75t_R)
     1    2.24   44.81   51.42  169.55 v _285758_/SN (FAx1_ASAP7_75t_R)
                                         _161141_ (net)
                 44.81    0.00  169.55 v _286033_/B (FAx1_ASAP7_75t_R)
     1    0.68   31.66   25.12  194.67 ^ _286033_/CON (FAx1_ASAP7_75t_R)
                                         _039057_ (net)
     1    0.68   23.18   12.47  207.14 v _286033_/SN (FAx1_ASAP7_75t_R)
                                         _039058_ (net)
                 23.18    0.00  207.14 v _167367_/A (INVx1_ASAP7_75t_R)
     1    0.93   11.91   10.02  217.16 ^ _167367_/Y (INVx1_ASAP7_75t_R)
                                         _039060_ (net)
                 11.91    0.00  217.16 ^ _295004_/B (HAxp5_ASAP7_75t_R)
     3    3.45   40.98   50.71  267.87 v _295004_/SN (HAxp5_ASAP7_75t_R)
                                         _075659_ (net)
                 40.98    0.00  267.87 v _180800_/A (XOR2x2_ASAP7_75t_R)
     1    1.09    8.54   30.89  298.76 ^ _180800_/Y (XOR2x2_ASAP7_75t_R)
                                         _073496_ (net)
                  8.54    0.00  298.76 ^ _294209_/A (HAxp5_ASAP7_75t_R)
     1    0.68   17.56   20.19  318.95 v _294209_/SN (HAxp5_ASAP7_75t_R)
                                         _073498_ (net)
                 17.56    0.00  318.95 v _178474_/A (INVx1_ASAP7_75t_R)
     1    1.09   11.48    9.57  328.51 ^ _178474_/Y (INVx1_ASAP7_75t_R)
                                         _073499_ (net)
                 11.48    0.00  328.51 ^ _294231_/A (HAxp5_ASAP7_75t_R)
     1    0.68   13.74   21.18  349.69 v _294231_/SN (HAxp5_ASAP7_75t_R)
                                         _073570_ (net)
                 13.74    0.00  349.69 v _178458_/A (INVx1_ASAP7_75t_R)
     1    2.24   16.57   12.08  361.77 ^ _178458_/Y (INVx1_ASAP7_75t_R)
                                         _036321_ (net)
                 16.57    0.00  361.77 ^ _285514_/B (FAx1_ASAP7_75t_R)
     1    0.68   20.32   28.83  390.60 v _285514_/SN (FAx1_ASAP7_75t_R)
                                         _036324_ (net)
                 20.32    0.00  390.60 v _179484_/A (INVx1_ASAP7_75t_R)
     1    0.93   11.35    9.57  400.17 ^ _179484_/Y (INVx1_ASAP7_75t_R)
                                         _036326_ (net)
                 11.35    0.00  400.17 ^ _294719_/B (HAxp5_ASAP7_75t_R)
     3    3.00   36.50   45.80  445.97 v _294719_/SN (HAxp5_ASAP7_75t_R)
                                         _074923_ (net)
                 36.50    0.00  445.97 v _174335_/A1 (OAI21x1_ASAP7_75t_R)
     1    0.63   16.29   14.08  460.06 ^ _174335_/Y (OAI21x1_ASAP7_75t_R)
                                         _094471_ (net)
                 16.29    0.00  460.06 ^ _174336_/B (AO21x1_ASAP7_75t_R)
     3    2.22   16.37   17.45  477.50 ^ _174336_/Y (AO21x1_ASAP7_75t_R)
                                         _094472_ (net)
                 16.37    0.00  477.50 ^ _174364_/A (XOR2x2_ASAP7_75t_R)
     1    1.65    9.72   27.00  504.50 ^ _174364_/Y (XOR2x2_ASAP7_75t_R)
                                         _036433_ (net)
                  9.72    0.00  504.50 ^ _285533_/CI (FAx1_ASAP7_75t_R)
     1    0.68   19.42   27.10  531.60 v _285533_/SN (FAx1_ASAP7_75t_R)
                                         _036435_ (net)
                 19.42    0.00  531.60 v _272790_/A (INVx1_ASAP7_75t_R)
     1    2.24   17.88   13.88  545.48 ^ _272790_/Y (INVx1_ASAP7_75t_R)
                                         _036437_ (net)
                 17.88    0.00  545.48 ^ _285549_/B (FAx1_ASAP7_75t_R)
     1    0.68   20.29   29.21  574.69 v _285549_/SN (FAx1_ASAP7_75t_R)
                                         _036517_ (net)
                 20.29    0.00  574.69 v _260152_/A (INVx1_ASAP7_75t_R)
     1    1.65   15.08   12.27  586.96 ^ _260152_/Y (INVx1_ASAP7_75t_R)
                                         _036519_ (net)
                 15.08    0.00  586.96 ^ _285721_/CI (FAx1_ASAP7_75t_R)
     1    0.68   20.27   28.64  615.60 v _285721_/SN (FAx1_ASAP7_75t_R)
                                         _037421_ (net)
                 20.27    0.00  615.60 v _208689_/A (INVx1_ASAP7_75t_R)
     1    1.65   15.08   12.27  627.86 ^ _208689_/Y (INVx1_ASAP7_75t_R)
                                         _037423_ (net)
                 15.08    0.00  627.86 ^ _285788_/CI (FAx1_ASAP7_75t_R)
     1    0.68   20.27   28.64  656.50 v _285788_/SN (FAx1_ASAP7_75t_R)
                                         _037741_ (net)
                 20.27    0.00  656.50 v _192160_/A (INVx1_ASAP7_75t_R)
     1    2.24   18.08   14.12  670.63 ^ _192160_/Y (INVx1_ASAP7_75t_R)
                                         _037743_ (net)
                 18.08    0.00  670.63 ^ _285803_/B (FAx1_ASAP7_75t_R)
     1    0.68   20.27   29.27  699.90 v _285803_/SN (FAx1_ASAP7_75t_R)
                                         _037810_ (net)
                 20.27    0.00  699.90 v _165163_/A (INVx1_ASAP7_75t_R)
     1    1.65   15.08   12.27  712.16 ^ _165163_/Y (INVx1_ASAP7_75t_R)
                                         _037812_ (net)
                 15.08    0.00  712.16 ^ _286013_/CI (FAx1_ASAP7_75t_R)
     1    0.68   20.27   28.64  740.80 v _286013_/SN (FAx1_ASAP7_75t_R)
                                         _038955_ (net)
                 20.27    0.00  740.80 v _170238_/A (INVx1_ASAP7_75t_R)
     1    1.65   15.08   12.27  753.07 ^ _170238_/Y (INVx1_ASAP7_75t_R)
                                         _038957_ (net)
                 15.08    0.00  753.07 ^ _286108_/CI (FAx1_ASAP7_75t_R)
     1    0.68   20.27   28.64  781.70 v _286108_/SN (FAx1_ASAP7_75t_R)
                                         _039409_ (net)
                 20.27    0.00  781.70 v _170217_/A (INVx1_ASAP7_75t_R)
     1    2.24   18.08   14.12  795.83 ^ _170217_/Y (INVx1_ASAP7_75t_R)
                                         _039411_ (net)
                 18.08    0.00  795.83 ^ _286127_/B (FAx1_ASAP7_75t_R)
     1    0.68   20.27   29.27  825.10 v _286127_/SN (FAx1_ASAP7_75t_R)
                                         _039487_ (net)
                 20.27    0.00  825.10 v _170210_/A (INVx1_ASAP7_75t_R)
     1    2.24   18.08   14.12  839.22 ^ _170210_/Y (INVx1_ASAP7_75t_R)
                                         _039489_ (net)
                 18.08    0.00  839.22 ^ _286137_/B (FAx1_ASAP7_75t_R)
     1    0.68   20.27   29.27  868.49 v _286137_/SN (FAx1_ASAP7_75t_R)
                                         _039531_ (net)
                 20.27    0.00  868.49 v _167241_/A (INVx1_ASAP7_75t_R)
     1    0.93   11.34    9.56  878.05 ^ _167241_/Y (INVx1_ASAP7_75t_R)
                                         _039533_ (net)
                 11.34    0.00  878.05 ^ _296918_/B (HAxp5_ASAP7_75t_R)
     3    3.27   39.23   48.67  926.72 v _296918_/SN (HAxp5_ASAP7_75t_R)
                                         _080301_ (net)
                 39.23    0.00  926.72 v _165127_/A (NOR2x1_ASAP7_75t_R)
     2    1.29   17.64   14.00  940.72 ^ _165127_/Y (NOR2x1_ASAP7_75t_R)
                                         _160146_ (net)
                 17.64    0.00  940.72 ^ _165130_/A (AND3x1_ASAP7_75t_R)
     1    0.63    8.82   18.94  959.66 ^ _165130_/Y (AND3x1_ASAP7_75t_R)
                                         _160149_ (net)
                  8.82    0.00  959.66 ^ _165136_/A2 (AO21x1_ASAP7_75t_R)
     2    2.01   15.07   17.32  976.98 ^ _165136_/Y (AO21x1_ASAP7_75t_R)
                                         _160155_ (net)
                 15.07    0.00  976.98 ^ _171084_/A (XOR2x2_ASAP7_75t_R)
     2    1.77   10.14   26.89 1003.86 ^ _171084_/Y (XOR2x2_ASAP7_75t_R)
                                         conv1_layer.conv1_calc.calc_out_1[8] (net)
                 10.14    0.00 1003.86 ^ _171085_/A (INVx1_ASAP7_75t_R)
     6    3.62   19.57   13.11 1016.98 v _171085_/Y (INVx1_ASAP7_75t_R)
                                         _093808_ (net)
                 19.57    0.00 1016.98 v _196565_/A (BUFx2_ASAP7_75t_R)
    11    7.67   22.02   26.32 1043.30 v _196565_/Y (BUFx2_ASAP7_75t_R)
                                         conv1_layer.conv1_calc.conv_out_1[0] (net)
                 22.02    0.00 1043.30 v _295235_/A (HAxp5_ASAP7_75t_R)
     5    2.99   36.41   49.37 1092.68 v _295235_/SN (HAxp5_ASAP7_75t_R)
                                         conv1_layer.conv1_calc.conv_out_1[1] (net)
                 36.41    0.00 1092.68 v _164144_/A (BUFx2_ASAP7_75t_R)
    10    6.19   19.03   28.80 1121.47 v _164144_/Y (BUFx2_ASAP7_75t_R)
                                         _159783_ (net)
                 19.03    0.00 1121.47 v _164145_/A (INVx1_ASAP7_75t_R)
     1    1.09   11.87    9.93 1131.40 ^ _164145_/Y (INVx1_ASAP7_75t_R)
                                         _076215_ (net)
                 11.87    0.00 1131.40 ^ _295426_/A (HAxp5_ASAP7_75t_R)
     1    0.65   12.97   20.92 1152.32 v _295426_/SN (HAxp5_ASAP7_75t_R)
                                         _076665_ (net)
                 12.97    0.00 1152.32 v _233557_/A2 (OA21x2_ASAP7_75t_R)
     1    0.62    6.12   17.79 1170.11 v _233557_/Y (OA21x2_ASAP7_75t_R)
                                         _122387_ (net)
                  6.12    0.00 1170.11 v _233558_/A1 (OA21x2_ASAP7_75t_R)
     1    0.62    6.13   15.81 1185.92 v _233558_/Y (OA21x2_ASAP7_75t_R)
                                         _122388_ (net)
                  6.13    0.00 1185.92 v _233559_/A1 (OA21x2_ASAP7_75t_R)
     1    0.62    6.13   15.81 1201.73 v _233559_/Y (OA21x2_ASAP7_75t_R)
                                         _122389_ (net)
                  6.13    0.00 1201.73 v _233560_/A1 (OA21x2_ASAP7_75t_R)
     1    1.08    7.26   16.61 1218.34 v _233560_/Y (OA21x2_ASAP7_75t_R)
                                         _122390_ (net)
                  7.26    0.00 1218.34 v _233561_/A2 (OAI21x1_ASAP7_75t_R)
     1    1.09   15.15    9.12 1227.46 ^ _233561_/Y (OAI21x1_ASAP7_75t_R)
                                         _122391_ (net)
                 15.15    0.00 1227.46 ^ _233563_/A2 (AOI21x1_ASAP7_75t_R)
     1    1.08   10.76    8.46 1235.92 v _233563_/Y (AOI21x1_ASAP7_75t_R)
                                         _122393_ (net)
                 10.76    0.00 1235.92 v _233564_/A2 (OAI21x1_ASAP7_75t_R)
     1    1.08   15.10    9.89 1245.81 ^ _233564_/Y (OAI21x1_ASAP7_75t_R)
                                         _122394_ (net)
                 15.10    0.00 1245.81 ^ _233565_/B (NAND2x1_ASAP7_75t_R)
     1    0.61    8.03    6.56 1252.38 v _233565_/Y (NAND2x1_ASAP7_75t_R)
                                         _122395_ (net)
                  8.03    0.00 1252.38 v _233567_/A1 (AO21x1_ASAP7_75t_R)
     1    0.66    7.03   14.97 1267.35 v _233567_/Y (AO21x1_ASAP7_75t_R)
                                         _122397_ (net)
                  7.03    0.00 1267.35 v _233569_/A (AND4x1_ASAP7_75t_R)
     1    0.63    6.40   10.81 1278.16 v _233569_/Y (AND4x1_ASAP7_75t_R)
                                         _122399_ (net)
                  6.40    0.00 1278.16 v _233570_/B (AO21x1_ASAP7_75t_R)
     4    2.87   17.36   21.25 1299.41 v _233570_/Y (AO21x1_ASAP7_75t_R)
                                         _122400_ (net)
                 17.36    0.00 1299.41 v _267549_/B (NAND2x1_ASAP7_75t_R)
     1    1.08   14.59   10.76 1310.17 ^ _267549_/Y (NAND2x1_ASAP7_75t_R)
                                         _150738_ (net)
                 14.59    0.00 1310.17 ^ _267550_/B (NAND2x1_ASAP7_75t_R)
     9    5.01   26.57   16.76 1326.93 v _267550_/Y (NAND2x1_ASAP7_75t_R)
                                         _150739_ (net)
                 26.57    0.00 1326.93 v _267551_/A (BUFx2_ASAP7_75t_R)
    10    5.82   17.81   25.88 1352.81 v _267551_/Y (BUFx2_ASAP7_75t_R)
                                         _150740_ (net)
                 17.81    0.00 1352.81 v _271762_/A (AND2x2_ASAP7_75t_R)
     3    2.26    9.34   20.36 1373.18 v _271762_/Y (AND2x2_ASAP7_75t_R)
                                         _153372_ (net)
                  9.34    0.00 1373.18 v _271763_/A (BUFx2_ASAP7_75t_R)
    10   10.60   28.94   26.66 1399.84 v _271763_/Y (BUFx2_ASAP7_75t_R)
                                         _153373_ (net)
                 28.94    0.00 1399.84 v _271786_/B (NOR2x1_ASAP7_75t_R)
     1    0.63   12.69    9.77 1409.61 ^ _271786_/Y (NOR2x1_ASAP7_75t_R)
                                         _153386_ (net)
                 12.69    0.00 1409.61 ^ _271787_/B (AO21x1_ASAP7_75t_R)
     1    0.62    7.63   12.11 1421.72 ^ _271787_/Y (AO21x1_ASAP7_75t_R)
                                         _092515_ (net)
                  7.63    0.00 1421.72 ^ maxpool_relu_1.buffer1[0][0]$_DFFE_PP_/D (DFFHQNx1_ASAP7_75t_R)
                               1421.72   data arrival time

                  0.00  400.00  400.00   clock clk (rise edge)
                          0.00  400.00   clock network delay (ideal)
                          0.00  400.00   clock reconvergence pessimism
                                400.00 ^ maxpool_relu_1.buffer1[0][0]$_DFFE_PP_/CLK (DFFHQNx1_ASAP7_75t_R)
                        -15.17  384.83   library setup time
                                384.83   data required time
-----------------------------------------------------------------------------
                                384.83   data required time
                               -1421.72   data arrival time
-----------------------------------------------------------------------------
                               -1036.89   slack (VIOLATED)



==========================================================================
Post synthesis report_checks -unconstrained
--------------------------------------------------------------------------
Startpoint: conv1_layer.conv1_buf.data_out_1[3]$_DFFE_PP_
            (rising edge-triggered flip-flop clocked by clk)
Endpoint: maxpool_relu_1.buffer1[0][0]$_DFFE_PP_
          (rising edge-triggered flip-flop clocked by clk)
Path Group: clk
Path Type: max

Fanout     Cap    Slew   Delay    Time   Description
-----------------------------------------------------------------------------
                  0.00    0.00    0.00   clock clk (rise edge)
                          0.00    0.00   clock network delay (ideal)
                  0.00    0.00    0.00 ^ conv1_layer.conv1_buf.data_out_1[3]$_DFFE_PP_/CLK (DFFHQNx1_ASAP7_75t_R)
     3    3.81   29.10   42.89   42.89 v conv1_layer.conv1_buf.data_out_1[3]$_DFFE_PP_/QN (DFFHQNx1_ASAP7_75t_R)
                                         _035207_ (net)
                 29.10    0.00   42.89 v _163972_/A (INVx1_ASAP7_75t_R)
     6    6.73   44.41   29.38   72.27 ^ _163972_/Y (INVx1_ASAP7_75t_R)
                                         conv1_layer.conv1_buf.data_out_1[3] (net)
                 44.41    0.00   72.27 ^ _293973_/B (HAxp5_ASAP7_75t_R)
     1    2.04   27.47   45.86  118.14 v _293973_/SN (HAxp5_ASAP7_75t_R)
                                         _161115_ (net)
                 27.47    0.00  118.14 v _285758_/A (FAx1_ASAP7_75t_R)
     1    2.24   44.81   51.42  169.55 v _285758_/SN (FAx1_ASAP7_75t_R)
                                         _161141_ (net)
                 44.81    0.00  169.55 v _286033_/B (FAx1_ASAP7_75t_R)
     1    0.68   31.66   25.12  194.67 ^ _286033_/CON (FAx1_ASAP7_75t_R)
                                         _039057_ (net)
     1    0.68   23.18   12.47  207.14 v _286033_/SN (FAx1_ASAP7_75t_R)
                                         _039058_ (net)
                 23.18    0.00  207.14 v _167367_/A (INVx1_ASAP7_75t_R)
     1    0.93   11.91   10.02  217.16 ^ _167367_/Y (INVx1_ASAP7_75t_R)
                                         _039060_ (net)
                 11.91    0.00  217.16 ^ _295004_/B (HAxp5_ASAP7_75t_R)
     3    3.45   40.98   50.71  267.87 v _295004_/SN (HAxp5_ASAP7_75t_R)
                                         _075659_ (net)
                 40.98    0.00  267.87 v _180800_/A (XOR2x2_ASAP7_75t_R)
     1    1.09    8.54   30.89  298.76 ^ _180800_/Y (XOR2x2_ASAP7_75t_R)
                                         _073496_ (net)
                  8.54    0.00  298.76 ^ _294209_/A (HAxp5_ASAP7_75t_R)
     1    0.68   17.56   20.19  318.95 v _294209_/SN (HAxp5_ASAP7_75t_R)
                                         _073498_ (net)
                 17.56    0.00  318.95 v _178474_/A (INVx1_ASAP7_75t_R)
     1    1.09   11.48    9.57  328.51 ^ _178474_/Y (INVx1_ASAP7_75t_R)
                                         _073499_ (net)
                 11.48    0.00  328.51 ^ _294231_/A (HAxp5_ASAP7_75t_R)
     1    0.68   13.74   21.18  349.69 v _294231_/SN (HAxp5_ASAP7_75t_R)
                                         _073570_ (net)
                 13.74    0.00  349.69 v _178458_/A (INVx1_ASAP7_75t_R)
     1    2.24   16.57   12.08  361.77 ^ _178458_/Y (INVx1_ASAP7_75t_R)
                                         _036321_ (net)
                 16.57    0.00  361.77 ^ _285514_/B (FAx1_ASAP7_75t_R)
     1    0.68   20.32   28.83  390.60 v _285514_/SN (FAx1_ASAP7_75t_R)
                                         _036324_ (net)
                 20.32    0.00  390.60 v _179484_/A (INVx1_ASAP7_75t_R)
     1    0.93   11.35    9.57  400.17 ^ _179484_/Y (INVx1_ASAP7_75t_R)
                                         _036326_ (net)
                 11.35    0.00  400.17 ^ _294719_/B (HAxp5_ASAP7_75t_R)
     3    3.00   36.50   45.80  445.97 v _294719_/SN (HAxp5_ASAP7_75t_R)
                                         _074923_ (net)
                 36.50    0.00  445.97 v _174335_/A1 (OAI21x1_ASAP7_75t_R)
     1    0.63   16.29   14.08  460.06 ^ _174335_/Y (OAI21x1_ASAP7_75t_R)
                                         _094471_ (net)
                 16.29    0.00  460.06 ^ _174336_/B (AO21x1_ASAP7_75t_R)
     3    2.22   16.37   17.45  477.50 ^ _174336_/Y (AO21x1_ASAP7_75t_R)
                                         _094472_ (net)
                 16.37    0.00  477.50 ^ _174364_/A (XOR2x2_ASAP7_75t_R)
     1    1.65    9.72   27.00  504.50 ^ _174364_/Y (XOR2x2_ASAP7_75t_R)
                                         _036433_ (net)
                  9.72    0.00  504.50 ^ _285533_/CI (FAx1_ASAP7_75t_R)
     1    0.68   19.42   27.10  531.60 v _285533_/SN (FAx1_ASAP7_75t_R)
                                         _036435_ (net)
                 19.42    0.00  531.60 v _272790_/A (INVx1_ASAP7_75t_R)
     1    2.24   17.88   13.88  545.48 ^ _272790_/Y (INVx1_ASAP7_75t_R)
                                         _036437_ (net)
                 17.88    0.00  545.48 ^ _285549_/B (FAx1_ASAP7_75t_R)
     1    0.68   20.29   29.21  574.69 v _285549_/SN (FAx1_ASAP7_75t_R)
                                         _036517_ (net)
                 20.29    0.00  574.69 v _260152_/A (INVx1_ASAP7_75t_R)
     1    1.65   15.08   12.27  586.96 ^ _260152_/Y (INVx1_ASAP7_75t_R)
                                         _036519_ (net)
                 15.08    0.00  586.96 ^ _285721_/CI (FAx1_ASAP7_75t_R)
     1    0.68   20.27   28.64  615.60 v _285721_/SN (FAx1_ASAP7_75t_R)
                                         _037421_ (net)
                 20.27    0.00  615.60 v _208689_/A (INVx1_ASAP7_75t_R)
     1    1.65   15.08   12.27  627.86 ^ _208689_/Y (INVx1_ASAP7_75t_R)
                                         _037423_ (net)
                 15.08    0.00  627.86 ^ _285788_/CI (FAx1_ASAP7_75t_R)
     1    0.68   20.27   28.64  656.50 v _285788_/SN (FAx1_ASAP7_75t_R)
                                         _037741_ (net)
                 20.27    0.00  656.50 v _192160_/A (INVx1_ASAP7_75t_R)
     1    2.24   18.08   14.12  670.63 ^ _192160_/Y (INVx1_ASAP7_75t_R)
                                         _037743_ (net)
                 18.08    0.00  670.63 ^ _285803_/B (FAx1_ASAP7_75t_R)
     1    0.68   20.27   29.27  699.90 v _285803_/SN (FAx1_ASAP7_75t_R)
                                         _037810_ (net)
                 20.27    0.00  699.90 v _165163_/A (INVx1_ASAP7_75t_R)
     1    1.65   15.08   12.27  712.16 ^ _165163_/Y (INVx1_ASAP7_75t_R)
                                         _037812_ (net)
                 15.08    0.00  712.16 ^ _286013_/CI (FAx1_ASAP7_75t_R)
     1    0.68   20.27   28.64  740.80 v _286013_/SN (FAx1_ASAP7_75t_R)
                                         _038955_ (net)
                 20.27    0.00  740.80 v _170238_/A (INVx1_ASAP7_75t_R)
     1    1.65   15.08   12.27  753.07 ^ _170238_/Y (INVx1_ASAP7_75t_R)
                                         _038957_ (net)
                 15.08    0.00  753.07 ^ _286108_/CI (FAx1_ASAP7_75t_R)
     1    0.68   20.27   28.64  781.70 v _286108_/SN (FAx1_ASAP7_75t_R)
                                         _039409_ (net)
                 20.27    0.00  781.70 v _170217_/A (INVx1_ASAP7_75t_R)
     1    2.24   18.08   14.12  795.83 ^ _170217_/Y (INVx1_ASAP7_75t_R)
                                         _039411_ (net)
                 18.08    0.00  795.83 ^ _286127_/B (FAx1_ASAP7_75t_R)
     1    0.68   20.27   29.27  825.10 v _286127_/SN (FAx1_ASAP7_75t_R)
                                         _039487_ (net)
                 20.27    0.00  825.10 v _170210_/A (INVx1_ASAP7_75t_R)
     1    2.24   18.08   14.12  839.22 ^ _170210_/Y (INVx1_ASAP7_75t_R)
                                         _039489_ (net)
                 18.08    0.00  839.22 ^ _286137_/B (FAx1_ASAP7_75t_R)
     1    0.68   20.27   29.27  868.49 v _286137_/SN (FAx1_ASAP7_75t_R)
                                         _039531_ (net)
                 20.27    0.00  868.49 v _167241_/A (INVx1_ASAP7_75t_R)
     1    0.93   11.34    9.56  878.05 ^ _167241_/Y (INVx1_ASAP7_75t_R)
                                         _039533_ (net)
                 11.34    0.00  878.05 ^ _296918_/B (HAxp5_ASAP7_75t_R)
     3    3.27   39.23   48.67  926.72 v _296918_/SN (HAxp5_ASAP7_75t_R)
                                         _080301_ (net)
                 39.23    0.00  926.72 v _165127_/A (NOR2x1_ASAP7_75t_R)
     2    1.29   17.64   14.00  940.72 ^ _165127_/Y (NOR2x1_ASAP7_75t_R)
                                         _160146_ (net)
                 17.64    0.00  940.72 ^ _165130_/A (AND3x1_ASAP7_75t_R)
     1    0.63    8.82   18.94  959.66 ^ _165130_/Y (AND3x1_ASAP7_75t_R)
                                         _160149_ (net)
                  8.82    0.00  959.66 ^ _165136_/A2 (AO21x1_ASAP7_75t_R)
     2    2.01   15.07   17.32  976.98 ^ _165136_/Y (AO21x1_ASAP7_75t_R)
                                         _160155_ (net)
                 15.07    0.00  976.98 ^ _171084_/A (XOR2x2_ASAP7_75t_R)
     2    1.77   10.14   26.89 1003.86 ^ _171084_/Y (XOR2x2_ASAP7_75t_R)
                                         conv1_layer.conv1_calc.calc_out_1[8] (net)
                 10.14    0.00 1003.86 ^ _171085_/A (INVx1_ASAP7_75t_R)
     6    3.62   19.57   13.11 1016.98 v _171085_/Y (INVx1_ASAP7_75t_R)
                                         _093808_ (net)
                 19.57    0.00 1016.98 v _196565_/A (BUFx2_ASAP7_75t_R)
    11    7.67   22.02   26.32 1043.30 v _196565_/Y (BUFx2_ASAP7_75t_R)
                                         conv1_layer.conv1_calc.conv_out_1[0] (net)
                 22.02    0.00 1043.30 v _295235_/A (HAxp5_ASAP7_75t_R)
     5    2.99   36.41   49.37 1092.68 v _295235_/SN (HAxp5_ASAP7_75t_R)
                                         conv1_layer.conv1_calc.conv_out_1[1] (net)
                 36.41    0.00 1092.68 v _164144_/A (BUFx2_ASAP7_75t_R)
    10    6.19   19.03   28.80 1121.47 v _164144_/Y (BUFx2_ASAP7_75t_R)
                                         _159783_ (net)
                 19.03    0.00 1121.47 v _164145_/A (INVx1_ASAP7_75t_R)
     1    1.09   11.87    9.93 1131.40 ^ _164145_/Y (INVx1_ASAP7_75t_R)
                                         _076215_ (net)
                 11.87    0.00 1131.40 ^ _295426_/A (HAxp5_ASAP7_75t_R)
     1    0.65   12.97   20.92 1152.32 v _295426_/SN (HAxp5_ASAP7_75t_R)
                                         _076665_ (net)
                 12.97    0.00 1152.32 v _233557_/A2 (OA21x2_ASAP7_75t_R)
     1    0.62    6.12   17.79 1170.11 v _233557_/Y (OA21x2_ASAP7_75t_R)
                                         _122387_ (net)
                  6.12    0.00 1170.11 v _233558_/A1 (OA21x2_ASAP7_75t_R)
     1    0.62    6.13   15.81 1185.92 v _233558_/Y (OA21x2_ASAP7_75t_R)
                                         _122388_ (net)
                  6.13    0.00 1185.92 v _233559_/A1 (OA21x2_ASAP7_75t_R)
     1    0.62    6.13   15.81 1201.73 v _233559_/Y (OA21x2_ASAP7_75t_R)
                                         _122389_ (net)
                  6.13    0.00 1201.73 v _233560_/A1 (OA21x2_ASAP7_75t_R)
     1    1.08    7.26   16.61 1218.34 v _233560_/Y (OA21x2_ASAP7_75t_R)
                                         _122390_ (net)
                  7.26    0.00 1218.34 v _233561_/A2 (OAI21x1_ASAP7_75t_R)
     1    1.09   15.15    9.12 1227.46 ^ _233561_/Y (OAI21x1_ASAP7_75t_R)
                                         _122391_ (net)
                 15.15    0.00 1227.46 ^ _233563_/A2 (AOI21x1_ASAP7_75t_R)
     1    1.08   10.76    8.46 1235.92 v _233563_/Y (AOI21x1_ASAP7_75t_R)
                                         _122393_ (net)
                 10.76    0.00 1235.92 v _233564_/A2 (OAI21x1_ASAP7_75t_R)
     1    1.08   15.10    9.89 1245.81 ^ _233564_/Y (OAI21x1_ASAP7_75t_R)
                                         _122394_ (net)
                 15.10    0.00 1245.81 ^ _233565_/B (NAND2x1_ASAP7_75t_R)
     1    0.61    8.03    6.56 1252.38 v _233565_/Y (NAND2x1_ASAP7_75t_R)
                                         _122395_ (net)
                  8.03    0.00 1252.38 v _233567_/A1 (AO21x1_ASAP7_75t_R)
     1    0.66    7.03   14.97 1267.35 v _233567_/Y (AO21x1_ASAP7_75t_R)
                                         _122397_ (net)
                  7.03    0.00 1267.35 v _233569_/A (AND4x1_ASAP7_75t_R)
     1    0.63    6.40   10.81 1278.16 v _233569_/Y (AND4x1_ASAP7_75t_R)
                                         _122399_ (net)
                  6.40    0.00 1278.16 v _233570_/B (AO21x1_ASAP7_75t_R)
     4    2.87   17.36   21.25 1299.41 v _233570_/Y (AO21x1_ASAP7_75t_R)
                                         _122400_ (net)
                 17.36    0.00 1299.41 v _267549_/B (NAND2x1_ASAP7_75t_R)
     1    1.08   14.59   10.76 1310.17 ^ _267549_/Y (NAND2x1_ASAP7_75t_R)
                                         _150738_ (net)
                 14.59    0.00 1310.17 ^ _267550_/B (NAND2x1_ASAP7_75t_R)
     9    5.01   26.57   16.76 1326.93 v _267550_/Y (NAND2x1_ASAP7_75t_R)
                                         _150739_ (net)
                 26.57    0.00 1326.93 v _267551_/A (BUFx2_ASAP7_75t_R)
    10    5.82   17.81   25.88 1352.81 v _267551_/Y (BUFx2_ASAP7_75t_R)
                                         _150740_ (net)
                 17.81    0.00 1352.81 v _271762_/A (AND2x2_ASAP7_75t_R)
     3    2.26    9.34   20.36 1373.18 v _271762_/Y (AND2x2_ASAP7_75t_R)
                                         _153372_ (net)
                  9.34    0.00 1373.18 v _271763_/A (BUFx2_ASAP7_75t_R)
    10   10.60   28.94   26.66 1399.84 v _271763_/Y (BUFx2_ASAP7_75t_R)
                                         _153373_ (net)
                 28.94    0.00 1399.84 v _271786_/B (NOR2x1_ASAP7_75t_R)
     1    0.63   12.69    9.77 1409.61 ^ _271786_/Y (NOR2x1_ASAP7_75t_R)
                                         _153386_ (net)
                 12.69    0.00 1409.61 ^ _271787_/B (AO21x1_ASAP7_75t_R)
     1    0.62    7.63   12.11 1421.72 ^ _271787_/Y (AO21x1_ASAP7_75t_R)
                                         _092515_ (net)
                  7.63    0.00 1421.72 ^ maxpool_relu_1.buffer1[0][0]$_DFFE_PP_/D (DFFHQNx1_ASAP7_75t_R)
                               1421.72   data arrival time

                  0.00  400.00  400.00   clock clk (rise edge)
                          0.00  400.00   clock network delay (ideal)
                          0.00  400.00   clock reconvergence pessimism
                                400.00 ^ maxpool_relu_1.buffer1[0][0]$_DFFE_PP_/CLK (DFFHQNx1_ASAP7_75t_R)
                        -15.17  384.83   library setup time
                                384.83   data required time
-----------------------------------------------------------------------------
                                384.83   data required time
                               -1421.72   data arrival time
-----------------------------------------------------------------------------
                               -1036.89   slack (VIOLATED)



==========================================================================
Post synthesis report_power
--------------------------------------------------------------------------
Group                  Internal  Switching    Leakage      Total
                          Power      Power      Power      Power (Watts)
----------------------------------------------------------------
Sequential             2.53e-02   5.72e-04   9.14e-07   2.59e-02   8.5%
Combinational          1.21e-01   1.59e-01   9.96e-06   2.80e-01  91.5%
Clock                  0.00e+00   0.00e+00   0.00e+00   0.00e+00   0.0%
Macro                  0.00e+00   0.00e+00   0.00e+00   0.00e+00   0.0%
Pad                    0.00e+00   0.00e+00   0.00e+00   0.00e+00   0.0%
----------------------------------------------------------------
Total                  1.47e-01   1.59e-01   1.09e-05   3.06e-01 100.0%
                          47.9%      52.1%       0.0%
