
==========================================================================
Post synthesis report_tns
--------------------------------------------------------------------------
tns max -337565.75

==========================================================================
Post synthesis report_wns
--------------------------------------------------------------------------
wns max -894.19

==========================================================================
Post synthesis report_worst_slack
--------------------------------------------------------------------------
worst slack max -894.19

==========================================================================
Post synthesis report_clock_min_period
--------------------------------------------------------------------------
clk period_min = 1294.19 fmax = 772.68

==========================================================================
Post synthesis report_checks -path_delay min
--------------------------------------------------------------------------
Startpoint: maxpool_relu_1.buffer1[3][11]$_DFFE_PP_
            (rising edge-triggered flip-flop clocked by clk)
Endpoint: maxpool_relu_1.buffer1[3][11]$_DFFE_PP_
          (rising edge-triggered flip-flop clocked by clk)
Path Group: clk
Path Type: min

Fanout     Cap    Slew   Delay    Time   Description
-----------------------------------------------------------------------------
                  0.00    0.00    0.00   clock clk (rise edge)
                          0.00    0.00   clock network delay (ideal)
                  0.00    0.00    0.00 ^ maxpool_relu_1.buffer1[3][11]$_DFFE_PP_/CLK (DFFHQNx1_ASAP7_75t_R)
     2    1.37   16.95   35.24   35.24 ^ maxpool_relu_1.buffer1[3][11]$_DFFE_PP_/QN (DFFHQNx1_ASAP7_75t_R)
                                         _000556_ (net)
                 16.95    0.00   35.24 ^ _272769_/A1 (OAI21x1_ASAP7_75t_R)
     1    0.55    6.44    6.80   42.04 v _272769_/Y (OAI21x1_ASAP7_75t_R)
                                         _092690_ (net)
                  6.44    0.00   42.04 v maxpool_relu_1.buffer1[3][11]$_DFFE_PP_/D (DFFHQNx1_ASAP7_75t_R)
                                 42.04   data arrival time

                  0.00    0.00    0.00   clock clk (rise edge)
                          0.00    0.00   clock network delay (ideal)
                          0.00    0.00   clock reconvergence pessimism
                                  0.00 ^ maxpool_relu_1.buffer1[3][11]$_DFFE_PP_/CLK (DFFHQNx1_ASAP7_75t_R)
                          8.61    8.61   library hold time
                                  8.61   data required time
-----------------------------------------------------------------------------
                                  8.61   data required time
                                -42.04   data arrival time
-----------------------------------------------------------------------------
                                 33.43   slack (MET)



==========================================================================
Post synthesis report_checks -path_delay max
--------------------------------------------------------------------------
Startpoint: conv2_layer.conv2_buf_2.data_out_14[11]$_DFFE_PP_
            (rising edge-triggered flip-flop clocked by clk)
Endpoint: conv2_layer.conv2_calc_3.conv_out_calc[12]$_SDFF_PN0_
          (rising edge-triggered flip-flop clocked by clk)
Path Group: clk
Path Type: max

Fanout     Cap    Slew   Delay    Time   Description
-----------------------------------------------------------------------------
                  0.00    0.00    0.00   clock clk (rise edge)
                          0.00    0.00   clock network delay (ideal)
                  0.00    0.00    0.00 ^ conv2_layer.conv2_buf_2.data_out_14[11]$_DFFE_PP_/CLK (DFFHQNx1_ASAP7_75t_R)
     4    4.82   33.84   46.02   46.02 v conv2_layer.conv2_buf_2.data_out_14[11]$_DFFE_PP_/QN (DFFHQNx1_ASAP7_75t_R)
                                         _052560_ (net)
                 33.84    0.00   46.02 v _163303_/A (INVx1_ASAP7_75t_R)
    19   28.72  171.66   88.61  134.63 ^ _163303_/Y (INVx1_ASAP7_75t_R)
                                         conv2_layer.conv2_buf_2.data_out_14[11] (net)
                171.66    0.00  134.63 ^ _299624_/B (HAxp5_ASAP7_75t_R)
     5    8.09   95.43  149.86  284.49 v _299624_/SN (HAxp5_ASAP7_75t_R)
                                         _011548_ (net)
                 95.43    0.00  284.49 v _293765_/A (HAxp5_ASAP7_75t_R)
     1    1.08   46.60   31.33  315.82 ^ _293765_/CON (HAxp5_ASAP7_75t_R)
                                         _069507_ (net)
     1    0.68   30.27   12.46  328.28 v _293765_/SN (HAxp5_ASAP7_75t_R)
                                         _069508_ (net)
                 30.27    0.00  328.28 v _207104_/A (INVx1_ASAP7_75t_R)
     1    1.09   14.26   11.90  340.18 ^ _207104_/Y (INVx1_ASAP7_75t_R)
                                         _069509_ (net)
                 14.26    0.00  340.18 ^ _293777_/A (HAxp5_ASAP7_75t_R)
     1    0.68   32.77   10.44  350.62 v _293777_/CON (HAxp5_ASAP7_75t_R)
                                         _069537_ (net)
     1    0.68   29.10   11.45  362.07 ^ _293777_/SN (HAxp5_ASAP7_75t_R)
                                         _069538_ (net)
                 29.10    0.00  362.07 ^ _207137_/A (INVx1_ASAP7_75t_R)
     1    2.24   17.54   14.17  376.24 v _207137_/Y (INVx1_ASAP7_75t_R)
                                         _012550_ (net)
                 17.54    0.00  376.24 v _281527_/B (FAx1_ASAP7_75t_R)
     1    0.68   26.62   18.34  394.59 ^ _281527_/CON (FAx1_ASAP7_75t_R)
                                         _012551_ (net)
     1    0.68   20.77   11.76  406.35 v _281527_/SN (FAx1_ASAP7_75t_R)
                                         _012552_ (net)
                 20.77    0.00  406.35 v _178118_/A (INVx1_ASAP7_75t_R)
     1    0.93   11.44    9.64  415.99 ^ _178118_/Y (INVx1_ASAP7_75t_R)
                                         _012554_ (net)
                 11.44    0.00  415.99 ^ _297758_/B (HAxp5_ASAP7_75t_R)
     1    0.68   13.38   21.11  437.10 v _297758_/SN (HAxp5_ASAP7_75t_R)
                                         _079974_ (net)
                 13.38    0.00  437.10 v _210165_/A (INVx1_ASAP7_75t_R)
     3    2.35   17.09   12.28  449.38 ^ _210165_/Y (INVx1_ASAP7_75t_R)
                                         _099173_ (net)
                 17.09    0.00  449.38 ^ _210177_/A2 (AO21x1_ASAP7_75t_R)
     2    1.54   12.60   17.90  467.28 ^ _210177_/Y (AO21x1_ASAP7_75t_R)
                                         _099184_ (net)
                 12.60    0.00  467.28 ^ _210180_/A1 (AO21x1_ASAP7_75t_R)
     2    1.55   12.50   16.16  483.44 ^ _210180_/Y (AO21x1_ASAP7_75t_R)
                                         _099187_ (net)
                 12.50    0.00  483.44 ^ _210181_/B (XNOR2x2_ASAP7_75t_R)
     1    2.04   10.79   27.32  510.76 v _210181_/Y (XNOR2x2_ASAP7_75t_R)
                                         _036353_ (net)
                 10.79    0.00  510.76 v _286081_/A (FAx1_ASAP7_75t_R)
     1    0.68   19.57   27.96  538.71 v _286081_/SN (FAx1_ASAP7_75t_R)
                                         _036356_ (net)
                 19.57    0.00  538.71 v _183618_/A (INVx1_ASAP7_75t_R)
     1    1.65   14.90   12.09  550.80 ^ _183618_/Y (INVx1_ASAP7_75t_R)
                                         _036358_ (net)
                 14.90    0.00  550.80 ^ _286114_/CI (FAx1_ASAP7_75t_R)
     1    0.68   20.30   28.59  579.39 v _286114_/SN (FAx1_ASAP7_75t_R)
                                         _036558_ (net)
                 20.30    0.00  579.39 v _204443_/A (INVx1_ASAP7_75t_R)
     1    2.24   18.08   14.13  593.52 ^ _204443_/Y (INVx1_ASAP7_75t_R)
                                         _036560_ (net)
                 18.08    0.00  593.52 ^ _286132_/B (FAx1_ASAP7_75t_R)
     1    0.68   20.27   29.27  622.79 v _286132_/SN (FAx1_ASAP7_75t_R)
                                         _036634_ (net)
                 20.27    0.00  622.79 v _208491_/A (INVx1_ASAP7_75t_R)
     1    2.24   18.08   14.12  636.92 ^ _208491_/Y (INVx1_ASAP7_75t_R)
                                         _036636_ (net)
                 18.08    0.00  636.92 ^ _286147_/B (FAx1_ASAP7_75t_R)
     1    0.68   20.27   29.27  666.19 v _286147_/SN (FAx1_ASAP7_75t_R)
                                         _036693_ (net)
                 20.27    0.00  666.19 v _204415_/A (INVx1_ASAP7_75t_R)
     1    1.65   15.08   12.27  678.45 ^ _204415_/Y (INVx1_ASAP7_75t_R)
                                         _036695_ (net)
                 15.08    0.00  678.45 ^ _286397_/CI (FAx1_ASAP7_75t_R)
     1    0.68   20.27   28.64  707.09 v _286397_/SN (FAx1_ASAP7_75t_R)
                                         _037964_ (net)
                 20.27    0.00  707.09 v _184701_/A (INVx1_ASAP7_75t_R)
     1    2.04   17.08   13.51  720.60 ^ _184701_/Y (INVx1_ASAP7_75t_R)
                                         _037966_ (net)
                 17.08    0.00  720.60 ^ _291033_/A (FAx1_ASAP7_75t_R)
     1    0.68   20.31   29.41  750.00 v _291033_/SN (FAx1_ASAP7_75t_R)
                                         _059368_ (net)
                 20.31    0.00  750.00 v _203848_/A (INVx1_ASAP7_75t_R)
     1    2.04   17.09   13.52  763.52 ^ _203848_/Y (INVx1_ASAP7_75t_R)
                                         _059370_ (net)
                 17.09    0.00  763.52 ^ _291177_/A (FAx1_ASAP7_75t_R)
     1    0.68   20.31   29.41  792.93 v _291177_/SN (FAx1_ASAP7_75t_R)
                                         _059892_ (net)
                 20.31    0.00  792.93 v _272739_/A (INVx1_ASAP7_75t_R)
     1    2.04   17.09   13.52  806.45 ^ _272739_/Y (INVx1_ASAP7_75t_R)
                                         _025035_ (net)
                 17.09    0.00  806.45 ^ _283851_/A (FAx1_ASAP7_75t_R)
     1    0.68   20.31   29.41  835.86 v _283851_/SN (FAx1_ASAP7_75t_R)
                                         _025039_ (net)
                 20.31    0.00  835.86 v _190669_/A (INVx1_ASAP7_75t_R)
     1    2.04   17.09   13.52  849.38 ^ _190669_/Y (INVx1_ASAP7_75t_R)
                                         _025041_ (net)
                 17.09    0.00  849.38 ^ _291303_/A (FAx1_ASAP7_75t_R)
     1    0.68   20.31   29.41  878.79 v _291303_/SN (FAx1_ASAP7_75t_R)
                                         _060313_ (net)
                 20.31    0.00  878.79 v _174864_/A (INVx1_ASAP7_75t_R)
     1    2.04   17.09   13.52  892.30 ^ _174864_/Y (INVx1_ASAP7_75t_R)
                                         _043956_ (net)
                 17.09    0.00  892.30 ^ _287554_/A (FAx1_ASAP7_75t_R)
     1    0.68   20.31   29.41  921.71 v _287554_/SN (FAx1_ASAP7_75t_R)
                                         _043959_ (net)
                 20.31    0.00  921.71 v _205662_/A (INVx1_ASAP7_75t_R)
     1    2.04   17.09   13.52  935.23 ^ _205662_/Y (INVx1_ASAP7_75t_R)
                                         _043521_ (net)
                 17.09    0.00  935.23 ^ _287456_/A (FAx1_ASAP7_75t_R)
     1    0.68   20.31   29.41  964.64 v _287456_/SN (FAx1_ASAP7_75t_R)
                                         _043524_ (net)
                 20.31    0.00  964.64 v _205607_/A (INVx1_ASAP7_75t_R)
     1    2.24   18.09   14.14  978.77 ^ _205607_/Y (INVx1_ASAP7_75t_R)
                                         _038170_ (net)
                 18.09    0.00  978.77 ^ _286439_/B (FAx1_ASAP7_75t_R)
     1    0.68   20.27   29.27 1008.05 v _286439_/SN (FAx1_ASAP7_75t_R)
                                         _038173_ (net)
                 20.27    0.00 1008.05 v _204690_/A (INVx1_ASAP7_75t_R)
     1    2.24   18.08   14.12 1022.17 ^ _204690_/Y (INVx1_ASAP7_75t_R)
                                         _038174_ (net)
                 18.08    0.00 1022.17 ^ _289109_/B (FAx1_ASAP7_75t_R)
     1    0.68   20.27   29.27 1051.44 v _289109_/SN (FAx1_ASAP7_75t_R)
                                         _051025_ (net)
                 20.27    0.00 1051.44 v _210503_/A (INVx1_ASAP7_75t_R)
     1    1.09   12.18   10.21 1061.65 ^ _210503_/Y (INVx1_ASAP7_75t_R)
                                         _051027_ (net)
                 12.18    0.00 1061.65 ^ _296664_/A (HAxp5_ASAP7_75t_R)
     5    4.39   50.43   60.69 1122.34 v _296664_/SN (HAxp5_ASAP7_75t_R)
                                         _077206_ (net)
                 50.43    0.00 1122.34 v _235753_/D (OR4x1_ASAP7_75t_R)
     2    1.23   13.44   33.13 1155.47 v _235753_/Y (OR4x1_ASAP7_75t_R)
                                         _123804_ (net)
                 13.44    0.00 1155.47 v _235757_/A (OR4x1_ASAP7_75t_R)
     1    1.22   13.27   25.69 1181.16 v _235757_/Y (OR4x1_ASAP7_75t_R)
                                         _123808_ (net)
                 13.27    0.00 1181.16 v _235776_/A1 (OAI21x1_ASAP7_75t_R)
     3    2.36   20.43   14.41 1195.57 ^ _235776_/Y (OAI21x1_ASAP7_75t_R)
                                         _123827_ (net)
                 20.43    0.00 1195.57 ^ _276984_/A1 (AO21x1_ASAP7_75t_R)
     1    1.08   10.08   15.84 1211.41 ^ _276984_/Y (AO21x1_ASAP7_75t_R)
                                         _157040_ (net)
                 10.08    0.00 1211.41 ^ _276985_/B (XOR2x2_ASAP7_75t_R)
     1    1.08    7.98   24.76 1236.17 ^ _276985_/Y (XOR2x2_ASAP7_75t_R)
                                         _157041_ (net)
                  7.98    0.00 1236.17 ^ _276986_/B (XOR2x2_ASAP7_75t_R)
     2    1.63    9.02   20.15 1256.32 v _276986_/Y (XOR2x2_ASAP7_75t_R)
                                         _157042_ (net)
                  9.02    0.00 1256.32 v _277007_/A (AND2x2_ASAP7_75t_R)
     1    1.09    6.45   15.61 1271.93 v _277007_/Y (AND2x2_ASAP7_75t_R)
                                         _157063_ (net)
                  6.45    0.00 1271.93 v _277009_/A (NOR2x1_ASAP7_75t_R)
     1    0.62   10.43    6.96 1278.88 ^ _277009_/Y (NOR2x1_ASAP7_75t_R)
                                         _093097_ (net)
                 10.43    0.00 1278.88 ^ conv2_layer.conv2_calc_3.conv_out_calc[12]$_SDFF_PN0_/D (DFFHQNx1_ASAP7_75t_R)
                               1278.88   data arrival time

                  0.00  400.00  400.00   clock clk (rise edge)
                          0.00  400.00   clock network delay (ideal)
                          0.00  400.00   clock reconvergence pessimism
                                400.00 ^ conv2_layer.conv2_calc_3.conv_out_calc[12]$_SDFF_PN0_/CLK (DFFHQNx1_ASAP7_75t_R)
                        -15.31  384.69   library setup time
                                384.69   data required time
-----------------------------------------------------------------------------
                                384.69   data required time
                               -1278.88   data arrival time
-----------------------------------------------------------------------------
                               -894.19   slack (VIOLATED)



==========================================================================
Post synthesis report_checks -unconstrained
--------------------------------------------------------------------------
Startpoint: conv2_layer.conv2_buf_2.data_out_14[11]$_DFFE_PP_
            (rising edge-triggered flip-flop clocked by clk)
Endpoint: conv2_layer.conv2_calc_3.conv_out_calc[12]$_SDFF_PN0_
          (rising edge-triggered flip-flop clocked by clk)
Path Group: clk
Path Type: max

Fanout     Cap    Slew   Delay    Time   Description
-----------------------------------------------------------------------------
                  0.00    0.00    0.00   clock clk (rise edge)
                          0.00    0.00   clock network delay (ideal)
                  0.00    0.00    0.00 ^ conv2_layer.conv2_buf_2.data_out_14[11]$_DFFE_PP_/CLK (DFFHQNx1_ASAP7_75t_R)
     4    4.82   33.84   46.02   46.02 v conv2_layer.conv2_buf_2.data_out_14[11]$_DFFE_PP_/QN (DFFHQNx1_ASAP7_75t_R)
                                         _052560_ (net)
                 33.84    0.00   46.02 v _163303_/A (INVx1_ASAP7_75t_R)
    19   28.72  171.66   88.61  134.63 ^ _163303_/Y (INVx1_ASAP7_75t_R)
                                         conv2_layer.conv2_buf_2.data_out_14[11] (net)
                171.66    0.00  134.63 ^ _299624_/B (HAxp5_ASAP7_75t_R)
     5    8.09   95.43  149.86  284.49 v _299624_/SN (HAxp5_ASAP7_75t_R)
                                         _011548_ (net)
                 95.43    0.00  284.49 v _293765_/A (HAxp5_ASAP7_75t_R)
     1    1.08   46.60   31.33  315.82 ^ _293765_/CON (HAxp5_ASAP7_75t_R)
                                         _069507_ (net)
     1    0.68   30.27   12.46  328.28 v _293765_/SN (HAxp5_ASAP7_75t_R)
                                         _069508_ (net)
                 30.27    0.00  328.28 v _207104_/A (INVx1_ASAP7_75t_R)
     1    1.09   14.26   11.90  340.18 ^ _207104_/Y (INVx1_ASAP7_75t_R)
                                         _069509_ (net)
                 14.26    0.00  340.18 ^ _293777_/A (HAxp5_ASAP7_75t_R)
     1    0.68   32.77   10.44  350.62 v _293777_/CON (HAxp5_ASAP7_75t_R)
                                         _069537_ (net)
     1    0.68   29.10   11.45  362.07 ^ _293777_/SN (HAxp5_ASAP7_75t_R)
                                         _069538_ (net)
                 29.10    0.00  362.07 ^ _207137_/A (INVx1_ASAP7_75t_R)
     1    2.24   17.54   14.17  376.24 v _207137_/Y (INVx1_ASAP7_75t_R)
                                         _012550_ (net)
                 17.54    0.00  376.24 v _281527_/B (FAx1_ASAP7_75t_R)
     1    0.68   26.62   18.34  394.59 ^ _281527_/CON (FAx1_ASAP7_75t_R)
                                         _012551_ (net)
     1    0.68   20.77   11.76  406.35 v _281527_/SN (FAx1_ASAP7_75t_R)
                                         _012552_ (net)
                 20.77    0.00  406.35 v _178118_/A (INVx1_ASAP7_75t_R)
     1    0.93   11.44    9.64  415.99 ^ _178118_/Y (INVx1_ASAP7_75t_R)
                                         _012554_ (net)
                 11.44    0.00  415.99 ^ _297758_/B (HAxp5_ASAP7_75t_R)
     1    0.68   13.38   21.11  437.10 v _297758_/SN (HAxp5_ASAP7_75t_R)
                                         _079974_ (net)
                 13.38    0.00  437.10 v _210165_/A (INVx1_ASAP7_75t_R)
     3    2.35   17.09   12.28  449.38 ^ _210165_/Y (INVx1_ASAP7_75t_R)
                                         _099173_ (net)
                 17.09    0.00  449.38 ^ _210177_/A2 (AO21x1_ASAP7_75t_R)
     2    1.54   12.60   17.90  467.28 ^ _210177_/Y (AO21x1_ASAP7_75t_R)
                                         _099184_ (net)
                 12.60    0.00  467.28 ^ _210180_/A1 (AO21x1_ASAP7_75t_R)
     2    1.55   12.50   16.16  483.44 ^ _210180_/Y (AO21x1_ASAP7_75t_R)
                                         _099187_ (net)
                 12.50    0.00  483.44 ^ _210181_/B (XNOR2x2_ASAP7_75t_R)
     1    2.04   10.79   27.32  510.76 v _210181_/Y (XNOR2x2_ASAP7_75t_R)
                                         _036353_ (net)
                 10.79    0.00  510.76 v _286081_/A (FAx1_ASAP7_75t_R)
     1    0.68   19.57   27.96  538.71 v _286081_/SN (FAx1_ASAP7_75t_R)
                                         _036356_ (net)
                 19.57    0.00  538.71 v _183618_/A (INVx1_ASAP7_75t_R)
     1    1.65   14.90   12.09  550.80 ^ _183618_/Y (INVx1_ASAP7_75t_R)
                                         _036358_ (net)
                 14.90    0.00  550.80 ^ _286114_/CI (FAx1_ASAP7_75t_R)
     1    0.68   20.30   28.59  579.39 v _286114_/SN (FAx1_ASAP7_75t_R)
                                         _036558_ (net)
                 20.30    0.00  579.39 v _204443_/A (INVx1_ASAP7_75t_R)
     1    2.24   18.08   14.13  593.52 ^ _204443_/Y (INVx1_ASAP7_75t_R)
                                         _036560_ (net)
                 18.08    0.00  593.52 ^ _286132_/B (FAx1_ASAP7_75t_R)
     1    0.68   20.27   29.27  622.79 v _286132_/SN (FAx1_ASAP7_75t_R)
                                         _036634_ (net)
                 20.27    0.00  622.79 v _208491_/A (INVx1_ASAP7_75t_R)
     1    2.24   18.08   14.12  636.92 ^ _208491_/Y (INVx1_ASAP7_75t_R)
                                         _036636_ (net)
                 18.08    0.00  636.92 ^ _286147_/B (FAx1_ASAP7_75t_R)
     1    0.68   20.27   29.27  666.19 v _286147_/SN (FAx1_ASAP7_75t_R)
                                         _036693_ (net)
                 20.27    0.00  666.19 v _204415_/A (INVx1_ASAP7_75t_R)
     1    1.65   15.08   12.27  678.45 ^ _204415_/Y (INVx1_ASAP7_75t_R)
                                         _036695_ (net)
                 15.08    0.00  678.45 ^ _286397_/CI (FAx1_ASAP7_75t_R)
     1    0.68   20.27   28.64  707.09 v _286397_/SN (FAx1_ASAP7_75t_R)
                                         _037964_ (net)
                 20.27    0.00  707.09 v _184701_/A (INVx1_ASAP7_75t_R)
     1    2.04   17.08   13.51  720.60 ^ _184701_/Y (INVx1_ASAP7_75t_R)
                                         _037966_ (net)
                 17.08    0.00  720.60 ^ _291033_/A (FAx1_ASAP7_75t_R)
     1    0.68   20.31   29.41  750.00 v _291033_/SN (FAx1_ASAP7_75t_R)
                                         _059368_ (net)
                 20.31    0.00  750.00 v _203848_/A (INVx1_ASAP7_75t_R)
     1    2.04   17.09   13.52  763.52 ^ _203848_/Y (INVx1_ASAP7_75t_R)
                                         _059370_ (net)
                 17.09    0.00  763.52 ^ _291177_/A (FAx1_ASAP7_75t_R)
     1    0.68   20.31   29.41  792.93 v _291177_/SN (FAx1_ASAP7_75t_R)
                                         _059892_ (net)
                 20.31    0.00  792.93 v _272739_/A (INVx1_ASAP7_75t_R)
     1    2.04   17.09   13.52  806.45 ^ _272739_/Y (INVx1_ASAP7_75t_R)
                                         _025035_ (net)
                 17.09    0.00  806.45 ^ _283851_/A (FAx1_ASAP7_75t_R)
     1    0.68   20.31   29.41  835.86 v _283851_/SN (FAx1_ASAP7_75t_R)
                                         _025039_ (net)
                 20.31    0.00  835.86 v _190669_/A (INVx1_ASAP7_75t_R)
     1    2.04   17.09   13.52  849.38 ^ _190669_/Y (INVx1_ASAP7_75t_R)
                                         _025041_ (net)
                 17.09    0.00  849.38 ^ _291303_/A (FAx1_ASAP7_75t_R)
     1    0.68   20.31   29.41  878.79 v _291303_/SN (FAx1_ASAP7_75t_R)
                                         _060313_ (net)
                 20.31    0.00  878.79 v _174864_/A (INVx1_ASAP7_75t_R)
     1    2.04   17.09   13.52  892.30 ^ _174864_/Y (INVx1_ASAP7_75t_R)
                                         _043956_ (net)
                 17.09    0.00  892.30 ^ _287554_/A (FAx1_ASAP7_75t_R)
     1    0.68   20.31   29.41  921.71 v _287554_/SN (FAx1_ASAP7_75t_R)
                                         _043959_ (net)
                 20.31    0.00  921.71 v _205662_/A (INVx1_ASAP7_75t_R)
     1    2.04   17.09   13.52  935.23 ^ _205662_/Y (INVx1_ASAP7_75t_R)
                                         _043521_ (net)
                 17.09    0.00  935.23 ^ _287456_/A (FAx1_ASAP7_75t_R)
     1    0.68   20.31   29.41  964.64 v _287456_/SN (FAx1_ASAP7_75t_R)
                                         _043524_ (net)
                 20.31    0.00  964.64 v _205607_/A (INVx1_ASAP7_75t_R)
     1    2.24   18.09   14.14  978.77 ^ _205607_/Y (INVx1_ASAP7_75t_R)
                                         _038170_ (net)
                 18.09    0.00  978.77 ^ _286439_/B (FAx1_ASAP7_75t_R)
     1    0.68   20.27   29.27 1008.05 v _286439_/SN (FAx1_ASAP7_75t_R)
                                         _038173_ (net)
                 20.27    0.00 1008.05 v _204690_/A (INVx1_ASAP7_75t_R)
     1    2.24   18.08   14.12 1022.17 ^ _204690_/Y (INVx1_ASAP7_75t_R)
                                         _038174_ (net)
                 18.08    0.00 1022.17 ^ _289109_/B (FAx1_ASAP7_75t_R)
     1    0.68   20.27   29.27 1051.44 v _289109_/SN (FAx1_ASAP7_75t_R)
                                         _051025_ (net)
                 20.27    0.00 1051.44 v _210503_/A (INVx1_ASAP7_75t_R)
     1    1.09   12.18   10.21 1061.65 ^ _210503_/Y (INVx1_ASAP7_75t_R)
                                         _051027_ (net)
                 12.18    0.00 1061.65 ^ _296664_/A (HAxp5_ASAP7_75t_R)
     5    4.39   50.43   60.69 1122.34 v _296664_/SN (HAxp5_ASAP7_75t_R)
                                         _077206_ (net)
                 50.43    0.00 1122.34 v _235753_/D (OR4x1_ASAP7_75t_R)
     2    1.23   13.44   33.13 1155.47 v _235753_/Y (OR4x1_ASAP7_75t_R)
                                         _123804_ (net)
                 13.44    0.00 1155.47 v _235757_/A (OR4x1_ASAP7_75t_R)
     1    1.22   13.27   25.69 1181.16 v _235757_/Y (OR4x1_ASAP7_75t_R)
                                         _123808_ (net)
                 13.27    0.00 1181.16 v _235776_/A1 (OAI21x1_ASAP7_75t_R)
     3    2.36   20.43   14.41 1195.57 ^ _235776_/Y (OAI21x1_ASAP7_75t_R)
                                         _123827_ (net)
                 20.43    0.00 1195.57 ^ _276984_/A1 (AO21x1_ASAP7_75t_R)
     1    1.08   10.08   15.84 1211.41 ^ _276984_/Y (AO21x1_ASAP7_75t_R)
                                         _157040_ (net)
                 10.08    0.00 1211.41 ^ _276985_/B (XOR2x2_ASAP7_75t_R)
     1    1.08    7.98   24.76 1236.17 ^ _276985_/Y (XOR2x2_ASAP7_75t_R)
                                         _157041_ (net)
                  7.98    0.00 1236.17 ^ _276986_/B (XOR2x2_ASAP7_75t_R)
     2    1.63    9.02   20.15 1256.32 v _276986_/Y (XOR2x2_ASAP7_75t_R)
                                         _157042_ (net)
                  9.02    0.00 1256.32 v _277007_/A (AND2x2_ASAP7_75t_R)
     1    1.09    6.45   15.61 1271.93 v _277007_/Y (AND2x2_ASAP7_75t_R)
                                         _157063_ (net)
                  6.45    0.00 1271.93 v _277009_/A (NOR2x1_ASAP7_75t_R)
     1    0.62   10.43    6.96 1278.88 ^ _277009_/Y (NOR2x1_ASAP7_75t_R)
                                         _093097_ (net)
                 10.43    0.00 1278.88 ^ conv2_layer.conv2_calc_3.conv_out_calc[12]$_SDFF_PN0_/D (DFFHQNx1_ASAP7_75t_R)
                               1278.88   data arrival time

                  0.00  400.00  400.00   clock clk (rise edge)
                          0.00  400.00   clock network delay (ideal)
                          0.00  400.00   clock reconvergence pessimism
                                400.00 ^ conv2_layer.conv2_calc_3.conv_out_calc[12]$_SDFF_PN0_/CLK (DFFHQNx1_ASAP7_75t_R)
                        -15.31  384.69   library setup time
                                384.69   data required time
-----------------------------------------------------------------------------
                                384.69   data required time
                               -1278.88   data arrival time
-----------------------------------------------------------------------------
                               -894.19   slack (VIOLATED)



==========================================================================
Post synthesis report_power
--------------------------------------------------------------------------
Group                  Internal  Switching    Leakage      Total
                          Power      Power      Power      Power (Watts)
----------------------------------------------------------------
Sequential             2.52e-02   4.93e-04   9.17e-07   2.57e-02   9.5%
Combinational          1.04e-01   1.40e-01   1.01e-05   2.44e-01  90.5%
Clock                  0.00e+00   0.00e+00   0.00e+00   0.00e+00   0.0%
Macro                  0.00e+00   0.00e+00   0.00e+00   0.00e+00   0.0%
Pad                    0.00e+00   0.00e+00   0.00e+00   0.00e+00   0.0%
----------------------------------------------------------------
Total                  1.29e-01   1.40e-01   1.10e-05   2.70e-01 100.0%
                          48.0%      52.0%       0.0%
