
==========================================================================
Post synthesis report_tns
--------------------------------------------------------------------------
tns max -387550.41

==========================================================================
Post synthesis report_wns
--------------------------------------------------------------------------
wns max -800.60

==========================================================================
Post synthesis report_worst_slack
--------------------------------------------------------------------------
worst slack max -800.60

==========================================================================
Post synthesis report_clock_min_period
--------------------------------------------------------------------------
clk period_min = 1200.60 fmax = 832.92

==========================================================================
Post synthesis report_checks -path_delay min
--------------------------------------------------------------------------
Startpoint: conv1_layer.conv1_buf.data_out_22[4]$_DFFE_PP_
            (rising edge-triggered flip-flop clocked by clk)
Endpoint: conv1_layer.conv1_buf.data_out_22[4]$_DFFE_PP_
          (rising edge-triggered flip-flop clocked by clk)
Path Group: clk
Path Type: min

Fanout     Cap    Slew   Delay    Time   Description
-----------------------------------------------------------------------------
                  0.00    0.00    0.00   clock clk (rise edge)
                          0.00    0.00   clock network delay (ideal)
                  0.00    0.00    0.00 ^ conv1_layer.conv1_buf.data_out_22[4]$_DFFE_PP_/CLK (DFFHQNx1_ASAP7_75t_R)
     2    1.51   17.81   35.82   35.82 ^ conv1_layer.conv1_buf.data_out_22[4]$_DFFE_PP_/QN (DFFHQNx1_ASAP7_75t_R)
                                         _005028_ (net)
                 17.81    0.00   35.82 ^ _233298_/A1 (OAI21x1_ASAP7_75t_R)
     1    0.55    4.80    6.89   42.71 v _233298_/Y (OAI21x1_ASAP7_75t_R)
                                         _087378_ (net)
                  4.80    0.00   42.71 v conv1_layer.conv1_buf.data_out_22[4]$_DFFE_PP_/D (DFFHQNx1_ASAP7_75t_R)
                                 42.71   data arrival time

                  0.00    0.00    0.00   clock clk (rise edge)
                          0.00    0.00   clock network delay (ideal)
                          0.00    0.00   clock reconvergence pessimism
                                  0.00 ^ conv1_layer.conv1_buf.data_out_22[4]$_DFFE_PP_/CLK (DFFHQNx1_ASAP7_75t_R)
                          8.76    8.76   library hold time
                                  8.76   data required time
-----------------------------------------------------------------------------
                                  8.76   data required time
                                -42.71   data arrival time
-----------------------------------------------------------------------------
                                 33.95   slack (MET)



==========================================================================
Post synthesis report_checks -path_delay max
--------------------------------------------------------------------------
Startpoint: fully_connected.out_idx[0]$_DFF_P_
            (rising edge-triggered flip-flop clocked by clk)
Endpoint: comparator.buffer[9][11]$_DFFE_PP_
          (rising edge-triggered flip-flop clocked by clk)
Path Group: clk
Path Type: max

Fanout     Cap    Slew   Delay    Time   Description
-----------------------------------------------------------------------------
                  0.00    0.00    0.00   clock clk (rise edge)
                          0.00    0.00   clock network delay (ideal)
                  0.00    0.00    0.00 ^ fully_connected.out_idx[0]$_DFF_P_/CLK (DFFHQNx1_ASAP7_75t_R)
     4    3.49   29.31   42.92   42.92 ^ fully_connected.out_idx[0]$_DFF_P_/QN (DFFHQNx1_ASAP7_75t_R)
                                         _078260_ (net)
                 29.31    0.00   42.92 ^ _181095_/A (INVx1_ASAP7_75t_R)
     5    4.50   27.57   20.70   63.62 v _181095_/Y (INVx1_ASAP7_75t_R)
                                         fully_connected.out_idx[0] (net)
                 27.57    0.00   63.62 v _297257_/A (HAxp5_ASAP7_75t_R)
     2    1.26   24.82   19.09   82.71 ^ _297257_/CON (HAxp5_ASAP7_75t_R)
                                         _078265_ (net)
                 24.82    0.00   82.71 ^ _180450_/A (INVx1_ASAP7_75t_R)
     9   10.32   53.08   33.21  115.93 v _180450_/Y (INVx1_ASAP7_75t_R)
                                         _095791_ (net)
                 53.08    0.00  115.93 v _192060_/A1 (OAI21x1_ASAP7_75t_R)
    10   10.05   69.30   46.58  162.51 ^ _192060_/Y (OAI21x1_ASAP7_75t_R)
                                         _096773_ (net)
                 69.30    0.00  162.51 ^ _192061_/A (BUFx2_ASAP7_75t_R)
    10    7.24   25.50   32.96  195.47 ^ _192061_/Y (BUFx2_ASAP7_75t_R)
                                         _096774_ (net)
                 25.50    0.00  195.47 ^ _192062_/A (BUFx2_ASAP7_75t_R)
    10    6.42   22.22   25.43  220.90 ^ _192062_/Y (BUFx2_ASAP7_75t_R)
                                         _096775_ (net)
                 22.22    0.00  220.90 ^ _193169_/C (AND3x1_ASAP7_75t_R)
     1    0.58    9.03   18.68  239.58 ^ _193169_/Y (AND3x1_ASAP7_75t_R)
                                         _097060_ (net)
                  9.03    0.00  239.58 ^ _193170_/A (BUFx2_ASAP7_75t_R)
     6    5.57   19.42   20.22  259.79 ^ _193170_/Y (BUFx2_ASAP7_75t_R)
                                         _097061_ (net)
                 19.42    0.00  259.79 ^ _193171_/A (BUFx2_ASAP7_75t_R)
    10   11.04   35.54   30.45  290.24 ^ _193171_/Y (BUFx2_ASAP7_75t_R)
                                         _097062_ (net)
                 35.54    0.00  290.24 ^ _193172_/B (NOR2x1_ASAP7_75t_R)
     8   16.71   86.89   52.99  343.24 v _193172_/Y (NOR2x1_ASAP7_75t_R)
                                         _044991_ (net)
                 86.89    0.00  343.24 v _288016_/B (FAx1_ASAP7_75t_R)
     1    0.68   40.74   32.27  375.51 ^ _288016_/CON (FAx1_ASAP7_75t_R)
                                         _045020_ (net)
     1    0.68   30.13   13.69  389.20 v _288016_/SN (FAx1_ASAP7_75t_R)
                                         _045021_ (net)
                 30.13    0.00  389.20 v _177205_/A (INVx1_ASAP7_75t_R)
     1    1.65   17.43   14.26  403.46 ^ _177205_/Y (INVx1_ASAP7_75t_R)
                                         _045023_ (net)
                 17.43    0.00  403.46 ^ _288558_/CI (FAx1_ASAP7_75t_R)
     1    0.68   20.30   29.32  432.78 v _288558_/SN (FAx1_ASAP7_75t_R)
                                         _047527_ (net)
                 20.30    0.00  432.78 v _177234_/A (INVx1_ASAP7_75t_R)
     1    1.65   15.08   12.27  445.05 ^ _177234_/Y (INVx1_ASAP7_75t_R)
                                         _047529_ (net)
                 15.08    0.00  445.05 ^ _289303_/CI (FAx1_ASAP7_75t_R)
     1    0.68   20.27   28.64  473.69 v _289303_/SN (FAx1_ASAP7_75t_R)
                                         _050830_ (net)
                 20.27    0.00  473.69 v _177264_/A (INVx1_ASAP7_75t_R)
     1    1.65   15.08   12.27  485.95 ^ _177264_/Y (INVx1_ASAP7_75t_R)
                                         _050832_ (net)
                 15.08    0.00  485.95 ^ _290167_/CI (FAx1_ASAP7_75t_R)
     1    0.68   20.27   28.64  514.59 v _290167_/SN (FAx1_ASAP7_75t_R)
                                         _054725_ (net)
                 20.27    0.00  514.59 v _183388_/A (INVx1_ASAP7_75t_R)
     1    2.24   18.08   14.12  528.72 ^ _183388_/Y (INVx1_ASAP7_75t_R)
                                         _054727_ (net)
                 18.08    0.00  528.72 ^ _290221_/B (FAx1_ASAP7_75t_R)
     1    0.68   20.27   29.27  557.99 v _290221_/SN (FAx1_ASAP7_75t_R)
                                         _054932_ (net)
                 20.27    0.00  557.99 v _177355_/A (INVx1_ASAP7_75t_R)
     1    1.65   15.08   12.27  570.25 ^ _177355_/Y (INVx1_ASAP7_75t_R)
                                         _054934_ (net)
                 15.08    0.00  570.25 ^ _291704_/CI (FAx1_ASAP7_75t_R)
     1    0.68   20.27   28.64  598.89 v _291704_/SN (FAx1_ASAP7_75t_R)
                                         _061039_ (net)
                 20.27    0.00  598.89 v _177285_/A (INVx1_ASAP7_75t_R)
     1    1.65   15.08   12.27  611.16 ^ _177285_/Y (INVx1_ASAP7_75t_R)
                                         _061041_ (net)
                 15.08    0.00  611.16 ^ _291968_/CI (FAx1_ASAP7_75t_R)
     1    0.68   20.27   28.64  639.80 v _291968_/SN (FAx1_ASAP7_75t_R)
                                         _062176_ (net)
                 20.27    0.00  639.80 v _175654_/A (INVx1_ASAP7_75t_R)
     1    1.65   15.08   12.27  652.06 ^ _175654_/Y (INVx1_ASAP7_75t_R)
                                         _036792_ (net)
                 15.08    0.00  652.06 ^ _286378_/CI (FAx1_ASAP7_75t_R)
     1    0.68   20.27   28.64  680.70 v _286378_/SN (FAx1_ASAP7_75t_R)
                                         _036794_ (net)
                 20.27    0.00  680.70 v _184672_/A (INVx1_ASAP7_75t_R)
     1    1.65   15.08   12.27  692.97 ^ _184672_/Y (INVx1_ASAP7_75t_R)
                                         _036796_ (net)
                 15.08    0.00  692.97 ^ _290190_/CI (FAx1_ASAP7_75t_R)
     1    0.68   20.27   28.64  721.60 v _290190_/SN (FAx1_ASAP7_75t_R)
                                         _054811_ (net)
                 20.27    0.00  721.60 v _184224_/A (INVx1_ASAP7_75t_R)
     1    2.24   18.08   14.12  735.73 ^ _184224_/Y (INVx1_ASAP7_75t_R)
                                         _054813_ (net)
                 18.08    0.00  735.73 ^ _290887_/B (FAx1_ASAP7_75t_R)
     1    0.68   20.27   29.27  765.00 v _290887_/SN (FAx1_ASAP7_75t_R)
                                         _057799_ (net)
                 20.27    0.00  765.00 v _188074_/A (INVx1_ASAP7_75t_R)
     1    1.65   15.08   12.27  777.26 ^ _188074_/Y (INVx1_ASAP7_75t_R)
                                         _012308_ (net)
                 15.08    0.00  777.26 ^ _281695_/CI (FAx1_ASAP7_75t_R)
     1    0.68   20.27   28.64  805.90 v _281695_/SN (FAx1_ASAP7_75t_R)
                                         _012310_ (net)
                 20.27    0.00  805.90 v _169173_/A (INVx1_ASAP7_75t_R)
     1    1.65   15.08   12.27  818.17 ^ _169173_/Y (INVx1_ASAP7_75t_R)
                                         _012312_ (net)
                 15.08    0.00  818.17 ^ _281942_/CI (FAx1_ASAP7_75t_R)
     1    0.68   20.27   28.64  846.81 v _281942_/SN (FAx1_ASAP7_75t_R)
                                         _013498_ (net)
                 20.27    0.00  846.81 v _188089_/A (INVx1_ASAP7_75t_R)
     1    2.24   18.08   14.12  860.93 ^ _188089_/Y (INVx1_ASAP7_75t_R)
                                         _013500_ (net)
                 18.08    0.00  860.93 ^ _281959_/B (FAx1_ASAP7_75t_R)
     1    0.68   20.27   29.27  890.20 v _281959_/SN (FAx1_ASAP7_75t_R)
                                         _013566_ (net)
                 20.27    0.00  890.20 v _206362_/A (INVx1_ASAP7_75t_R)
     1    2.24   18.08   14.12  904.32 ^ _206362_/Y (INVx1_ASAP7_75t_R)
                                         _013568_ (net)
                 18.08    0.00  904.32 ^ _281975_/B (FAx1_ASAP7_75t_R)
     1    0.68   20.27   29.27  933.59 v _281975_/SN (FAx1_ASAP7_75t_R)
                                         _013630_ (net)
                 20.27    0.00  933.59 v _210151_/A (INVx1_ASAP7_75t_R)
     1    0.93   11.34    9.56  943.16 ^ _210151_/Y (INVx1_ASAP7_75t_R)
                                         _013632_ (net)
                 11.34    0.00  943.16 ^ _294433_/B (HAxp5_ASAP7_75t_R)
     4    3.50   41.56   51.13  994.28 v _294433_/SN (HAxp5_ASAP7_75t_R)
                                         _070815_ (net)
                 41.56    0.00  994.28 v _261035_/A (NOR2x1_ASAP7_75t_R)
     2    1.76   18.75   15.98 1010.26 ^ _261035_/Y (NOR2x1_ASAP7_75t_R)
                                         _146595_ (net)
                 18.75    0.00 1010.26 ^ _261036_/A (INVx1_ASAP7_75t_R)
     2    1.14   10.39    8.79 1019.06 v _261036_/Y (INVx1_ASAP7_75t_R)
                                         _146596_ (net)
                 10.39    0.00 1019.06 v _261037_/B (OR2x2_ASAP7_75t_R)
     2    1.13    7.25   17.31 1036.37 v _261037_/Y (OR2x2_ASAP7_75t_R)
                                         _146597_ (net)
                  7.25    0.00 1036.37 v _261038_/E (OR5x1_ASAP7_75t_R)
     2    1.17   14.47   33.85 1070.22 v _261038_/Y (OR5x1_ASAP7_75t_R)
                                         _146598_ (net)
                 14.47    0.00 1070.22 v _261049_/A1 (AO21x1_ASAP7_75t_R)
     2    2.16   14.05   21.12 1091.34 v _261049_/Y (AO21x1_ASAP7_75t_R)
                                         _146609_ (net)
                 14.05    0.00 1091.34 v _261050_/B (NAND2x1_ASAP7_75t_R)
     3    2.79   23.61   14.99 1106.33 ^ _261050_/Y (NAND2x1_ASAP7_75t_R)
                                         _146610_ (net)
                 23.61    0.00 1106.33 ^ _275041_/A1 (AO21x1_ASAP7_75t_R)
     2    1.93   14.89   18.70 1125.03 ^ _275041_/Y (AO21x1_ASAP7_75t_R)
                                         _155729_ (net)
                 14.89    0.00 1125.03 ^ _275044_/A (INVx1_ASAP7_75t_R)
     1    1.40   10.64    8.88 1133.91 v _275044_/Y (INVx1_ASAP7_75t_R)
                                         _155732_ (net)
                 10.64    0.00 1133.91 v _275046_/B (NOR3x1_ASAP7_75t_R)
     1    1.08   15.38   10.53 1144.44 ^ _275046_/Y (NOR3x1_ASAP7_75t_R)
                                         _155734_ (net)
                 15.38    0.00 1144.44 ^ _275047_/A2 (OAI21x1_ASAP7_75t_R)
    10   10.80   54.24   28.46 1172.90 v _275047_/Y (OAI21x1_ASAP7_75t_R)
                                         _155735_ (net)
                 54.24    0.00 1172.90 v _275050_/A2 (AOI21x1_ASAP7_75t_R)
     1    0.62   16.31   14.12 1187.02 ^ _275050_/Y (AOI21x1_ASAP7_75t_R)
                                         _093080_ (net)
                 16.31    0.00 1187.02 ^ comparator.buffer[9][11]$_DFFE_PP_/D (DFFHQNx1_ASAP7_75t_R)
                               1187.02   data arrival time

                  0.00  400.00  400.00   clock clk (rise edge)
                          0.00  400.00   clock network delay (ideal)
                          0.00  400.00   clock reconvergence pessimism
                                400.00 ^ comparator.buffer[9][11]$_DFFE_PP_/CLK (DFFHQNx1_ASAP7_75t_R)
                        -13.58  386.42   library setup time
                                386.42   data required time
-----------------------------------------------------------------------------
                                386.42   data required time
                               -1187.02   data arrival time
-----------------------------------------------------------------------------
                               -800.60   slack (VIOLATED)



==========================================================================
Post synthesis report_checks -unconstrained
--------------------------------------------------------------------------
Startpoint: fully_connected.out_idx[0]$_DFF_P_
            (rising edge-triggered flip-flop clocked by clk)
Endpoint: comparator.buffer[9][11]$_DFFE_PP_
          (rising edge-triggered flip-flop clocked by clk)
Path Group: clk
Path Type: max

Fanout     Cap    Slew   Delay    Time   Description
-----------------------------------------------------------------------------
                  0.00    0.00    0.00   clock clk (rise edge)
                          0.00    0.00   clock network delay (ideal)
                  0.00    0.00    0.00 ^ fully_connected.out_idx[0]$_DFF_P_/CLK (DFFHQNx1_ASAP7_75t_R)
     4    3.49   29.31   42.92   42.92 ^ fully_connected.out_idx[0]$_DFF_P_/QN (DFFHQNx1_ASAP7_75t_R)
                                         _078260_ (net)
                 29.31    0.00   42.92 ^ _181095_/A (INVx1_ASAP7_75t_R)
     5    4.50   27.57   20.70   63.62 v _181095_/Y (INVx1_ASAP7_75t_R)
                                         fully_connected.out_idx[0] (net)
                 27.57    0.00   63.62 v _297257_/A (HAxp5_ASAP7_75t_R)
     2    1.26   24.82   19.09   82.71 ^ _297257_/CON (HAxp5_ASAP7_75t_R)
                                         _078265_ (net)
                 24.82    0.00   82.71 ^ _180450_/A (INVx1_ASAP7_75t_R)
     9   10.32   53.08   33.21  115.93 v _180450_/Y (INVx1_ASAP7_75t_R)
                                         _095791_ (net)
                 53.08    0.00  115.93 v _192060_/A1 (OAI21x1_ASAP7_75t_R)
    10   10.05   69.30   46.58  162.51 ^ _192060_/Y (OAI21x1_ASAP7_75t_R)
                                         _096773_ (net)
                 69.30    0.00  162.51 ^ _192061_/A (BUFx2_ASAP7_75t_R)
    10    7.24   25.50   32.96  195.47 ^ _192061_/Y (BUFx2_ASAP7_75t_R)
                                         _096774_ (net)
                 25.50    0.00  195.47 ^ _192062_/A (BUFx2_ASAP7_75t_R)
    10    6.42   22.22   25.43  220.90 ^ _192062_/Y (BUFx2_ASAP7_75t_R)
                                         _096775_ (net)
                 22.22    0.00  220.90 ^ _193169_/C (AND3x1_ASAP7_75t_R)
     1    0.58    9.03   18.68  239.58 ^ _193169_/Y (AND3x1_ASAP7_75t_R)
                                         _097060_ (net)
                  9.03    0.00  239.58 ^ _193170_/A (BUFx2_ASAP7_75t_R)
     6    5.57   19.42   20.22  259.79 ^ _193170_/Y (BUFx2_ASAP7_75t_R)
                                         _097061_ (net)
                 19.42    0.00  259.79 ^ _193171_/A (BUFx2_ASAP7_75t_R)
    10   11.04   35.54   30.45  290.24 ^ _193171_/Y (BUFx2_ASAP7_75t_R)
                                         _097062_ (net)
                 35.54    0.00  290.24 ^ _193172_/B (NOR2x1_ASAP7_75t_R)
     8   16.71   86.89   52.99  343.24 v _193172_/Y (NOR2x1_ASAP7_75t_R)
                                         _044991_ (net)
                 86.89    0.00  343.24 v _288016_/B (FAx1_ASAP7_75t_R)
     1    0.68   40.74   32.27  375.51 ^ _288016_/CON (FAx1_ASAP7_75t_R)
                                         _045020_ (net)
     1    0.68   30.13   13.69  389.20 v _288016_/SN (FAx1_ASAP7_75t_R)
                                         _045021_ (net)
                 30.13    0.00  389.20 v _177205_/A (INVx1_ASAP7_75t_R)
     1    1.65   17.43   14.26  403.46 ^ _177205_/Y (INVx1_ASAP7_75t_R)
                                         _045023_ (net)
                 17.43    0.00  403.46 ^ _288558_/CI (FAx1_ASAP7_75t_R)
     1    0.68   20.30   29.32  432.78 v _288558_/SN (FAx1_ASAP7_75t_R)
                                         _047527_ (net)
                 20.30    0.00  432.78 v _177234_/A (INVx1_ASAP7_75t_R)
     1    1.65   15.08   12.27  445.05 ^ _177234_/Y (INVx1_ASAP7_75t_R)
                                         _047529_ (net)
                 15.08    0.00  445.05 ^ _289303_/CI (FAx1_ASAP7_75t_R)
     1    0.68   20.27   28.64  473.69 v _289303_/SN (FAx1_ASAP7_75t_R)
                                         _050830_ (net)
                 20.27    0.00  473.69 v _177264_/A (INVx1_ASAP7_75t_R)
     1    1.65   15.08   12.27  485.95 ^ _177264_/Y (INVx1_ASAP7_75t_R)
                                         _050832_ (net)
                 15.08    0.00  485.95 ^ _290167_/CI (FAx1_ASAP7_75t_R)
     1    0.68   20.27   28.64  514.59 v _290167_/SN (FAx1_ASAP7_75t_R)
                                         _054725_ (net)
                 20.27    0.00  514.59 v _183388_/A (INVx1_ASAP7_75t_R)
     1    2.24   18.08   14.12  528.72 ^ _183388_/Y (INVx1_ASAP7_75t_R)
                                         _054727_ (net)
                 18.08    0.00  528.72 ^ _290221_/B (FAx1_ASAP7_75t_R)
     1    0.68   20.27   29.27  557.99 v _290221_/SN (FAx1_ASAP7_75t_R)
                                         _054932_ (net)
                 20.27    0.00  557.99 v _177355_/A (INVx1_ASAP7_75t_R)
     1    1.65   15.08   12.27  570.25 ^ _177355_/Y (INVx1_ASAP7_75t_R)
                                         _054934_ (net)
                 15.08    0.00  570.25 ^ _291704_/CI (FAx1_ASAP7_75t_R)
     1    0.68   20.27   28.64  598.89 v _291704_/SN (FAx1_ASAP7_75t_R)
                                         _061039_ (net)
                 20.27    0.00  598.89 v _177285_/A (INVx1_ASAP7_75t_R)
     1    1.65   15.08   12.27  611.16 ^ _177285_/Y (INVx1_ASAP7_75t_R)
                                         _061041_ (net)
                 15.08    0.00  611.16 ^ _291968_/CI (FAx1_ASAP7_75t_R)
     1    0.68   20.27   28.64  639.80 v _291968_/SN (FAx1_ASAP7_75t_R)
                                         _062176_ (net)
                 20.27    0.00  639.80 v _175654_/A (INVx1_ASAP7_75t_R)
     1    1.65   15.08   12.27  652.06 ^ _175654_/Y (INVx1_ASAP7_75t_R)
                                         _036792_ (net)
                 15.08    0.00  652.06 ^ _286378_/CI (FAx1_ASAP7_75t_R)
     1    0.68   20.27   28.64  680.70 v _286378_/SN (FAx1_ASAP7_75t_R)
                                         _036794_ (net)
                 20.27    0.00  680.70 v _184672_/A (INVx1_ASAP7_75t_R)
     1    1.65   15.08   12.27  692.97 ^ _184672_/Y (INVx1_ASAP7_75t_R)
                                         _036796_ (net)
                 15.08    0.00  692.97 ^ _290190_/CI (FAx1_ASAP7_75t_R)
     1    0.68   20.27   28.64  721.60 v _290190_/SN (FAx1_ASAP7_75t_R)
                                         _054811_ (net)
                 20.27    0.00  721.60 v _184224_/A (INVx1_ASAP7_75t_R)
     1    2.24   18.08   14.12  735.73 ^ _184224_/Y (INVx1_ASAP7_75t_R)
                                         _054813_ (net)
                 18.08    0.00  735.73 ^ _290887_/B (FAx1_ASAP7_75t_R)
     1    0.68   20.27   29.27  765.00 v _290887_/SN (FAx1_ASAP7_75t_R)
                                         _057799_ (net)
                 20.27    0.00  765.00 v _188074_/A (INVx1_ASAP7_75t_R)
     1    1.65   15.08   12.27  777.26 ^ _188074_/Y (INVx1_ASAP7_75t_R)
                                         _012308_ (net)
                 15.08    0.00  777.26 ^ _281695_/CI (FAx1_ASAP7_75t_R)
     1    0.68   20.27   28.64  805.90 v _281695_/SN (FAx1_ASAP7_75t_R)
                                         _012310_ (net)
                 20.27    0.00  805.90 v _169173_/A (INVx1_ASAP7_75t_R)
     1    1.65   15.08   12.27  818.17 ^ _169173_/Y (INVx1_ASAP7_75t_R)
                                         _012312_ (net)
                 15.08    0.00  818.17 ^ _281942_/CI (FAx1_ASAP7_75t_R)
     1    0.68   20.27   28.64  846.81 v _281942_/SN (FAx1_ASAP7_75t_R)
                                         _013498_ (net)
                 20.27    0.00  846.81 v _188089_/A (INVx1_ASAP7_75t_R)
     1    2.24   18.08   14.12  860.93 ^ _188089_/Y (INVx1_ASAP7_75t_R)
                                         _013500_ (net)
                 18.08    0.00  860.93 ^ _281959_/B (FAx1_ASAP7_75t_R)
     1    0.68   20.27   29.27  890.20 v _281959_/SN (FAx1_ASAP7_75t_R)
                                         _013566_ (net)
                 20.27    0.00  890.20 v _206362_/A (INVx1_ASAP7_75t_R)
     1    2.24   18.08   14.12  904.32 ^ _206362_/Y (INVx1_ASAP7_75t_R)
                                         _013568_ (net)
                 18.08    0.00  904.32 ^ _281975_/B (FAx1_ASAP7_75t_R)
     1    0.68   20.27   29.27  933.59 v _281975_/SN (FAx1_ASAP7_75t_R)
                                         _013630_ (net)
                 20.27    0.00  933.59 v _210151_/A (INVx1_ASAP7_75t_R)
     1    0.93   11.34    9.56  943.16 ^ _210151_/Y (INVx1_ASAP7_75t_R)
                                         _013632_ (net)
                 11.34    0.00  943.16 ^ _294433_/B (HAxp5_ASAP7_75t_R)
     4    3.50   41.56   51.13  994.28 v _294433_/SN (HAxp5_ASAP7_75t_R)
                                         _070815_ (net)
                 41.56    0.00  994.28 v _261035_/A (NOR2x1_ASAP7_75t_R)
     2    1.76   18.75   15.98 1010.26 ^ _261035_/Y (NOR2x1_ASAP7_75t_R)
                                         _146595_ (net)
                 18.75    0.00 1010.26 ^ _261036_/A (INVx1_ASAP7_75t_R)
     2    1.14   10.39    8.79 1019.06 v _261036_/Y (INVx1_ASAP7_75t_R)
                                         _146596_ (net)
                 10.39    0.00 1019.06 v _261037_/B (OR2x2_ASAP7_75t_R)
     2    1.13    7.25   17.31 1036.37 v _261037_/Y (OR2x2_ASAP7_75t_R)
                                         _146597_ (net)
                  7.25    0.00 1036.37 v _261038_/E (OR5x1_ASAP7_75t_R)
     2    1.17   14.47   33.85 1070.22 v _261038_/Y (OR5x1_ASAP7_75t_R)
                                         _146598_ (net)
                 14.47    0.00 1070.22 v _261049_/A1 (AO21x1_ASAP7_75t_R)
     2    2.16   14.05   21.12 1091.34 v _261049_/Y (AO21x1_ASAP7_75t_R)
                                         _146609_ (net)
                 14.05    0.00 1091.34 v _261050_/B (NAND2x1_ASAP7_75t_R)
     3    2.79   23.61   14.99 1106.33 ^ _261050_/Y (NAND2x1_ASAP7_75t_R)
                                         _146610_ (net)
                 23.61    0.00 1106.33 ^ _275041_/A1 (AO21x1_ASAP7_75t_R)
     2    1.93   14.89   18.70 1125.03 ^ _275041_/Y (AO21x1_ASAP7_75t_R)
                                         _155729_ (net)
                 14.89    0.00 1125.03 ^ _275044_/A (INVx1_ASAP7_75t_R)
     1    1.40   10.64    8.88 1133.91 v _275044_/Y (INVx1_ASAP7_75t_R)
                                         _155732_ (net)
                 10.64    0.00 1133.91 v _275046_/B (NOR3x1_ASAP7_75t_R)
     1    1.08   15.38   10.53 1144.44 ^ _275046_/Y (NOR3x1_ASAP7_75t_R)
                                         _155734_ (net)
                 15.38    0.00 1144.44 ^ _275047_/A2 (OAI21x1_ASAP7_75t_R)
    10   10.80   54.24   28.46 1172.90 v _275047_/Y (OAI21x1_ASAP7_75t_R)
                                         _155735_ (net)
                 54.24    0.00 1172.90 v _275050_/A2 (AOI21x1_ASAP7_75t_R)
     1    0.62   16.31   14.12 1187.02 ^ _275050_/Y (AOI21x1_ASAP7_75t_R)
                                         _093080_ (net)
                 16.31    0.00 1187.02 ^ comparator.buffer[9][11]$_DFFE_PP_/D (DFFHQNx1_ASAP7_75t_R)
                               1187.02   data arrival time

                  0.00  400.00  400.00   clock clk (rise edge)
                          0.00  400.00   clock network delay (ideal)
                          0.00  400.00   clock reconvergence pessimism
                                400.00 ^ comparator.buffer[9][11]$_DFFE_PP_/CLK (DFFHQNx1_ASAP7_75t_R)
                        -13.58  386.42   library setup time
                                386.42   data required time
-----------------------------------------------------------------------------
                                386.42   data required time
                               -1187.02   data arrival time
-----------------------------------------------------------------------------
                               -800.60   slack (VIOLATED)



==========================================================================
Post synthesis report_power
--------------------------------------------------------------------------
Group                  Internal  Switching    Leakage      Total
                          Power      Power      Power      Power (Watts)
----------------------------------------------------------------
Sequential             2.81e-02   7.55e-04   9.36e-07   2.88e-02   8.4%
Combinational          1.46e-01   1.67e-01   1.00e-05   3.14e-01  91.6%
Clock                  0.00e+00   0.00e+00   0.00e+00   0.00e+00   0.0%
Macro                  0.00e+00   0.00e+00   0.00e+00   0.00e+00   0.0%
Pad                    0.00e+00   0.00e+00   0.00e+00   0.00e+00   0.0%
----------------------------------------------------------------
Total                  1.75e-01   1.68e-01   1.09e-05   3.42e-01 100.0%
                          51.0%      49.0%       0.0%
