
==========================================================================
Post synthesis report_tns
--------------------------------------------------------------------------
tns max -301201.56

==========================================================================
Post synthesis report_wns
--------------------------------------------------------------------------
wns max -799.26

==========================================================================
Post synthesis report_worst_slack
--------------------------------------------------------------------------
worst slack max -799.26

==========================================================================
Post synthesis report_clock_min_period
--------------------------------------------------------------------------
clk period_min = 1199.26 fmax = 833.85

==========================================================================
Post synthesis report_checks -path_delay min
--------------------------------------------------------------------------
Startpoint: fully_connected.valid_issue$_SDFF_PN0_
            (rising edge-triggered flip-flop clocked by clk)
Endpoint: fully_connected.valid_out_fc$_SDFF_PN0_
          (rising edge-triggered flip-flop clocked by clk)
Path Group: clk
Path Type: min

Fanout     Cap    Slew   Delay    Time   Description
-----------------------------------------------------------------------------
                  0.00    0.00    0.00   clock clk (rise edge)
                          0.00    0.00   clock network delay (ideal)
                  0.00    0.00    0.00 ^ fully_connected.valid_issue$_SDFF_PN0_/CLK (DFFHQNx1_ASAP7_75t_R)
     1    0.79   13.09   32.52   32.52 ^ fully_connected.valid_issue$_SDFF_PN0_/QN (DFFHQNx1_ASAP7_75t_R)
                                         _000108_ (net)
                 13.09    0.00   32.52 ^ _281271_/A (NOR2x1_ASAP7_75t_R)
     1    0.55    8.80    8.72   41.24 v _281271_/Y (NOR2x1_ASAP7_75t_R)
                                         _093219_ (net)
                  8.80    0.00   41.24 v fully_connected.valid_out_fc$_SDFF_PN0_/D (DFFHQNx1_ASAP7_75t_R)
                                 41.24   data arrival time

                  0.00    0.00    0.00   clock clk (rise edge)
                          0.00    0.00   clock network delay (ideal)
                          0.00    0.00   clock reconvergence pessimism
                                  0.00 ^ fully_connected.valid_out_fc$_SDFF_PN0_/CLK (DFFHQNx1_ASAP7_75t_R)
                          8.39    8.39   library hold time
                                  8.39   data required time
-----------------------------------------------------------------------------
                                  8.39   data required time
                                -41.24   data arrival time
-----------------------------------------------------------------------------
                                 32.84   slack (MET)



==========================================================================
Post synthesis report_checks -path_delay max
--------------------------------------------------------------------------
Startpoint: conv2_layer.conv2_buf_2.data_out_14[11]$_DFFE_PP_
            (rising edge-triggered flip-flop clocked by clk)
Endpoint: conv2_layer.conv2_calc_3.p2[18]$_DFFE_PP_
          (rising edge-triggered flip-flop clocked by clk)
Path Group: clk
Path Type: max

Fanout     Cap    Slew   Delay    Time   Description
-----------------------------------------------------------------------------
                  0.00    0.00    0.00   clock clk (rise edge)
                          0.00    0.00   clock network delay (ideal)
                  0.00    0.00    0.00 ^ conv2_layer.conv2_buf_2.data_out_14[11]$_DFFE_PP_/CLK (DFFHQNx1_ASAP7_75t_R)
     3    3.33   26.86   41.42   41.42 v conv2_layer.conv2_buf_2.data_out_14[11]$_DFFE_PP_/QN (DFFHQNx1_ASAP7_75t_R)
                                         _037057_ (net)
                 26.86    0.00   41.42 v _164404_/A (INVx1_ASAP7_75t_R)
    20   29.62  176.77   88.45  129.87 ^ _164404_/Y (INVx1_ASAP7_75t_R)
                                         conv2_layer.conv2_buf_2.data_out_14[11] (net)
                176.77    0.00  129.87 ^ _297579_/B (HAxp5_ASAP7_75t_R)
     5    7.24   89.22  141.08  270.96 v _297579_/SN (HAxp5_ASAP7_75t_R)
                                         _036992_ (net)
                 89.22    0.00  270.96 v _296574_/B (HAxp5_ASAP7_75t_R)
     1    1.08   48.38   28.68  299.64 ^ _296574_/CON (HAxp5_ASAP7_75t_R)
                                         _071001_ (net)
     1    0.68   31.94   12.59  312.23 v _296574_/SN (HAxp5_ASAP7_75t_R)
                                         _071002_ (net)
                 31.94    0.00  312.23 v _177519_/A (INVx1_ASAP7_75t_R)
     1    1.09   14.61   12.18  324.40 ^ _177519_/Y (INVx1_ASAP7_75t_R)
                                         _071003_ (net)
                 14.61    0.00  324.40 ^ _300190_/A (HAxp5_ASAP7_75t_R)
     1    0.68   33.08   10.50  334.90 v _300190_/CON (HAxp5_ASAP7_75t_R)
                                         _080248_ (net)
     1    0.68   29.36   11.50  346.40 ^ _300190_/SN (HAxp5_ASAP7_75t_R)
                                         _080249_ (net)
                 29.36    0.00  346.40 ^ _175150_/A (INVx1_ASAP7_75t_R)
     1    2.24   17.60   14.22  360.62 v _175150_/Y (INVx1_ASAP7_75t_R)
                                         _051386_ (net)
                 17.60    0.00  360.62 v _291555_/B (FAx1_ASAP7_75t_R)
     1    0.68   26.63   18.36  378.98 ^ _291555_/CON (FAx1_ASAP7_75t_R)
                                         _051387_ (net)
     1    0.68   20.79   11.77  390.75 v _291555_/SN (FAx1_ASAP7_75t_R)
                                         _051388_ (net)
                 20.79    0.00  390.75 v _182649_/A (INVx1_ASAP7_75t_R)
     1    0.93   11.44    9.64  400.39 ^ _182649_/Y (INVx1_ASAP7_75t_R)
                                         _051390_ (net)
                 11.44    0.00  400.39 ^ _299104_/B (HAxp5_ASAP7_75t_R)
     2    2.06   27.88   16.31  416.71 v _299104_/CON (HAxp5_ASAP7_75t_R)
                                         _077560_ (net)
     2    1.92   29.00   15.76  432.47 ^ _299104_/SN (HAxp5_ASAP7_75t_R)
                                         _077561_ (net)
                 29.00    0.00  432.47 ^ _171613_/A (INVx1_ASAP7_75t_R)
     2    1.71   15.12   12.35  444.82 v _171613_/Y (INVx1_ASAP7_75t_R)
                                         _093742_ (net)
                 15.12    0.00  444.82 v _171615_/A2 (AO21x1_ASAP7_75t_R)
     1    0.61    6.73   15.90  460.72 v _171615_/Y (AO21x1_ASAP7_75t_R)
                                         _093744_ (net)
                  6.73    0.00  460.72 v _171616_/A1 (AO21x1_ASAP7_75t_R)
     2    1.61   11.37   17.40  478.11 v _171616_/Y (AO21x1_ASAP7_75t_R)
                                         _093745_ (net)
                 11.37    0.00  478.11 v _190702_/A1 (AO21x1_ASAP7_75t_R)
     1    0.61    6.83   15.81  493.93 v _190702_/Y (AO21x1_ASAP7_75t_R)
                                         _096370_ (net)
                  6.83    0.00  493.93 v _190704_/A1 (AO21x1_ASAP7_75t_R)
     1    1.00    8.59   15.64  509.57 v _190704_/Y (AO21x1_ASAP7_75t_R)
                                         _096372_ (net)
                  8.59    0.00  509.57 v _190706_/A (XOR2x2_ASAP7_75t_R)
     1    2.04   10.91   25.64  535.21 ^ _190706_/Y (XOR2x2_ASAP7_75t_R)
                                         _052486_ (net)
                 10.91    0.00  535.21 ^ _291797_/A (FAx1_ASAP7_75t_R)
     1    1.08   22.57   14.04  549.25 v _291797_/CON (FAx1_ASAP7_75t_R)
                                         _052489_ (net)
     1    0.68   25.08   13.14  562.39 ^ _291797_/SN (FAx1_ASAP7_75t_R)
                                         _052490_ (net)
                 25.08    0.00  562.39 ^ _188688_/A (INVx1_ASAP7_75t_R)
     1    1.65   14.06   11.56  573.95 v _188688_/Y (INVx1_ASAP7_75t_R)
                                         _052491_ (net)
                 14.06    0.00  573.95 v _292747_/CI (FAx1_ASAP7_75t_R)
     1    1.08   29.30   18.11  592.06 ^ _292747_/CON (FAx1_ASAP7_75t_R)
                                         _056934_ (net)
     1    0.68   20.30   12.14  604.20 v _292747_/SN (FAx1_ASAP7_75t_R)
                                         _056935_ (net)
                 20.30    0.00  604.20 v _206794_/A (INVx1_ASAP7_75t_R)
     1    2.04   17.09   13.52  617.71 ^ _206794_/Y (INVx1_ASAP7_75t_R)
                                         _056936_ (net)
                 17.09    0.00  617.71 ^ _293101_/A (FAx1_ASAP7_75t_R)
     1    1.08   51.35   15.28  632.99 v _293101_/CON (FAx1_ASAP7_75t_R)
                                         _058355_ (net)
     1    0.68   47.25   17.88  650.87 ^ _293101_/SN (FAx1_ASAP7_75t_R)
                                         _058356_ (net)
                 47.25    0.00  650.87 ^ _206765_/A (INVx1_ASAP7_75t_R)
     1    2.24   21.25   17.00  667.87 v _206765_/Y (INVx1_ASAP7_75t_R)
                                         _058357_ (net)
                 21.25    0.00  667.87 v _293175_/B (FAx1_ASAP7_75t_R)
     1    1.01   29.11   21.20  689.07 ^ _293175_/CON (FAx1_ASAP7_75t_R)
                                         _058679_ (net)
     1    0.68   21.42   12.11  701.18 v _293175_/SN (FAx1_ASAP7_75t_R)
                                         _058680_ (net)
                 21.42    0.00  701.18 v _261960_/A (INVx1_ASAP7_75t_R)
     1    1.65   15.35   12.50  713.68 ^ _261960_/Y (INVx1_ASAP7_75t_R)
                                         _058681_ (net)
                 15.35    0.00  713.68 ^ _294068_/CI (FAx1_ASAP7_75t_R)
     1    1.00   21.47   15.19  728.87 v _294068_/CON (FAx1_ASAP7_75t_R)
                                         _062283_ (net)
     1    0.68   25.58   12.93  741.80 ^ _294068_/SN (FAx1_ASAP7_75t_R)
                                         _062284_ (net)
                 25.58    0.00  741.80 ^ _188741_/A (INVx1_ASAP7_75t_R)
     1    1.65   14.16   11.63  753.43 v _188741_/Y (INVx1_ASAP7_75t_R)
                                         _062285_ (net)
                 14.16    0.00  753.43 v _294199_/CI (FAx1_ASAP7_75t_R)
     1    1.08   29.32   18.14  771.57 ^ _294199_/CON (FAx1_ASAP7_75t_R)
                                         _062889_ (net)
     1    0.68   20.27   12.14  783.71 v _294199_/SN (FAx1_ASAP7_75t_R)
                                         _062890_ (net)
                 20.27    0.00  783.71 v _168800_/A (INVx1_ASAP7_75t_R)
     1    2.24   18.08   14.12  797.84 ^ _168800_/Y (INVx1_ASAP7_75t_R)
                                         _062891_ (net)
                 18.08    0.00  797.84 ^ _294215_/B (FAx1_ASAP7_75t_R)
     1    1.00   21.47   17.09  814.92 v _294215_/CON (FAx1_ASAP7_75t_R)
                                         _062954_ (net)
     1    0.68   25.57   12.93  827.85 ^ _294215_/SN (FAx1_ASAP7_75t_R)
                                         _062955_ (net)
                 25.57    0.00  827.85 ^ _172338_/A (INVx1_ASAP7_75t_R)
     1    1.65   14.16   11.63  839.49 v _172338_/Y (INVx1_ASAP7_75t_R)
                                         _056492_ (net)
                 14.16    0.00  839.49 v _292661_/CI (FAx1_ASAP7_75t_R)
     1    1.08   29.32   18.14  857.63 ^ _292661_/CON (FAx1_ASAP7_75t_R)
                                         _056493_ (net)
     1    0.68   20.27   12.14  869.77 v _292661_/SN (FAx1_ASAP7_75t_R)
                                         _056494_ (net)
                 20.27    0.00  869.77 v _187275_/A (INVx1_ASAP7_75t_R)
     1    1.65   15.08   12.27  882.03 ^ _187275_/Y (INVx1_ASAP7_75t_R)
                                         _052114_ (net)
                 15.08    0.00  882.03 ^ _291714_/CI (FAx1_ASAP7_75t_R)
     1    0.68   20.27   28.64  910.67 v _291714_/SN (FAx1_ASAP7_75t_R)
                                         _052116_ (net)
                 20.27    0.00  910.67 v _186611_/A (INVx1_ASAP7_75t_R)
     1    2.24   18.08   14.12  924.80 ^ _186611_/Y (INVx1_ASAP7_75t_R)
                                         _052117_ (net)
                 18.08    0.00  924.80 ^ _291777_/B (FAx1_ASAP7_75t_R)
     1    1.08   22.14   17.46  942.25 v _291777_/CON (FAx1_ASAP7_75t_R)
                                         _052394_ (net)
     1    0.68   25.57   13.06  955.31 ^ _291777_/SN (FAx1_ASAP7_75t_R)
                                         _052395_ (net)
                 25.57    0.00  955.31 ^ _186233_/A (INVx1_ASAP7_75t_R)
     1    2.24   16.75   13.52  968.83 v _186233_/Y (INVx1_ASAP7_75t_R)
                                         _052396_ (net)
                 16.75    0.00  968.83 v _291843_/B (FAx1_ASAP7_75t_R)
     1    1.08   33.48   20.23  989.06 ^ _291843_/CON (FAx1_ASAP7_75t_R)
                                         _052715_ (net)
     1    0.68   24.18   12.72 1001.78 v _291843_/SN (FAx1_ASAP7_75t_R)
                                         _052716_ (net)
                 24.18    0.00 1001.78 v _209951_/A (INVx1_ASAP7_75t_R)
     1    0.93   12.11   10.18 1011.97 ^ _209951_/Y (INVx1_ASAP7_75t_R)
                                         _052717_ (net)
                 12.11    0.00 1011.97 ^ _295710_/B (HAxp5_ASAP7_75t_R)
     3    2.83   34.78   44.24 1056.20 v _295710_/SN (HAxp5_ASAP7_75t_R)
                                         _068430_ (net)
                 34.78    0.00 1056.20 v _278923_/B (NOR2x1_ASAP7_75t_R)
     2    2.16   22.36   17.00 1073.20 ^ _278923_/Y (NOR2x1_ASAP7_75t_R)
                                         _158425_ (net)
                 22.36    0.00 1073.20 ^ _278924_/B (NAND2x1_ASAP7_75t_R)
     2    1.13   11.83    9.15 1082.35 v _278924_/Y (NAND2x1_ASAP7_75t_R)
                                         _158426_ (net)
                 11.83    0.00 1082.35 v _278928_/E (OR5x1_ASAP7_75t_R)
     1    1.08   13.80   34.20 1116.55 v _278928_/Y (OR5x1_ASAP7_75t_R)
                                         _158430_ (net)
                 13.80    0.00 1116.55 v _278929_/B (NAND2x1_ASAP7_75t_R)
     1    1.01   11.94    9.63 1126.17 ^ _278929_/Y (NAND2x1_ASAP7_75t_R)
                                         _158431_ (net)
                 11.94    0.00 1126.17 ^ _278930_/B (XNOR2x2_ASAP7_75t_R)
     1    1.08    8.11   25.49 1151.66 v _278930_/Y (XNOR2x2_ASAP7_75t_R)
                                         _158432_ (net)
                  8.11    0.00 1151.66 v _279012_/A (XNOR2x2_ASAP7_75t_R)
     1    0.62    6.54   20.16 1171.82 ^ _279012_/Y (XNOR2x2_ASAP7_75t_R)
                                         _158514_ (net)
                  6.54    0.00 1171.82 ^ _279014_/A1 (AO21x1_ASAP7_75t_R)
     1    0.62    7.63   12.26 1184.09 ^ _279014_/Y (AO21x1_ASAP7_75t_R)
                                         _093173_ (net)
                  7.63    0.00 1184.09 ^ conv2_layer.conv2_calc_3.p2[18]$_DFFE_PP_/D (DFFHQNx1_ASAP7_75t_R)
                               1184.09   data arrival time

                  0.00  400.00  400.00   clock clk (rise edge)
                          0.00  400.00   clock network delay (ideal)
                          0.00  400.00   clock reconvergence pessimism
                                400.00 ^ conv2_layer.conv2_calc_3.p2[18]$_DFFE_PP_/CLK (DFFHQNx1_ASAP7_75t_R)
                        -15.17  384.83   library setup time
                                384.83   data required time
-----------------------------------------------------------------------------
                                384.83   data required time
                               -1184.09   data arrival time
-----------------------------------------------------------------------------
                               -799.26   slack (VIOLATED)



==========================================================================
Post synthesis report_checks -unconstrained
--------------------------------------------------------------------------
Startpoint: conv2_layer.conv2_buf_2.data_out_14[11]$_DFFE_PP_
            (rising edge-triggered flip-flop clocked by clk)
Endpoint: conv2_layer.conv2_calc_3.p2[18]$_DFFE_PP_
          (rising edge-triggered flip-flop clocked by clk)
Path Group: clk
Path Type: max

Fanout     Cap    Slew   Delay    Time   Description
-----------------------------------------------------------------------------
                  0.00    0.00    0.00   clock clk (rise edge)
                          0.00    0.00   clock network delay (ideal)
                  0.00    0.00    0.00 ^ conv2_layer.conv2_buf_2.data_out_14[11]$_DFFE_PP_/CLK (DFFHQNx1_ASAP7_75t_R)
     3    3.33   26.86   41.42   41.42 v conv2_layer.conv2_buf_2.data_out_14[11]$_DFFE_PP_/QN (DFFHQNx1_ASAP7_75t_R)
                                         _037057_ (net)
                 26.86    0.00   41.42 v _164404_/A (INVx1_ASAP7_75t_R)
    20   29.62  176.77   88.45  129.87 ^ _164404_/Y (INVx1_ASAP7_75t_R)
                                         conv2_layer.conv2_buf_2.data_out_14[11] (net)
                176.77    0.00  129.87 ^ _297579_/B (HAxp5_ASAP7_75t_R)
     5    7.24   89.22  141.08  270.96 v _297579_/SN (HAxp5_ASAP7_75t_R)
                                         _036992_ (net)
                 89.22    0.00  270.96 v _296574_/B (HAxp5_ASAP7_75t_R)
     1    1.08   48.38   28.68  299.64 ^ _296574_/CON (HAxp5_ASAP7_75t_R)
                                         _071001_ (net)
     1    0.68   31.94   12.59  312.23 v _296574_/SN (HAxp5_ASAP7_75t_R)
                                         _071002_ (net)
                 31.94    0.00  312.23 v _177519_/A (INVx1_ASAP7_75t_R)
     1    1.09   14.61   12.18  324.40 ^ _177519_/Y (INVx1_ASAP7_75t_R)
                                         _071003_ (net)
                 14.61    0.00  324.40 ^ _300190_/A (HAxp5_ASAP7_75t_R)
     1    0.68   33.08   10.50  334.90 v _300190_/CON (HAxp5_ASAP7_75t_R)
                                         _080248_ (net)
     1    0.68   29.36   11.50  346.40 ^ _300190_/SN (HAxp5_ASAP7_75t_R)
                                         _080249_ (net)
                 29.36    0.00  346.40 ^ _175150_/A (INVx1_ASAP7_75t_R)
     1    2.24   17.60   14.22  360.62 v _175150_/Y (INVx1_ASAP7_75t_R)
                                         _051386_ (net)
                 17.60    0.00  360.62 v _291555_/B (FAx1_ASAP7_75t_R)
     1    0.68   26.63   18.36  378.98 ^ _291555_/CON (FAx1_ASAP7_75t_R)
                                         _051387_ (net)
     1    0.68   20.79   11.77  390.75 v _291555_/SN (FAx1_ASAP7_75t_R)
                                         _051388_ (net)
                 20.79    0.00  390.75 v _182649_/A (INVx1_ASAP7_75t_R)
     1    0.93   11.44    9.64  400.39 ^ _182649_/Y (INVx1_ASAP7_75t_R)
                                         _051390_ (net)
                 11.44    0.00  400.39 ^ _299104_/B (HAxp5_ASAP7_75t_R)
     2    2.06   27.88   16.31  416.71 v _299104_/CON (HAxp5_ASAP7_75t_R)
                                         _077560_ (net)
     2    1.92   29.00   15.76  432.47 ^ _299104_/SN (HAxp5_ASAP7_75t_R)
                                         _077561_ (net)
                 29.00    0.00  432.47 ^ _171613_/A (INVx1_ASAP7_75t_R)
     2    1.71   15.12   12.35  444.82 v _171613_/Y (INVx1_ASAP7_75t_R)
                                         _093742_ (net)
                 15.12    0.00  444.82 v _171615_/A2 (AO21x1_ASAP7_75t_R)
     1    0.61    6.73   15.90  460.72 v _171615_/Y (AO21x1_ASAP7_75t_R)
                                         _093744_ (net)
                  6.73    0.00  460.72 v _171616_/A1 (AO21x1_ASAP7_75t_R)
     2    1.61   11.37   17.40  478.11 v _171616_/Y (AO21x1_ASAP7_75t_R)
                                         _093745_ (net)
                 11.37    0.00  478.11 v _190702_/A1 (AO21x1_ASAP7_75t_R)
     1    0.61    6.83   15.81  493.93 v _190702_/Y (AO21x1_ASAP7_75t_R)
                                         _096370_ (net)
                  6.83    0.00  493.93 v _190704_/A1 (AO21x1_ASAP7_75t_R)
     1    1.00    8.59   15.64  509.57 v _190704_/Y (AO21x1_ASAP7_75t_R)
                                         _096372_ (net)
                  8.59    0.00  509.57 v _190706_/A (XOR2x2_ASAP7_75t_R)
     1    2.04   10.91   25.64  535.21 ^ _190706_/Y (XOR2x2_ASAP7_75t_R)
                                         _052486_ (net)
                 10.91    0.00  535.21 ^ _291797_/A (FAx1_ASAP7_75t_R)
     1    1.08   22.57   14.04  549.25 v _291797_/CON (FAx1_ASAP7_75t_R)
                                         _052489_ (net)
     1    0.68   25.08   13.14  562.39 ^ _291797_/SN (FAx1_ASAP7_75t_R)
                                         _052490_ (net)
                 25.08    0.00  562.39 ^ _188688_/A (INVx1_ASAP7_75t_R)
     1    1.65   14.06   11.56  573.95 v _188688_/Y (INVx1_ASAP7_75t_R)
                                         _052491_ (net)
                 14.06    0.00  573.95 v _292747_/CI (FAx1_ASAP7_75t_R)
     1    1.08   29.30   18.11  592.06 ^ _292747_/CON (FAx1_ASAP7_75t_R)
                                         _056934_ (net)
     1    0.68   20.30   12.14  604.20 v _292747_/SN (FAx1_ASAP7_75t_R)
                                         _056935_ (net)
                 20.30    0.00  604.20 v _206794_/A (INVx1_ASAP7_75t_R)
     1    2.04   17.09   13.52  617.71 ^ _206794_/Y (INVx1_ASAP7_75t_R)
                                         _056936_ (net)
                 17.09    0.00  617.71 ^ _293101_/A (FAx1_ASAP7_75t_R)
     1    1.08   51.35   15.28  632.99 v _293101_/CON (FAx1_ASAP7_75t_R)
                                         _058355_ (net)
     1    0.68   47.25   17.88  650.87 ^ _293101_/SN (FAx1_ASAP7_75t_R)
                                         _058356_ (net)
                 47.25    0.00  650.87 ^ _206765_/A (INVx1_ASAP7_75t_R)
     1    2.24   21.25   17.00  667.87 v _206765_/Y (INVx1_ASAP7_75t_R)
                                         _058357_ (net)
                 21.25    0.00  667.87 v _293175_/B (FAx1_ASAP7_75t_R)
     1    1.01   29.11   21.20  689.07 ^ _293175_/CON (FAx1_ASAP7_75t_R)
                                         _058679_ (net)
     1    0.68   21.42   12.11  701.18 v _293175_/SN (FAx1_ASAP7_75t_R)
                                         _058680_ (net)
                 21.42    0.00  701.18 v _261960_/A (INVx1_ASAP7_75t_R)
     1    1.65   15.35   12.50  713.68 ^ _261960_/Y (INVx1_ASAP7_75t_R)
                                         _058681_ (net)
                 15.35    0.00  713.68 ^ _294068_/CI (FAx1_ASAP7_75t_R)
     1    1.00   21.47   15.19  728.87 v _294068_/CON (FAx1_ASAP7_75t_R)
                                         _062283_ (net)
     1    0.68   25.58   12.93  741.80 ^ _294068_/SN (FAx1_ASAP7_75t_R)
                                         _062284_ (net)
                 25.58    0.00  741.80 ^ _188741_/A (INVx1_ASAP7_75t_R)
     1    1.65   14.16   11.63  753.43 v _188741_/Y (INVx1_ASAP7_75t_R)
                                         _062285_ (net)
                 14.16    0.00  753.43 v _294199_/CI (FAx1_ASAP7_75t_R)
     1    1.08   29.32   18.14  771.57 ^ _294199_/CON (FAx1_ASAP7_75t_R)
                                         _062889_ (net)
     1    0.68   20.27   12.14  783.71 v _294199_/SN (FAx1_ASAP7_75t_R)
                                         _062890_ (net)
                 20.27    0.00  783.71 v _168800_/A (INVx1_ASAP7_75t_R)
     1    2.24   18.08   14.12  797.84 ^ _168800_/Y (INVx1_ASAP7_75t_R)
                                         _062891_ (net)
                 18.08    0.00  797.84 ^ _294215_/B (FAx1_ASAP7_75t_R)
     1    1.00   21.47   17.09  814.92 v _294215_/CON (FAx1_ASAP7_75t_R)
                                         _062954_ (net)
     1    0.68   25.57   12.93  827.85 ^ _294215_/SN (FAx1_ASAP7_75t_R)
                                         _062955_ (net)
                 25.57    0.00  827.85 ^ _172338_/A (INVx1_ASAP7_75t_R)
     1    1.65   14.16   11.63  839.49 v _172338_/Y (INVx1_ASAP7_75t_R)
                                         _056492_ (net)
                 14.16    0.00  839.49 v _292661_/CI (FAx1_ASAP7_75t_R)
     1    1.08   29.32   18.14  857.63 ^ _292661_/CON (FAx1_ASAP7_75t_R)
                                         _056493_ (net)
     1    0.68   20.27   12.14  869.77 v _292661_/SN (FAx1_ASAP7_75t_R)
                                         _056494_ (net)
                 20.27    0.00  869.77 v _187275_/A (INVx1_ASAP7_75t_R)
     1    1.65   15.08   12.27  882.03 ^ _187275_/Y (INVx1_ASAP7_75t_R)
                                         _052114_ (net)
                 15.08    0.00  882.03 ^ _291714_/CI (FAx1_ASAP7_75t_R)
     1    0.68   20.27   28.64  910.67 v _291714_/SN (FAx1_ASAP7_75t_R)
                                         _052116_ (net)
                 20.27    0.00  910.67 v _186611_/A (INVx1_ASAP7_75t_R)
     1    2.24   18.08   14.12  924.80 ^ _186611_/Y (INVx1_ASAP7_75t_R)
                                         _052117_ (net)
                 18.08    0.00  924.80 ^ _291777_/B (FAx1_ASAP7_75t_R)
     1    1.08   22.14   17.46  942.25 v _291777_/CON (FAx1_ASAP7_75t_R)
                                         _052394_ (net)
     1    0.68   25.57   13.06  955.31 ^ _291777_/SN (FAx1_ASAP7_75t_R)
                                         _052395_ (net)
                 25.57    0.00  955.31 ^ _186233_/A (INVx1_ASAP7_75t_R)
     1    2.24   16.75   13.52  968.83 v _186233_/Y (INVx1_ASAP7_75t_R)
                                         _052396_ (net)
                 16.75    0.00  968.83 v _291843_/B (FAx1_ASAP7_75t_R)
     1    1.08   33.48   20.23  989.06 ^ _291843_/CON (FAx1_ASAP7_75t_R)
                                         _052715_ (net)
     1    0.68   24.18   12.72 1001.78 v _291843_/SN (FAx1_ASAP7_75t_R)
                                         _052716_ (net)
                 24.18    0.00 1001.78 v _209951_/A (INVx1_ASAP7_75t_R)
     1    0.93   12.11   10.18 1011.97 ^ _209951_/Y (INVx1_ASAP7_75t_R)
                                         _052717_ (net)
                 12.11    0.00 1011.97 ^ _295710_/B (HAxp5_ASAP7_75t_R)
     3    2.83   34.78   44.24 1056.20 v _295710_/SN (HAxp5_ASAP7_75t_R)
                                         _068430_ (net)
                 34.78    0.00 1056.20 v _278923_/B (NOR2x1_ASAP7_75t_R)
     2    2.16   22.36   17.00 1073.20 ^ _278923_/Y (NOR2x1_ASAP7_75t_R)
                                         _158425_ (net)
                 22.36    0.00 1073.20 ^ _278924_/B (NAND2x1_ASAP7_75t_R)
     2    1.13   11.83    9.15 1082.35 v _278924_/Y (NAND2x1_ASAP7_75t_R)
                                         _158426_ (net)
                 11.83    0.00 1082.35 v _278928_/E (OR5x1_ASAP7_75t_R)
     1    1.08   13.80   34.20 1116.55 v _278928_/Y (OR5x1_ASAP7_75t_R)
                                         _158430_ (net)
                 13.80    0.00 1116.55 v _278929_/B (NAND2x1_ASAP7_75t_R)
     1    1.01   11.94    9.63 1126.17 ^ _278929_/Y (NAND2x1_ASAP7_75t_R)
                                         _158431_ (net)
                 11.94    0.00 1126.17 ^ _278930_/B (XNOR2x2_ASAP7_75t_R)
     1    1.08    8.11   25.49 1151.66 v _278930_/Y (XNOR2x2_ASAP7_75t_R)
                                         _158432_ (net)
                  8.11    0.00 1151.66 v _279012_/A (XNOR2x2_ASAP7_75t_R)
     1    0.62    6.54   20.16 1171.82 ^ _279012_/Y (XNOR2x2_ASAP7_75t_R)
                                         _158514_ (net)
                  6.54    0.00 1171.82 ^ _279014_/A1 (AO21x1_ASAP7_75t_R)
     1    0.62    7.63   12.26 1184.09 ^ _279014_/Y (AO21x1_ASAP7_75t_R)
                                         _093173_ (net)
                  7.63    0.00 1184.09 ^ conv2_layer.conv2_calc_3.p2[18]$_DFFE_PP_/D (DFFHQNx1_ASAP7_75t_R)
                               1184.09   data arrival time

                  0.00  400.00  400.00   clock clk (rise edge)
                          0.00  400.00   clock network delay (ideal)
                          0.00  400.00   clock reconvergence pessimism
                                400.00 ^ conv2_layer.conv2_calc_3.p2[18]$_DFFE_PP_/CLK (DFFHQNx1_ASAP7_75t_R)
                        -15.17  384.83   library setup time
                                384.83   data required time
-----------------------------------------------------------------------------
                                384.83   data required time
                               -1184.09   data arrival time
-----------------------------------------------------------------------------
                               -799.26   slack (VIOLATED)



==========================================================================
Post synthesis report_power
--------------------------------------------------------------------------
Group                  Internal  Switching    Leakage      Total
                          Power      Power      Power      Power (Watts)
----------------------------------------------------------------
Sequential             2.81e-02   7.33e-04   9.30e-07   2.88e-02   7.9%
Combinational          1.57e-01   1.81e-01   1.00e-05   3.38e-01  92.1%
Clock                  0.00e+00   0.00e+00   0.00e+00   0.00e+00   0.0%
Macro                  0.00e+00   0.00e+00   0.00e+00   0.00e+00   0.0%
Pad                    0.00e+00   0.00e+00   0.00e+00   0.00e+00   0.0%
----------------------------------------------------------------
Total                  1.85e-01   1.82e-01   1.10e-05   3.67e-01 100.0%
                          50.3%      49.7%       0.0%
