
==========================================================================
Post synthesis report_tns
--------------------------------------------------------------------------
tns max -268652.91

==========================================================================
Post synthesis report_wns
--------------------------------------------------------------------------
wns max -756.62

==========================================================================
Post synthesis report_worst_slack
--------------------------------------------------------------------------
worst slack max -756.62

==========================================================================
Post synthesis report_clock_min_period
--------------------------------------------------------------------------
clk period_min = 1156.62 fmax = 864.59

==========================================================================
Post synthesis report_checks -path_delay min
--------------------------------------------------------------------------
Startpoint: fully_connected.valid_issue$_SDFF_PN0_
            (rising edge-triggered flip-flop clocked by clk)
Endpoint: fully_connected.valid_out_fc$_SDFF_PN0_
          (rising edge-triggered flip-flop clocked by clk)
Path Group: clk
Path Type: min

Fanout     Cap    Slew   Delay    Time   Description
-----------------------------------------------------------------------------
                  0.00    0.00    0.00   clock clk (rise edge)
                          0.00    0.00   clock network delay (ideal)
                  0.00    0.00    0.00 ^ fully_connected.valid_issue$_SDFF_PN0_/CLK (DFFHQNx1_ASAP7_75t_R)
     1    0.79   13.09   32.52   32.52 ^ fully_connected.valid_issue$_SDFF_PN0_/QN (DFFHQNx1_ASAP7_75t_R)
                                         _000144_ (net)
                 13.09    0.00   32.52 ^ _231032_/A (NOR2x1_ASAP7_75t_R)
     1    0.55    8.80    8.72   41.24 v _231032_/Y (NOR2x1_ASAP7_75t_R)
                                         _062801_ (net)
                  8.80    0.00   41.24 v fully_connected.valid_out_fc$_SDFF_PN0_/D (DFFHQNx1_ASAP7_75t_R)
                                 41.24   data arrival time

                  0.00    0.00    0.00   clock clk (rise edge)
                          0.00    0.00   clock network delay (ideal)
                          0.00    0.00   clock reconvergence pessimism
                                  0.00 ^ fully_connected.valid_out_fc$_SDFF_PN0_/CLK (DFFHQNx1_ASAP7_75t_R)
                          8.39    8.39   library hold time
                                  8.39   data required time
-----------------------------------------------------------------------------
                                  8.39   data required time
                                -41.24   data arrival time
-----------------------------------------------------------------------------
                                 32.84   slack (MET)



==========================================================================
Post synthesis report_checks -path_delay max
--------------------------------------------------------------------------
Startpoint: conv1_layer.conv1_buf.data_out_1[3]$_DFFE_PP_
            (rising edge-triggered flip-flop clocked by clk)
Endpoint: conv1_layer.conv1_calc.conv_out_1[11]$_DFFE_PP_
          (rising edge-triggered flip-flop clocked by clk)
Path Group: clk
Path Type: max

Fanout     Cap    Slew   Delay    Time   Description
-----------------------------------------------------------------------------
                  0.00    0.00    0.00   clock clk (rise edge)
                          0.00    0.00   clock network delay (ideal)
                  0.00    0.00    0.00 ^ conv1_layer.conv1_buf.data_out_1[3]$_DFFE_PP_/CLK (DFFHQNx1_ASAP7_75t_R)
     2    1.77   19.02   35.58   35.58 v conv1_layer.conv1_buf.data_out_1[3]$_DFFE_PP_/QN (DFFHQNx1_ASAP7_75t_R)
                                         _026904_ (net)
                 19.02    0.00   35.58 v _130193_/A (INVx1_ASAP7_75t_R)
     7    8.57   53.08   30.69   66.26 ^ _130193_/Y (INVx1_ASAP7_75t_R)
                                         conv1_layer.conv1_buf.data_out_1[3] (net)
                 53.08    0.00   66.26 ^ _248532_/B (HAxp5_ASAP7_75t_R)
     1    2.24   29.96   50.40  116.66 v _248532_/SN (HAxp5_ASAP7_75t_R)
                                         _127826_ (net)
                 29.96    0.00  116.66 v _238007_/B (FAx1_ASAP7_75t_R)
     1    2.24   44.62   52.59  169.25 v _238007_/SN (FAx1_ASAP7_75t_R)
                                         _127839_ (net)
                 44.62    0.00  169.25 v _238247_/B (FAx1_ASAP7_75t_R)
     1    0.68   31.61   25.09  194.34 ^ _238247_/CON (FAx1_ASAP7_75t_R)
                                         _024584_ (net)
     1    0.68   23.20   12.46  206.80 v _238247_/SN (FAx1_ASAP7_75t_R)
                                         _024585_ (net)
                 23.20    0.00  206.80 v _199814_/A (INVx1_ASAP7_75t_R)
     1    0.93   11.91   10.03  216.82 ^ _199814_/Y (INVx1_ASAP7_75t_R)
                                         _024587_ (net)
                 11.91    0.00  216.82 ^ _248926_/B (HAxp5_ASAP7_75t_R)
     3    3.45   40.98   50.71  267.53 v _248926_/SN (HAxp5_ASAP7_75t_R)
                                         _050900_ (net)
                 40.98    0.00  267.53 v _192165_/A1 (OAI21x1_ASAP7_75t_R)
     2    1.54   22.53   18.59  286.12 ^ _192165_/Y (OAI21x1_ASAP7_75t_R)
                                         _095877_ (net)
                 22.53    0.00  286.12 ^ _193725_/A (XOR2x2_ASAP7_75t_R)
     1    0.93    7.62   27.11  313.23 ^ _193725_/Y (XOR2x2_ASAP7_75t_R)
                                         _052276_ (net)
                  7.62    0.00  313.23 ^ _249501_/B (HAxp5_ASAP7_75t_R)
     1    0.68   18.58   19.92  333.15 v _249501_/SN (HAxp5_ASAP7_75t_R)
                                         _052278_ (net)
                 18.58    0.00  333.15 v _207368_/A (INVx1_ASAP7_75t_R)
     1    0.93   10.91    9.20  342.34 ^ _207368_/Y (INVx1_ASAP7_75t_R)
                                         _049487_ (net)
                 10.91    0.00  342.34 ^ _248475_/B (HAxp5_ASAP7_75t_R)
     1    0.68   14.30   20.95  363.29 v _248475_/SN (HAxp5_ASAP7_75t_R)
                                         _049489_ (net)
                 14.30    0.00  363.29 v _207360_/A (INVx1_ASAP7_75t_R)
     1    2.24   16.70   12.25  375.55 ^ _207360_/Y (INVx1_ASAP7_75t_R)
                                         _017113_ (net)
                 16.70    0.00  375.55 ^ _236815_/B (FAx1_ASAP7_75t_R)
     1    0.68   20.27   28.87  404.42 v _236815_/SN (FAx1_ASAP7_75t_R)
                                         _017116_ (net)
                 20.27    0.00  404.42 v _204321_/A (INVx1_ASAP7_75t_R)
     1    0.93   11.34    9.56  413.98 ^ _204321_/Y (INVx1_ASAP7_75t_R)
                                         _017118_ (net)
                 11.34    0.00  413.98 ^ _249259_/B (HAxp5_ASAP7_75t_R)
     1    0.68   17.18   10.58  424.56 v _249259_/CON (HAxp5_ASAP7_75t_R)
                                         _051728_ (net)
     1    0.68   15.64    8.90  433.45 ^ _249259_/SN (HAxp5_ASAP7_75t_R)
                                         _051729_ (net)
                 15.64    0.00  433.45 ^ _193242_/A (INVx1_ASAP7_75t_R)
     4    2.94   17.55   13.21  446.66 v _193242_/Y (INVx1_ASAP7_75t_R)
                                         _095927_ (net)
                 17.55    0.00  446.66 v _193244_/A2 (AO21x1_ASAP7_75t_R)
     2    1.61   11.46   19.48  466.14 v _193244_/Y (AO21x1_ASAP7_75t_R)
                                         _095929_ (net)
                 11.46    0.00  466.14 v _193247_/A1 (AO21x1_ASAP7_75t_R)
     1    0.61    6.94   15.84  481.98 v _193247_/Y (AO21x1_ASAP7_75t_R)
                                         _095932_ (net)
                  6.94    0.00  481.98 v _193250_/A1 (AO21x1_ASAP7_75t_R)
     2    1.61   11.37   17.46  499.44 v _193250_/Y (AO21x1_ASAP7_75t_R)
                                         _095935_ (net)
                 11.37    0.00  499.44 v _193253_/A1 (AO21x1_ASAP7_75t_R)
     1    0.61    6.73   15.81  515.25 v _193253_/Y (AO21x1_ASAP7_75t_R)
                                         _095938_ (net)
                  6.73    0.00  515.25 v _193256_/A1 (AO21x1_ASAP7_75t_R)
     2    1.61   11.33   17.40  532.65 v _193256_/Y (AO21x1_ASAP7_75t_R)
                                         _095941_ (net)
                 11.33    0.00  532.65 v _193258_/A (XOR2x2_ASAP7_75t_R)
     1    1.65    9.70   25.69  558.34 ^ _193258_/Y (XOR2x2_ASAP7_75t_R)
                                         _009987_ (net)
                  9.70    0.00  558.34 ^ _235400_/CI (FAx1_ASAP7_75t_R)
     1    0.68   19.15   12.20  570.54 v _235400_/CON (FAx1_ASAP7_75t_R)
                                         _009988_ (net)
                 19.15    0.00  570.54 v _186069_/A (INVx1_ASAP7_75t_R)
     1    2.04   16.81   13.19  583.72 ^ _186069_/Y (INVx1_ASAP7_75t_R)
                                         _009990_ (net)
                 16.81    0.00  583.72 ^ _236372_/A (FAx1_ASAP7_75t_R)
     1    0.68   25.15   29.34  613.07 v _236372_/SN (FAx1_ASAP7_75t_R)
                                         _014863_ (net)
                 25.15    0.00  613.07 v _196187_/A (INVx1_ASAP7_75t_R)
     1    2.24   19.30   15.27  628.33 ^ _196187_/Y (INVx1_ASAP7_75t_R)
                                         _014865_ (net)
                 19.30    0.00  628.33 ^ _238244_/B (FAx1_ASAP7_75t_R)
     1    0.68   25.81   16.11  644.44 v _238244_/CON (FAx1_ASAP7_75t_R)
                                         _024565_ (net)
     1    0.68   28.88   13.75  658.19 ^ _238244_/SN (FAx1_ASAP7_75t_R)
                                         _024566_ (net)
                 28.88    0.00  658.19 ^ _204969_/A (INVx1_ASAP7_75t_R)
     1    1.01   11.62    9.56  667.75 v _204969_/Y (INVx1_ASAP7_75t_R)
                                         _024568_ (net)
                 11.62    0.00  667.75 v _249633_/B (HAxp5_ASAP7_75t_R)
     1    0.68   31.95   11.05  678.80 ^ _249633_/CON (HAxp5_ASAP7_75t_R)
                                         _052645_ (net)
     1    0.68   22.20   10.97  689.78 v _249633_/SN (HAxp5_ASAP7_75t_R)
                                         _052646_ (net)
                 22.20    0.00  689.78 v _204956_/A (INVx1_ASAP7_75t_R)
     1    1.65   15.54   12.66  702.43 ^ _204956_/Y (INVx1_ASAP7_75t_R)
                                         _011961_ (net)
                 15.54    0.00  702.43 ^ _235780_/CI (FAx1_ASAP7_75t_R)
     1    1.65   41.26   39.68  742.12 ^ _235780_/SN (FAx1_ASAP7_75t_R)
                                         _127886_ (net)
                 41.26    0.00  742.12 ^ _240451_/CI (FAx1_ASAP7_75t_R)
     1    2.24   42.97   56.26  798.37 v _240451_/SN (FAx1_ASAP7_75t_R)
                                         _127891_ (net)
                 42.97    0.00  798.37 v _240826_/B (FAx1_ASAP7_75t_R)
     1    0.68   31.24   24.79  823.17 ^ _240826_/CON (FAx1_ASAP7_75t_R)
                                         _033770_ (net)
     1    0.68   23.06   12.41  835.57 v _240826_/SN (FAx1_ASAP7_75t_R)
                                         _033771_ (net)
                 23.06    0.00  835.57 v _213227_/A (INVx1_ASAP7_75t_R)
     1    2.24   18.78   14.78  850.35 ^ _213227_/Y (INVx1_ASAP7_75t_R)
                                         _033773_ (net)
                 18.78    0.00  850.35 ^ _241448_/B (FAx1_ASAP7_75t_R)
     1    0.68   20.27   29.47  879.83 v _241448_/SN (FAx1_ASAP7_75t_R)
                                         _036340_ (net)
                 20.27    0.00  879.83 v _213224_/A (INVx1_ASAP7_75t_R)
     1    2.24   18.08   14.12  893.95 ^ _213224_/Y (INVx1_ASAP7_75t_R)
                                         _024967_ (net)
                 18.08    0.00  893.95 ^ _238320_/B (FAx1_ASAP7_75t_R)
     1    0.68   20.27   29.27  923.22 v _238320_/SN (FAx1_ASAP7_75t_R)
                                         _024970_ (net)
                 20.27    0.00  923.22 v _198938_/A (INVx1_ASAP7_75t_R)
     1    0.93   11.34    9.56  932.78 ^ _198938_/Y (INVx1_ASAP7_75t_R)
                                         _024972_ (net)
                 11.34    0.00  932.78 ^ _249713_/B (HAxp5_ASAP7_75t_R)
     3    2.86   35.14   44.37  977.15 v _249713_/SN (HAxp5_ASAP7_75t_R)
                                         _052876_ (net)
                 35.14    0.00  977.15 v _136936_/A (NOR2x1_ASAP7_75t_R)
     2    1.22   18.46   13.23  990.38 ^ _136936_/Y (NOR2x1_ASAP7_75t_R)
                                         _113232_ (net)
                 18.46    0.00  990.38 ^ _136939_/A (AND3x1_ASAP7_75t_R)
     2    1.01   11.07   20.50 1010.88 ^ _136939_/Y (AND3x1_ASAP7_75t_R)
                                         _113235_ (net)
                 11.07    0.00 1010.88 ^ _136942_/B (AND5x1_ASAP7_75t_R)
     1    0.57   11.76   27.35 1038.22 ^ _136942_/Y (AND5x1_ASAP7_75t_R)
                                         _113238_ (net)
                 11.76    0.00 1038.22 ^ _136954_/B1 (AO221x1_ASAP7_75t_R)
     3    1.84   16.10   22.62 1060.84 ^ _136954_/Y (AO221x1_ASAP7_75t_R)
                                         _113250_ (net)
                 16.10    0.00 1060.84 ^ _227533_/B2 (AO221x1_ASAP7_75t_R)
     1    1.01   11.46   19.79 1080.63 ^ _227533_/Y (AO221x1_ASAP7_75t_R)
                                         _105550_ (net)
                 11.46    0.00 1080.63 ^ _227534_/B (XNOR2x2_ASAP7_75t_R)
     1    1.08    7.69   25.38 1106.01 v _227534_/Y (XNOR2x2_ASAP7_75t_R)
                                         _105551_ (net)
                  7.69    0.00 1106.01 v _227535_/B (XOR2x2_ASAP7_75t_R)
     1    0.62    6.64   23.14 1129.16 ^ _227535_/Y (XOR2x2_ASAP7_75t_R)
                                         _105552_ (net)
                  6.64    0.00 1129.16 ^ _227537_/A1 (AO21x1_ASAP7_75t_R)
     1    0.62    7.74   12.28 1141.44 ^ _227537_/Y (AO21x1_ASAP7_75t_R)
                                         _062733_ (net)
                  7.74    0.00 1141.44 ^ conv1_layer.conv1_calc.conv_out_1[11]$_DFFE_PP_/D (DFFHQNx1_ASAP7_75t_R)
                               1141.44   data arrival time

                  0.00  400.00  400.00   clock clk (rise edge)
                          0.00  400.00   clock network delay (ideal)
                          0.00  400.00   clock reconvergence pessimism
                                400.00 ^ conv1_layer.conv1_calc.conv_out_1[11]$_DFFE_PP_/CLK (DFFHQNx1_ASAP7_75t_R)
                        -15.19  384.81   library setup time
                                384.81   data required time
-----------------------------------------------------------------------------
                                384.81   data required time
                               -1141.44   data arrival time
-----------------------------------------------------------------------------
                               -756.62   slack (VIOLATED)



==========================================================================
Post synthesis report_checks -unconstrained
--------------------------------------------------------------------------
Startpoint: conv1_layer.conv1_buf.data_out_1[3]$_DFFE_PP_
            (rising edge-triggered flip-flop clocked by clk)
Endpoint: conv1_layer.conv1_calc.conv_out_1[11]$_DFFE_PP_
          (rising edge-triggered flip-flop clocked by clk)
Path Group: clk
Path Type: max

Fanout     Cap    Slew   Delay    Time   Description
-----------------------------------------------------------------------------
                  0.00    0.00    0.00   clock clk (rise edge)
                          0.00    0.00   clock network delay (ideal)
                  0.00    0.00    0.00 ^ conv1_layer.conv1_buf.data_out_1[3]$_DFFE_PP_/CLK (DFFHQNx1_ASAP7_75t_R)
     2    1.77   19.02   35.58   35.58 v conv1_layer.conv1_buf.data_out_1[3]$_DFFE_PP_/QN (DFFHQNx1_ASAP7_75t_R)
                                         _026904_ (net)
                 19.02    0.00   35.58 v _130193_/A (INVx1_ASAP7_75t_R)
     7    8.57   53.08   30.69   66.26 ^ _130193_/Y (INVx1_ASAP7_75t_R)
                                         conv1_layer.conv1_buf.data_out_1[3] (net)
                 53.08    0.00   66.26 ^ _248532_/B (HAxp5_ASAP7_75t_R)
     1    2.24   29.96   50.40  116.66 v _248532_/SN (HAxp5_ASAP7_75t_R)
                                         _127826_ (net)
                 29.96    0.00  116.66 v _238007_/B (FAx1_ASAP7_75t_R)
     1    2.24   44.62   52.59  169.25 v _238007_/SN (FAx1_ASAP7_75t_R)
                                         _127839_ (net)
                 44.62    0.00  169.25 v _238247_/B (FAx1_ASAP7_75t_R)
     1    0.68   31.61   25.09  194.34 ^ _238247_/CON (FAx1_ASAP7_75t_R)
                                         _024584_ (net)
     1    0.68   23.20   12.46  206.80 v _238247_/SN (FAx1_ASAP7_75t_R)
                                         _024585_ (net)
                 23.20    0.00  206.80 v _199814_/A (INVx1_ASAP7_75t_R)
     1    0.93   11.91   10.03  216.82 ^ _199814_/Y (INVx1_ASAP7_75t_R)
                                         _024587_ (net)
                 11.91    0.00  216.82 ^ _248926_/B (HAxp5_ASAP7_75t_R)
     3    3.45   40.98   50.71  267.53 v _248926_/SN (HAxp5_ASAP7_75t_R)
                                         _050900_ (net)
                 40.98    0.00  267.53 v _192165_/A1 (OAI21x1_ASAP7_75t_R)
     2    1.54   22.53   18.59  286.12 ^ _192165_/Y (OAI21x1_ASAP7_75t_R)
                                         _095877_ (net)
                 22.53    0.00  286.12 ^ _193725_/A (XOR2x2_ASAP7_75t_R)
     1    0.93    7.62   27.11  313.23 ^ _193725_/Y (XOR2x2_ASAP7_75t_R)
                                         _052276_ (net)
                  7.62    0.00  313.23 ^ _249501_/B (HAxp5_ASAP7_75t_R)
     1    0.68   18.58   19.92  333.15 v _249501_/SN (HAxp5_ASAP7_75t_R)
                                         _052278_ (net)
                 18.58    0.00  333.15 v _207368_/A (INVx1_ASAP7_75t_R)
     1    0.93   10.91    9.20  342.34 ^ _207368_/Y (INVx1_ASAP7_75t_R)
                                         _049487_ (net)
                 10.91    0.00  342.34 ^ _248475_/B (HAxp5_ASAP7_75t_R)
     1    0.68   14.30   20.95  363.29 v _248475_/SN (HAxp5_ASAP7_75t_R)
                                         _049489_ (net)
                 14.30    0.00  363.29 v _207360_/A (INVx1_ASAP7_75t_R)
     1    2.24   16.70   12.25  375.55 ^ _207360_/Y (INVx1_ASAP7_75t_R)
                                         _017113_ (net)
                 16.70    0.00  375.55 ^ _236815_/B (FAx1_ASAP7_75t_R)
     1    0.68   20.27   28.87  404.42 v _236815_/SN (FAx1_ASAP7_75t_R)
                                         _017116_ (net)
                 20.27    0.00  404.42 v _204321_/A (INVx1_ASAP7_75t_R)
     1    0.93   11.34    9.56  413.98 ^ _204321_/Y (INVx1_ASAP7_75t_R)
                                         _017118_ (net)
                 11.34    0.00  413.98 ^ _249259_/B (HAxp5_ASAP7_75t_R)
     1    0.68   17.18   10.58  424.56 v _249259_/CON (HAxp5_ASAP7_75t_R)
                                         _051728_ (net)
     1    0.68   15.64    8.90  433.45 ^ _249259_/SN (HAxp5_ASAP7_75t_R)
                                         _051729_ (net)
                 15.64    0.00  433.45 ^ _193242_/A (INVx1_ASAP7_75t_R)
     4    2.94   17.55   13.21  446.66 v _193242_/Y (INVx1_ASAP7_75t_R)
                                         _095927_ (net)
                 17.55    0.00  446.66 v _193244_/A2 (AO21x1_ASAP7_75t_R)
     2    1.61   11.46   19.48  466.14 v _193244_/Y (AO21x1_ASAP7_75t_R)
                                         _095929_ (net)
                 11.46    0.00  466.14 v _193247_/A1 (AO21x1_ASAP7_75t_R)
     1    0.61    6.94   15.84  481.98 v _193247_/Y (AO21x1_ASAP7_75t_R)
                                         _095932_ (net)
                  6.94    0.00  481.98 v _193250_/A1 (AO21x1_ASAP7_75t_R)
     2    1.61   11.37   17.46  499.44 v _193250_/Y (AO21x1_ASAP7_75t_R)
                                         _095935_ (net)
                 11.37    0.00  499.44 v _193253_/A1 (AO21x1_ASAP7_75t_R)
     1    0.61    6.73   15.81  515.25 v _193253_/Y (AO21x1_ASAP7_75t_R)
                                         _095938_ (net)
                  6.73    0.00  515.25 v _193256_/A1 (AO21x1_ASAP7_75t_R)
     2    1.61   11.33   17.40  532.65 v _193256_/Y (AO21x1_ASAP7_75t_R)
                                         _095941_ (net)
                 11.33    0.00  532.65 v _193258_/A (XOR2x2_ASAP7_75t_R)
     1    1.65    9.70   25.69  558.34 ^ _193258_/Y (XOR2x2_ASAP7_75t_R)
                                         _009987_ (net)
                  9.70    0.00  558.34 ^ _235400_/CI (FAx1_ASAP7_75t_R)
     1    0.68   19.15   12.20  570.54 v _235400_/CON (FAx1_ASAP7_75t_R)
                                         _009988_ (net)
                 19.15    0.00  570.54 v _186069_/A (INVx1_ASAP7_75t_R)
     1    2.04   16.81   13.19  583.72 ^ _186069_/Y (INVx1_ASAP7_75t_R)
                                         _009990_ (net)
                 16.81    0.00  583.72 ^ _236372_/A (FAx1_ASAP7_75t_R)
     1    0.68   25.15   29.34  613.07 v _236372_/SN (FAx1_ASAP7_75t_R)
                                         _014863_ (net)
                 25.15    0.00  613.07 v _196187_/A (INVx1_ASAP7_75t_R)
     1    2.24   19.30   15.27  628.33 ^ _196187_/Y (INVx1_ASAP7_75t_R)
                                         _014865_ (net)
                 19.30    0.00  628.33 ^ _238244_/B (FAx1_ASAP7_75t_R)
     1    0.68   25.81   16.11  644.44 v _238244_/CON (FAx1_ASAP7_75t_R)
                                         _024565_ (net)
     1    0.68   28.88   13.75  658.19 ^ _238244_/SN (FAx1_ASAP7_75t_R)
                                         _024566_ (net)
                 28.88    0.00  658.19 ^ _204969_/A (INVx1_ASAP7_75t_R)
     1    1.01   11.62    9.56  667.75 v _204969_/Y (INVx1_ASAP7_75t_R)
                                         _024568_ (net)
                 11.62    0.00  667.75 v _249633_/B (HAxp5_ASAP7_75t_R)
     1    0.68   31.95   11.05  678.80 ^ _249633_/CON (HAxp5_ASAP7_75t_R)
                                         _052645_ (net)
     1    0.68   22.20   10.97  689.78 v _249633_/SN (HAxp5_ASAP7_75t_R)
                                         _052646_ (net)
                 22.20    0.00  689.78 v _204956_/A (INVx1_ASAP7_75t_R)
     1    1.65   15.54   12.66  702.43 ^ _204956_/Y (INVx1_ASAP7_75t_R)
                                         _011961_ (net)
                 15.54    0.00  702.43 ^ _235780_/CI (FAx1_ASAP7_75t_R)
     1    1.65   41.26   39.68  742.12 ^ _235780_/SN (FAx1_ASAP7_75t_R)
                                         _127886_ (net)
                 41.26    0.00  742.12 ^ _240451_/CI (FAx1_ASAP7_75t_R)
     1    2.24   42.97   56.26  798.37 v _240451_/SN (FAx1_ASAP7_75t_R)
                                         _127891_ (net)
                 42.97    0.00  798.37 v _240826_/B (FAx1_ASAP7_75t_R)
     1    0.68   31.24   24.79  823.17 ^ _240826_/CON (FAx1_ASAP7_75t_R)
                                         _033770_ (net)
     1    0.68   23.06   12.41  835.57 v _240826_/SN (FAx1_ASAP7_75t_R)
                                         _033771_ (net)
                 23.06    0.00  835.57 v _213227_/A (INVx1_ASAP7_75t_R)
     1    2.24   18.78   14.78  850.35 ^ _213227_/Y (INVx1_ASAP7_75t_R)
                                         _033773_ (net)
                 18.78    0.00  850.35 ^ _241448_/B (FAx1_ASAP7_75t_R)
     1    0.68   20.27   29.47  879.83 v _241448_/SN (FAx1_ASAP7_75t_R)
                                         _036340_ (net)
                 20.27    0.00  879.83 v _213224_/A (INVx1_ASAP7_75t_R)
     1    2.24   18.08   14.12  893.95 ^ _213224_/Y (INVx1_ASAP7_75t_R)
                                         _024967_ (net)
                 18.08    0.00  893.95 ^ _238320_/B (FAx1_ASAP7_75t_R)
     1    0.68   20.27   29.27  923.22 v _238320_/SN (FAx1_ASAP7_75t_R)
                                         _024970_ (net)
                 20.27    0.00  923.22 v _198938_/A (INVx1_ASAP7_75t_R)
     1    0.93   11.34    9.56  932.78 ^ _198938_/Y (INVx1_ASAP7_75t_R)
                                         _024972_ (net)
                 11.34    0.00  932.78 ^ _249713_/B (HAxp5_ASAP7_75t_R)
     3    2.86   35.14   44.37  977.15 v _249713_/SN (HAxp5_ASAP7_75t_R)
                                         _052876_ (net)
                 35.14    0.00  977.15 v _136936_/A (NOR2x1_ASAP7_75t_R)
     2    1.22   18.46   13.23  990.38 ^ _136936_/Y (NOR2x1_ASAP7_75t_R)
                                         _113232_ (net)
                 18.46    0.00  990.38 ^ _136939_/A (AND3x1_ASAP7_75t_R)
     2    1.01   11.07   20.50 1010.88 ^ _136939_/Y (AND3x1_ASAP7_75t_R)
                                         _113235_ (net)
                 11.07    0.00 1010.88 ^ _136942_/B (AND5x1_ASAP7_75t_R)
     1    0.57   11.76   27.35 1038.22 ^ _136942_/Y (AND5x1_ASAP7_75t_R)
                                         _113238_ (net)
                 11.76    0.00 1038.22 ^ _136954_/B1 (AO221x1_ASAP7_75t_R)
     3    1.84   16.10   22.62 1060.84 ^ _136954_/Y (AO221x1_ASAP7_75t_R)
                                         _113250_ (net)
                 16.10    0.00 1060.84 ^ _227533_/B2 (AO221x1_ASAP7_75t_R)
     1    1.01   11.46   19.79 1080.63 ^ _227533_/Y (AO221x1_ASAP7_75t_R)
                                         _105550_ (net)
                 11.46    0.00 1080.63 ^ _227534_/B (XNOR2x2_ASAP7_75t_R)
     1    1.08    7.69   25.38 1106.01 v _227534_/Y (XNOR2x2_ASAP7_75t_R)
                                         _105551_ (net)
                  7.69    0.00 1106.01 v _227535_/B (XOR2x2_ASAP7_75t_R)
     1    0.62    6.64   23.14 1129.16 ^ _227535_/Y (XOR2x2_ASAP7_75t_R)
                                         _105552_ (net)
                  6.64    0.00 1129.16 ^ _227537_/A1 (AO21x1_ASAP7_75t_R)
     1    0.62    7.74   12.28 1141.44 ^ _227537_/Y (AO21x1_ASAP7_75t_R)
                                         _062733_ (net)
                  7.74    0.00 1141.44 ^ conv1_layer.conv1_calc.conv_out_1[11]$_DFFE_PP_/D (DFFHQNx1_ASAP7_75t_R)
                               1141.44   data arrival time

                  0.00  400.00  400.00   clock clk (rise edge)
                          0.00  400.00   clock network delay (ideal)
                          0.00  400.00   clock reconvergence pessimism
                                400.00 ^ conv1_layer.conv1_calc.conv_out_1[11]$_DFFE_PP_/CLK (DFFHQNx1_ASAP7_75t_R)
                        -15.19  384.81   library setup time
                                384.81   data required time
-----------------------------------------------------------------------------
                                384.81   data required time
                               -1141.44   data arrival time
-----------------------------------------------------------------------------
                               -756.62   slack (VIOLATED)



==========================================================================
Post synthesis report_power
--------------------------------------------------------------------------
Group                  Internal  Switching    Leakage      Total
                          Power      Power      Power      Power (Watts)
----------------------------------------------------------------
Sequential             2.60e-02   5.84e-04   9.31e-07   2.66e-02  12.4%
Combinational          8.05e-02   1.07e-01   9.24e-06   1.88e-01  87.6%
Clock                  0.00e+00   0.00e+00   0.00e+00   0.00e+00   0.0%
Macro                  0.00e+00   0.00e+00   0.00e+00   0.00e+00   0.0%
Pad                    0.00e+00   0.00e+00   0.00e+00   0.00e+00   0.0%
----------------------------------------------------------------
Total                  1.07e-01   1.08e-01   1.02e-05   2.14e-01 100.0%
                          49.7%      50.3%       0.0%
