
==========================================================================
Post synthesis report_tns
--------------------------------------------------------------------------
tns max -245490.92

==========================================================================
Post synthesis report_wns
--------------------------------------------------------------------------
wns max -772.26

==========================================================================
Post synthesis report_worst_slack
--------------------------------------------------------------------------
worst slack max -772.26

==========================================================================
Post synthesis report_clock_min_period
--------------------------------------------------------------------------
clk period_min = 1172.26 fmax = 853.05

==========================================================================
Post synthesis report_checks -path_delay min
--------------------------------------------------------------------------
Startpoint: fully_connected.valid_issue$_SDFF_PN0_
            (rising edge-triggered flip-flop clocked by clk)
Endpoint: fully_connected.valid_out_fc$_SDFF_PN0_
          (rising edge-triggered flip-flop clocked by clk)
Path Group: clk
Path Type: min

Fanout     Cap    Slew   Delay    Time   Description
-----------------------------------------------------------------------------
                  0.00    0.00    0.00   clock clk (rise edge)
                          0.00    0.00   clock network delay (ideal)
                  0.00    0.00    0.00 ^ fully_connected.valid_issue$_SDFF_PN0_/CLK (DFFHQNx1_ASAP7_75t_R)
     1    0.79   13.09   32.52   32.52 ^ fully_connected.valid_issue$_SDFF_PN0_/QN (DFFHQNx1_ASAP7_75t_R)
                                         _000112_ (net)
                 13.09    0.00   32.52 ^ _222290_/A (NOR2x1_ASAP7_75t_R)
     1    0.55    8.80    8.72   41.24 v _222290_/Y (NOR2x1_ASAP7_75t_R)
                                         _056384_ (net)
                  8.80    0.00   41.24 v fully_connected.valid_out_fc$_SDFF_PN0_/D (DFFHQNx1_ASAP7_75t_R)
                                 41.24   data arrival time

                  0.00    0.00    0.00   clock clk (rise edge)
                          0.00    0.00   clock network delay (ideal)
                          0.00    0.00   clock reconvergence pessimism
                                  0.00 ^ fully_connected.valid_out_fc$_SDFF_PN0_/CLK (DFFHQNx1_ASAP7_75t_R)
                          8.39    8.39   library hold time
                                  8.39   data required time
-----------------------------------------------------------------------------
                                  8.39   data required time
                                -41.24   data arrival time
-----------------------------------------------------------------------------
                                 32.84   slack (MET)



==========================================================================
Post synthesis report_checks -path_delay max
--------------------------------------------------------------------------
Startpoint: fully_connected.out_idx[0]$_DFF_P_
            (rising edge-triggered flip-flop clocked by clk)
Endpoint: fully_connected.data_out[11]$_SDFF_PN0_
          (rising edge-triggered flip-flop clocked by clk)
Path Group: clk
Path Type: max

Fanout     Cap    Slew   Delay    Time   Description
-----------------------------------------------------------------------------
                  0.00    0.00    0.00   clock clk (rise edge)
                          0.00    0.00   clock network delay (ideal)
                  0.00    0.00    0.00 ^ fully_connected.out_idx[0]$_DFF_P_/CLK (DFFHQNx1_ASAP7_75t_R)
     4    3.48   29.23   42.88   42.88 ^ fully_connected.out_idx[0]$_DFF_P_/QN (DFFHQNx1_ASAP7_75t_R)
                                         _046169_ (net)
                 29.23    0.00   42.88 ^ _173949_/A (INVx1_ASAP7_75t_R)
     5    4.47   27.38   20.58   63.45 v _173949_/Y (INVx1_ASAP7_75t_R)
                                         fully_connected.out_idx[0] (net)
                 27.38    0.00   63.45 v _238494_/A (HAxp5_ASAP7_75t_R)
     2    2.73   36.19   25.36   88.81 ^ _238494_/CON (HAxp5_ASAP7_75t_R)
                                         _046174_ (net)
                 36.19    0.00   88.81 ^ _122754_/A (BUFx3_ASAP7_75t_R)
    10   10.28   24.03   27.55  116.36 ^ _122754_/Y (BUFx3_ASAP7_75t_R)
                                         _097770_ (net)
                 24.03    0.00  116.36 ^ _122755_/A (INVx1_ASAP7_75t_R)
     4    6.23   34.09   23.54  139.90 v _122755_/Y (INVx1_ASAP7_75t_R)
                                         _097771_ (net)
                 34.09    0.00  139.90 v _122871_/A2 (OAI21x1_ASAP7_75t_R)
     4    3.86   31.33   22.18  162.08 ^ _122871_/Y (OAI21x1_ASAP7_75t_R)
                                         _097838_ (net)
                 31.33    0.00  162.08 ^ _122872_/A (BUFx2_ASAP7_75t_R)
    10    6.58   22.82   26.75  188.83 ^ _122872_/Y (BUFx2_ASAP7_75t_R)
                                         _097839_ (net)
                 22.82    0.00  188.83 ^ _122912_/A (BUFx2_ASAP7_75t_R)
    10    6.89   23.51   25.55  214.38 ^ _122912_/Y (BUFx2_ASAP7_75t_R)
                                         _097855_ (net)
                 23.51    0.00  214.38 ^ _180507_/C (AND3x1_ASAP7_75t_R)
     3    2.79   21.12   26.11  240.50 ^ _180507_/Y (AND3x1_ASAP7_75t_R)
                                         _083598_ (net)
                 21.12    0.00  240.50 ^ _180508_/A (BUFx2_ASAP7_75t_R)
    10   11.04   35.57   30.82  271.32 ^ _180508_/Y (BUFx2_ASAP7_75t_R)
                                         _083599_ (net)
                 35.57    0.00  271.32 ^ _180574_/B (NOR2x1_ASAP7_75t_R)
     1    2.24   19.53   16.73  288.05 v _180574_/Y (NOR2x1_ASAP7_75t_R)
                                         _010464_ (net)
                 19.53    0.00  288.05 v _225147_/B (FAx1_ASAP7_75t_R)
     1    0.68   26.17   18.93  306.98 ^ _225147_/CON (FAx1_ASAP7_75t_R)
                                         _010466_ (net)
     1    0.68   20.86   11.70  318.68 v _225147_/SN (FAx1_ASAP7_75t_R)
                                         _010467_ (net)
                 20.86    0.00  318.68 v _178732_/A (INVx1_ASAP7_75t_R)
     1    2.24   18.22   14.26  332.94 ^ _178732_/Y (INVx1_ASAP7_75t_R)
                                         _010469_ (net)
                 18.22    0.00  332.94 ^ _225166_/B (FAx1_ASAP7_75t_R)
     1    0.68   20.30   29.31  362.25 v _225166_/SN (FAx1_ASAP7_75t_R)
                                         _010553_ (net)
                 20.30    0.00  362.25 v _178726_/A (INVx1_ASAP7_75t_R)
     1    1.65   15.08   12.27  374.52 ^ _178726_/Y (INVx1_ASAP7_75t_R)
                                         _010555_ (net)
                 15.08    0.00  374.52 ^ _225254_/CI (FAx1_ASAP7_75t_R)
     1    0.68   20.23   28.64  403.16 v _225254_/SN (FAx1_ASAP7_75t_R)
                                         _011011_ (net)
                 20.23    0.00  403.16 v _178722_/A (INVx1_ASAP7_75t_R)
     1    1.65   15.07   12.26  415.42 ^ _178722_/Y (INVx1_ASAP7_75t_R)
                                         _011013_ (net)
                 15.07    0.00  415.42 ^ _225362_/CI (FAx1_ASAP7_75t_R)
     1    0.68   20.27   28.64  444.06 v _225362_/SN (FAx1_ASAP7_75t_R)
                                         _011579_ (net)
                 20.27    0.00  444.06 v _178720_/A (INVx1_ASAP7_75t_R)
     1    1.65   15.08   12.26  456.32 ^ _178720_/Y (INVx1_ASAP7_75t_R)
                                         _011581_ (net)
                 15.08    0.00  456.32 ^ _225652_/CI (FAx1_ASAP7_75t_R)
     1    0.68   20.26   28.64  484.96 v _225652_/SN (FAx1_ASAP7_75t_R)
                                         _013098_ (net)
                 20.26    0.00  484.96 v _178718_/A (INVx1_ASAP7_75t_R)
     1    2.24   18.07   14.12  499.08 ^ _178718_/Y (INVx1_ASAP7_75t_R)
                                         _013100_ (net)
                 18.07    0.00  499.08 ^ _225668_/B (FAx1_ASAP7_75t_R)
     1    0.68   20.27   29.27  528.35 v _225668_/SN (FAx1_ASAP7_75t_R)
                                         _013166_ (net)
                 20.27    0.00  528.35 v _178672_/A (INVx1_ASAP7_75t_R)
     1    2.24   18.08   14.12  542.48 ^ _178672_/Y (INVx1_ASAP7_75t_R)
                                         _013168_ (net)
                 18.08    0.00  542.48 ^ _225685_/B (FAx1_ASAP7_75t_R)
     1    0.68   20.27   29.27  571.75 v _225685_/SN (FAx1_ASAP7_75t_R)
                                         _013238_ (net)
                 20.27    0.00  571.75 v _178583_/A (INVx1_ASAP7_75t_R)
     1    2.24   18.08   14.12  585.87 ^ _178583_/Y (INVx1_ASAP7_75t_R)
                                         _013240_ (net)
                 18.08    0.00  585.87 ^ _225702_/B (FAx1_ASAP7_75t_R)
     1    0.68   20.27   29.27  615.14 v _225702_/SN (FAx1_ASAP7_75t_R)
                                         _013308_ (net)
                 20.27    0.00  615.14 v _178456_/A (INVx1_ASAP7_75t_R)
     1    2.24   18.08   14.12  629.26 ^ _178456_/Y (INVx1_ASAP7_75t_R)
                                         _013310_ (net)
                 18.08    0.00  629.26 ^ _225719_/B (FAx1_ASAP7_75t_R)
     1    0.68   20.27   29.27  658.53 v _225719_/SN (FAx1_ASAP7_75t_R)
                                         _013377_ (net)
                 20.27    0.00  658.53 v _176664_/A (INVx1_ASAP7_75t_R)
     1    2.24   18.08   14.12  672.66 ^ _176664_/Y (INVx1_ASAP7_75t_R)
                                         _013379_ (net)
                 18.08    0.00  672.66 ^ _225736_/B (FAx1_ASAP7_75t_R)
     1    0.68   20.27   29.27  701.93 v _225736_/SN (FAx1_ASAP7_75t_R)
                                         _013446_ (net)
                 20.27    0.00  701.93 v _176579_/A (INVx1_ASAP7_75t_R)
     1    2.24   18.08   14.12  716.05 ^ _176579_/Y (INVx1_ASAP7_75t_R)
                                         _013448_ (net)
                 18.08    0.00  716.05 ^ _225753_/B (FAx1_ASAP7_75t_R)
     1    0.68   20.27   29.27  745.32 v _225753_/SN (FAx1_ASAP7_75t_R)
                                         _013515_ (net)
                 20.27    0.00  745.32 v _202936_/A (INVx1_ASAP7_75t_R)
     1    2.24   18.08   14.12  759.45 ^ _202936_/Y (INVx1_ASAP7_75t_R)
                                         _013517_ (net)
                 18.08    0.00  759.45 ^ _225772_/B (FAx1_ASAP7_75t_R)
     1    0.68   20.27   29.27  788.72 v _225772_/SN (FAx1_ASAP7_75t_R)
                                         _013598_ (net)
                 20.27    0.00  788.72 v _202865_/A (INVx1_ASAP7_75t_R)
     1    2.24   18.08   14.12  802.84 ^ _202865_/Y (INVx1_ASAP7_75t_R)
                                         _013600_ (net)
                 18.08    0.00  802.84 ^ _225789_/B (FAx1_ASAP7_75t_R)
     1    0.68   20.27   29.27  832.11 v _225789_/SN (FAx1_ASAP7_75t_R)
                                         _013666_ (net)
                 20.27    0.00  832.11 v _202629_/A (INVx1_ASAP7_75t_R)
     1    2.24   18.08   14.12  846.23 ^ _202629_/Y (INVx1_ASAP7_75t_R)
                                         _013668_ (net)
                 18.08    0.00  846.23 ^ _225805_/B (FAx1_ASAP7_75t_R)
     1    0.68   20.27   29.27  875.50 v _225805_/SN (FAx1_ASAP7_75t_R)
                                         _013730_ (net)
                 20.27    0.00  875.50 v _193183_/A (INVx1_ASAP7_75t_R)
     1    0.93   11.34    9.56  885.07 ^ _193183_/Y (INVx1_ASAP7_75t_R)
                                         _013732_ (net)
                 11.34    0.00  885.07 ^ _238140_/B (HAxp5_ASAP7_75t_R)
     2    2.31   29.66   38.55  923.61 v _238140_/SN (HAxp5_ASAP7_75t_R)
                                         _045039_ (net)
                 29.66    0.00  923.61 v _162469_/A1 (OAI21x1_ASAP7_75t_R)
     1    0.63   15.03   12.95  936.56 ^ _162469_/Y (OAI21x1_ASAP7_75t_R)
                                         _071603_ (net)
                 15.03    0.00  936.56 ^ _162470_/B (AO21x1_ASAP7_75t_R)
     1    0.68    7.59   12.79  949.35 ^ _162470_/Y (AO21x1_ASAP7_75t_R)
                                         _071604_ (net)
                  7.59    0.00  949.35 ^ _162471_/A (INVx1_ASAP7_75t_R)
     3    3.25   17.51   11.43  960.77 v _162471_/Y (INVx1_ASAP7_75t_R)
                                         _071605_ (net)
                 17.51    0.00  960.77 v _162472_/A2 (OAI21x1_ASAP7_75t_R)
     2    1.69   23.75   12.96  973.73 ^ _162472_/Y (OAI21x1_ASAP7_75t_R)
                                         _071606_ (net)
                 23.75    0.00  973.73 ^ _162473_/B (NAND2x1_ASAP7_75t_R)
     2    1.66   14.39   11.01  984.74 v _162473_/Y (NAND2x1_ASAP7_75t_R)
                                         _071607_ (net)
                 14.39    0.00  984.74 v _162474_/B (NAND2x1_ASAP7_75t_R)
     3    2.36   21.31   13.86  998.60 ^ _162474_/Y (NAND2x1_ASAP7_75t_R)
                                         _071608_ (net)
                 21.31    0.00  998.60 ^ _162477_/A1 (AO21x1_ASAP7_75t_R)
     4    3.01   20.95   21.54 1020.14 ^ _162477_/Y (AO21x1_ASAP7_75t_R)
                                         _071611_ (net)
                 20.95    0.00 1020.14 ^ _162480_/A (AND3x1_ASAP7_75t_R)
     2    1.73   15.11   23.52 1043.65 ^ _162480_/Y (AND3x1_ASAP7_75t_R)
                                         _071614_ (net)
                 15.11    0.00 1043.65 ^ _162482_/A2 (OAI21x1_ASAP7_75t_R)
     4    3.36   20.64   13.47 1057.12 v _162482_/Y (OAI21x1_ASAP7_75t_R)
                                         _071616_ (net)
                 20.64    0.00 1057.12 v _162484_/A2 (OAI21x1_ASAP7_75t_R)
     4    2.92   30.17   17.04 1074.16 ^ _162484_/Y (OAI21x1_ASAP7_75t_R)
                                         _071618_ (net)
                 30.17    0.00 1074.16 ^ _162486_/A (AND2x2_ASAP7_75t_R)
     1    1.10    7.92   18.07 1092.23 ^ _162486_/Y (AND2x2_ASAP7_75t_R)
                                         _071620_ (net)
                  7.92    0.00 1092.23 ^ _162487_/B (NOR2x1_ASAP7_75t_R)
     2    1.65   14.64    8.97 1101.20 v _162487_/Y (NOR2x1_ASAP7_75t_R)
                                         _071621_ (net)
                 14.64    0.00 1101.20 v _162488_/B (OR2x2_ASAP7_75t_R)
     4    3.38   12.96   22.28 1123.48 v _162488_/Y (OR2x2_ASAP7_75t_R)
                                         _071622_ (net)
                 12.96    0.00 1123.48 v _222245_/A2 (OAI21x1_ASAP7_75t_R)
     2    1.82   23.95   12.31 1135.79 ^ _222245_/Y (OAI21x1_ASAP7_75t_R)
                                         _096385_ (net)
                 23.95    0.00 1135.79 ^ _222246_/B (AND2x2_ASAP7_75t_R)
     1    2.04   10.55   20.41 1156.21 ^ _222246_/Y (AND2x2_ASAP7_75t_R)
                                         _096386_ (net)
                 10.55    0.00 1156.21 ^ _222248_/A (NOR2x2_ASAP7_75t_R)
     1    0.62    7.65    7.52 1163.73 v _222248_/Y (NOR2x2_ASAP7_75t_R)
                                         _056383_ (net)
                  7.65    0.00 1163.73 v fully_connected.data_out[11]$_SDFF_PN0_/D (DFFHQNx1_ASAP7_75t_R)
                               1163.73   data arrival time

                  0.00  400.00  400.00   clock clk (rise edge)
                          0.00  400.00   clock network delay (ideal)
                          0.00  400.00   clock reconvergence pessimism
                                400.00 ^ fully_connected.data_out[11]$_SDFF_PN0_/CLK (DFFHQNx1_ASAP7_75t_R)
                         -8.54  391.46   library setup time
                                391.46   data required time
-----------------------------------------------------------------------------
                                391.46   data required time
                               -1163.73   data arrival time
-----------------------------------------------------------------------------
                               -772.26   slack (VIOLATED)



==========================================================================
Post synthesis report_checks -unconstrained
--------------------------------------------------------------------------
Startpoint: fully_connected.out_idx[0]$_DFF_P_
            (rising edge-triggered flip-flop clocked by clk)
Endpoint: fully_connected.data_out[11]$_SDFF_PN0_
          (rising edge-triggered flip-flop clocked by clk)
Path Group: clk
Path Type: max

Fanout     Cap    Slew   Delay    Time   Description
-----------------------------------------------------------------------------
                  0.00    0.00    0.00   clock clk (rise edge)
                          0.00    0.00   clock network delay (ideal)
                  0.00    0.00    0.00 ^ fully_connected.out_idx[0]$_DFF_P_/CLK (DFFHQNx1_ASAP7_75t_R)
     4    3.48   29.23   42.88   42.88 ^ fully_connected.out_idx[0]$_DFF_P_/QN (DFFHQNx1_ASAP7_75t_R)
                                         _046169_ (net)
                 29.23    0.00   42.88 ^ _173949_/A (INVx1_ASAP7_75t_R)
     5    4.47   27.38   20.58   63.45 v _173949_/Y (INVx1_ASAP7_75t_R)
                                         fully_connected.out_idx[0] (net)
                 27.38    0.00   63.45 v _238494_/A (HAxp5_ASAP7_75t_R)
     2    2.73   36.19   25.36   88.81 ^ _238494_/CON (HAxp5_ASAP7_75t_R)
                                         _046174_ (net)
                 36.19    0.00   88.81 ^ _122754_/A (BUFx3_ASAP7_75t_R)
    10   10.28   24.03   27.55  116.36 ^ _122754_/Y (BUFx3_ASAP7_75t_R)
                                         _097770_ (net)
                 24.03    0.00  116.36 ^ _122755_/A (INVx1_ASAP7_75t_R)
     4    6.23   34.09   23.54  139.90 v _122755_/Y (INVx1_ASAP7_75t_R)
                                         _097771_ (net)
                 34.09    0.00  139.90 v _122871_/A2 (OAI21x1_ASAP7_75t_R)
     4    3.86   31.33   22.18  162.08 ^ _122871_/Y (OAI21x1_ASAP7_75t_R)
                                         _097838_ (net)
                 31.33    0.00  162.08 ^ _122872_/A (BUFx2_ASAP7_75t_R)
    10    6.58   22.82   26.75  188.83 ^ _122872_/Y (BUFx2_ASAP7_75t_R)
                                         _097839_ (net)
                 22.82    0.00  188.83 ^ _122912_/A (BUFx2_ASAP7_75t_R)
    10    6.89   23.51   25.55  214.38 ^ _122912_/Y (BUFx2_ASAP7_75t_R)
                                         _097855_ (net)
                 23.51    0.00  214.38 ^ _180507_/C (AND3x1_ASAP7_75t_R)
     3    2.79   21.12   26.11  240.50 ^ _180507_/Y (AND3x1_ASAP7_75t_R)
                                         _083598_ (net)
                 21.12    0.00  240.50 ^ _180508_/A (BUFx2_ASAP7_75t_R)
    10   11.04   35.57   30.82  271.32 ^ _180508_/Y (BUFx2_ASAP7_75t_R)
                                         _083599_ (net)
                 35.57    0.00  271.32 ^ _180574_/B (NOR2x1_ASAP7_75t_R)
     1    2.24   19.53   16.73  288.05 v _180574_/Y (NOR2x1_ASAP7_75t_R)
                                         _010464_ (net)
                 19.53    0.00  288.05 v _225147_/B (FAx1_ASAP7_75t_R)
     1    0.68   26.17   18.93  306.98 ^ _225147_/CON (FAx1_ASAP7_75t_R)
                                         _010466_ (net)
     1    0.68   20.86   11.70  318.68 v _225147_/SN (FAx1_ASAP7_75t_R)
                                         _010467_ (net)
                 20.86    0.00  318.68 v _178732_/A (INVx1_ASAP7_75t_R)
     1    2.24   18.22   14.26  332.94 ^ _178732_/Y (INVx1_ASAP7_75t_R)
                                         _010469_ (net)
                 18.22    0.00  332.94 ^ _225166_/B (FAx1_ASAP7_75t_R)
     1    0.68   20.30   29.31  362.25 v _225166_/SN (FAx1_ASAP7_75t_R)
                                         _010553_ (net)
                 20.30    0.00  362.25 v _178726_/A (INVx1_ASAP7_75t_R)
     1    1.65   15.08   12.27  374.52 ^ _178726_/Y (INVx1_ASAP7_75t_R)
                                         _010555_ (net)
                 15.08    0.00  374.52 ^ _225254_/CI (FAx1_ASAP7_75t_R)
     1    0.68   20.23   28.64  403.16 v _225254_/SN (FAx1_ASAP7_75t_R)
                                         _011011_ (net)
                 20.23    0.00  403.16 v _178722_/A (INVx1_ASAP7_75t_R)
     1    1.65   15.07   12.26  415.42 ^ _178722_/Y (INVx1_ASAP7_75t_R)
                                         _011013_ (net)
                 15.07    0.00  415.42 ^ _225362_/CI (FAx1_ASAP7_75t_R)
     1    0.68   20.27   28.64  444.06 v _225362_/SN (FAx1_ASAP7_75t_R)
                                         _011579_ (net)
                 20.27    0.00  444.06 v _178720_/A (INVx1_ASAP7_75t_R)
     1    1.65   15.08   12.26  456.32 ^ _178720_/Y (INVx1_ASAP7_75t_R)
                                         _011581_ (net)
                 15.08    0.00  456.32 ^ _225652_/CI (FAx1_ASAP7_75t_R)
     1    0.68   20.26   28.64  484.96 v _225652_/SN (FAx1_ASAP7_75t_R)
                                         _013098_ (net)
                 20.26    0.00  484.96 v _178718_/A (INVx1_ASAP7_75t_R)
     1    2.24   18.07   14.12  499.08 ^ _178718_/Y (INVx1_ASAP7_75t_R)
                                         _013100_ (net)
                 18.07    0.00  499.08 ^ _225668_/B (FAx1_ASAP7_75t_R)
     1    0.68   20.27   29.27  528.35 v _225668_/SN (FAx1_ASAP7_75t_R)
                                         _013166_ (net)
                 20.27    0.00  528.35 v _178672_/A (INVx1_ASAP7_75t_R)
     1    2.24   18.08   14.12  542.48 ^ _178672_/Y (INVx1_ASAP7_75t_R)
                                         _013168_ (net)
                 18.08    0.00  542.48 ^ _225685_/B (FAx1_ASAP7_75t_R)
     1    0.68   20.27   29.27  571.75 v _225685_/SN (FAx1_ASAP7_75t_R)
                                         _013238_ (net)
                 20.27    0.00  571.75 v _178583_/A (INVx1_ASAP7_75t_R)
     1    2.24   18.08   14.12  585.87 ^ _178583_/Y (INVx1_ASAP7_75t_R)
                                         _013240_ (net)
                 18.08    0.00  585.87 ^ _225702_/B (FAx1_ASAP7_75t_R)
     1    0.68   20.27   29.27  615.14 v _225702_/SN (FAx1_ASAP7_75t_R)
                                         _013308_ (net)
                 20.27    0.00  615.14 v _178456_/A (INVx1_ASAP7_75t_R)
     1    2.24   18.08   14.12  629.26 ^ _178456_/Y (INVx1_ASAP7_75t_R)
                                         _013310_ (net)
                 18.08    0.00  629.26 ^ _225719_/B (FAx1_ASAP7_75t_R)
     1    0.68   20.27   29.27  658.53 v _225719_/SN (FAx1_ASAP7_75t_R)
                                         _013377_ (net)
                 20.27    0.00  658.53 v _176664_/A (INVx1_ASAP7_75t_R)
     1    2.24   18.08   14.12  672.66 ^ _176664_/Y (INVx1_ASAP7_75t_R)
                                         _013379_ (net)
                 18.08    0.00  672.66 ^ _225736_/B (FAx1_ASAP7_75t_R)
     1    0.68   20.27   29.27  701.93 v _225736_/SN (FAx1_ASAP7_75t_R)
                                         _013446_ (net)
                 20.27    0.00  701.93 v _176579_/A (INVx1_ASAP7_75t_R)
     1    2.24   18.08   14.12  716.05 ^ _176579_/Y (INVx1_ASAP7_75t_R)
                                         _013448_ (net)
                 18.08    0.00  716.05 ^ _225753_/B (FAx1_ASAP7_75t_R)
     1    0.68   20.27   29.27  745.32 v _225753_/SN (FAx1_ASAP7_75t_R)
                                         _013515_ (net)
                 20.27    0.00  745.32 v _202936_/A (INVx1_ASAP7_75t_R)
     1    2.24   18.08   14.12  759.45 ^ _202936_/Y (INVx1_ASAP7_75t_R)
                                         _013517_ (net)
                 18.08    0.00  759.45 ^ _225772_/B (FAx1_ASAP7_75t_R)
     1    0.68   20.27   29.27  788.72 v _225772_/SN (FAx1_ASAP7_75t_R)
                                         _013598_ (net)
                 20.27    0.00  788.72 v _202865_/A (INVx1_ASAP7_75t_R)
     1    2.24   18.08   14.12  802.84 ^ _202865_/Y (INVx1_ASAP7_75t_R)
                                         _013600_ (net)
                 18.08    0.00  802.84 ^ _225789_/B (FAx1_ASAP7_75t_R)
     1    0.68   20.27   29.27  832.11 v _225789_/SN (FAx1_ASAP7_75t_R)
                                         _013666_ (net)
                 20.27    0.00  832.11 v _202629_/A (INVx1_ASAP7_75t_R)
     1    2.24   18.08   14.12  846.23 ^ _202629_/Y (INVx1_ASAP7_75t_R)
                                         _013668_ (net)
                 18.08    0.00  846.23 ^ _225805_/B (FAx1_ASAP7_75t_R)
     1    0.68   20.27   29.27  875.50 v _225805_/SN (FAx1_ASAP7_75t_R)
                                         _013730_ (net)
                 20.27    0.00  875.50 v _193183_/A (INVx1_ASAP7_75t_R)
     1    0.93   11.34    9.56  885.07 ^ _193183_/Y (INVx1_ASAP7_75t_R)
                                         _013732_ (net)
                 11.34    0.00  885.07 ^ _238140_/B (HAxp5_ASAP7_75t_R)
     2    2.31   29.66   38.55  923.61 v _238140_/SN (HAxp5_ASAP7_75t_R)
                                         _045039_ (net)
                 29.66    0.00  923.61 v _162469_/A1 (OAI21x1_ASAP7_75t_R)
     1    0.63   15.03   12.95  936.56 ^ _162469_/Y (OAI21x1_ASAP7_75t_R)
                                         _071603_ (net)
                 15.03    0.00  936.56 ^ _162470_/B (AO21x1_ASAP7_75t_R)
     1    0.68    7.59   12.79  949.35 ^ _162470_/Y (AO21x1_ASAP7_75t_R)
                                         _071604_ (net)
                  7.59    0.00  949.35 ^ _162471_/A (INVx1_ASAP7_75t_R)
     3    3.25   17.51   11.43  960.77 v _162471_/Y (INVx1_ASAP7_75t_R)
                                         _071605_ (net)
                 17.51    0.00  960.77 v _162472_/A2 (OAI21x1_ASAP7_75t_R)
     2    1.69   23.75   12.96  973.73 ^ _162472_/Y (OAI21x1_ASAP7_75t_R)
                                         _071606_ (net)
                 23.75    0.00  973.73 ^ _162473_/B (NAND2x1_ASAP7_75t_R)
     2    1.66   14.39   11.01  984.74 v _162473_/Y (NAND2x1_ASAP7_75t_R)
                                         _071607_ (net)
                 14.39    0.00  984.74 v _162474_/B (NAND2x1_ASAP7_75t_R)
     3    2.36   21.31   13.86  998.60 ^ _162474_/Y (NAND2x1_ASAP7_75t_R)
                                         _071608_ (net)
                 21.31    0.00  998.60 ^ _162477_/A1 (AO21x1_ASAP7_75t_R)
     4    3.01   20.95   21.54 1020.14 ^ _162477_/Y (AO21x1_ASAP7_75t_R)
                                         _071611_ (net)
                 20.95    0.00 1020.14 ^ _162480_/A (AND3x1_ASAP7_75t_R)
     2    1.73   15.11   23.52 1043.65 ^ _162480_/Y (AND3x1_ASAP7_75t_R)
                                         _071614_ (net)
                 15.11    0.00 1043.65 ^ _162482_/A2 (OAI21x1_ASAP7_75t_R)
     4    3.36   20.64   13.47 1057.12 v _162482_/Y (OAI21x1_ASAP7_75t_R)
                                         _071616_ (net)
                 20.64    0.00 1057.12 v _162484_/A2 (OAI21x1_ASAP7_75t_R)
     4    2.92   30.17   17.04 1074.16 ^ _162484_/Y (OAI21x1_ASAP7_75t_R)
                                         _071618_ (net)
                 30.17    0.00 1074.16 ^ _162486_/A (AND2x2_ASAP7_75t_R)
     1    1.10    7.92   18.07 1092.23 ^ _162486_/Y (AND2x2_ASAP7_75t_R)
                                         _071620_ (net)
                  7.92    0.00 1092.23 ^ _162487_/B (NOR2x1_ASAP7_75t_R)
     2    1.65   14.64    8.97 1101.20 v _162487_/Y (NOR2x1_ASAP7_75t_R)
                                         _071621_ (net)
                 14.64    0.00 1101.20 v _162488_/B (OR2x2_ASAP7_75t_R)
     4    3.38   12.96   22.28 1123.48 v _162488_/Y (OR2x2_ASAP7_75t_R)
                                         _071622_ (net)
                 12.96    0.00 1123.48 v _222245_/A2 (OAI21x1_ASAP7_75t_R)
     2    1.82   23.95   12.31 1135.79 ^ _222245_/Y (OAI21x1_ASAP7_75t_R)
                                         _096385_ (net)
                 23.95    0.00 1135.79 ^ _222246_/B (AND2x2_ASAP7_75t_R)
     1    2.04   10.55   20.41 1156.21 ^ _222246_/Y (AND2x2_ASAP7_75t_R)
                                         _096386_ (net)
                 10.55    0.00 1156.21 ^ _222248_/A (NOR2x2_ASAP7_75t_R)
     1    0.62    7.65    7.52 1163.73 v _222248_/Y (NOR2x2_ASAP7_75t_R)
                                         _056383_ (net)
                  7.65    0.00 1163.73 v fully_connected.data_out[11]$_SDFF_PN0_/D (DFFHQNx1_ASAP7_75t_R)
                               1163.73   data arrival time

                  0.00  400.00  400.00   clock clk (rise edge)
                          0.00  400.00   clock network delay (ideal)
                          0.00  400.00   clock reconvergence pessimism
                                400.00 ^ fully_connected.data_out[11]$_SDFF_PN0_/CLK (DFFHQNx1_ASAP7_75t_R)
                         -8.54  391.46   library setup time
                                391.46   data required time
-----------------------------------------------------------------------------
                                391.46   data required time
                               -1163.73   data arrival time
-----------------------------------------------------------------------------
                               -772.26   slack (VIOLATED)



==========================================================================
Post synthesis report_power
--------------------------------------------------------------------------
Group                  Internal  Switching    Leakage      Total
                          Power      Power      Power      Power (Watts)
----------------------------------------------------------------
Sequential             2.62e-02   6.45e-04   9.38e-07   2.68e-02  15.0%
Combinational          6.46e-02   8.72e-02   9.05e-06   1.52e-01  85.0%
Clock                  0.00e+00   0.00e+00   0.00e+00   0.00e+00   0.0%
Macro                  0.00e+00   0.00e+00   0.00e+00   0.00e+00   0.0%
Pad                    0.00e+00   0.00e+00   0.00e+00   0.00e+00   0.0%
----------------------------------------------------------------
Total                  9.08e-02   8.79e-02   9.98e-06   1.79e-01 100.0%
                          50.8%      49.2%       0.0%
